<html>
<body>
<pre>
<h1>µVision Build Log</h1>
<h2>Tool Versions:</h2>
IDE-Version: ¦ÌVision V5.38.0.0
Copyright (C) 2022 ARM Ltd and ARM Germany GmbH. All rights reserved.
License Information: 1 1, 1, LIC=UB4EI-TI63K-24WSS-LD52P-GU9X5-DV4TT
 
Tool Versions:
Toolchain:       MDK-ARM Professional  Version: 5.38.0.0
Toolchain Path:  C:\Keil_v5\ARM\ARMCLANG\Bin
C Compiler:      ArmClang.exe V6.19
Assembler:       Armasm.exe V6.19
Linker/Locator:  ArmLink.exe V6.19
Library Manager: ArmAr.exe V6.19
Hex Converter:   FromElf.exe V6.19
CPU DLL:         SARMCM3.DLL V5.38.0.0
Dialog DLL:      DCM.DLL V1.17.5.0
Target DLL:      CMSIS_AGDI.dll V1.33.15.0
Dialog DLL:      TCM.DLL V1.56.4.0
 
<h2>Project:</h2>
D:\Desktop\lanqiao\An\learn\test04_adc\MDK-ARM\test04_adc.uvprojx
Project File Date:  04/12/2025

<h2>Output:</h2>
*** Using Compiler 'V6.19', folder: 'C:\Keil_v5\ARM\ARMCLANG\Bin'
Rebuild target 'test04_adc'
compiling adc.c...
compiling stm32g4xx_ll_adc.c...
compiling gpio.c...
compiling main.c...
compiling stm32g4xx_hal_msp.c...
assembling startup_stm32g431xx.s...
compiling stm32g4xx_it.c...
compiling usart.c...
compiling stm32g4xx_hal.c...
compiling stm32g4xx_hal_rcc.c...
compiling stm32g4xx_hal_flash.c...
compiling stm32g4xx_hal_rcc_ex.c...
compiling stm32g4xx_hal_adc_ex.c...
compiling stm32g4xx_hal_flash_ramfunc.c...
compiling stm32g4xx_hal_adc.c...
compiling stm32g4xx_hal_dma_ex.c...
compiling stm32g4xx_hal_exti.c...
compiling stm32g4xx_hal_flash_ex.c...
compiling stm32g4xx_hal_gpio.c...
compiling stm32g4xx_hal_pwr.c...
compiling stm32g4xx_hal_dma.c...
compiling stm32g4xx_hal_tim.c...
compiling stm32g4xx_hal_pwr_ex.c...
compiling stm32g4xx_hal_tim_ex.c...
compiling stm32g4xx_hal_cortex.c...
compiling system_stm32g4xx.c...
../code/fun.c(8): warning: 'sprintf' will always overflow; destination buffer has size 20, but format string expands to at least 21 [-Wfortify-source]
        sprintf(text,"        test        ");   //<B0>Ñº<F3><C3><E6><B5><C4><D7>Ö·<FB><BF><BD><B1><B4><B5><BD>text<C0><EF><C3><E6> 
        ^
../code/fun.c(11): warning: 'sprintf' will always overflow; destination buffer has size 20, but format string expands to at least 21 [-Wfortify-source]
        sprintf(text,"   R38_vol:%.2fV    ",get_vol(&hadc1));
        ^
../code/fun.c(14): warning: 'sprintf' will always overflow; destination buffer has size 20, but format string expands to at least 21 [-Wfortify-source]
        sprintf(text,"   R37_vol:%.2fV    ",get_vol(&hadc2));  
        ^
3 warnings generated.
compiling fun.c...
compiling stm32g4xx_hal_uart_ex.c...
../code/lcd.c(201): warning: passing 'char[21]' to parameter of type 'u8 *' (aka 'unsigned char *') converts between pointers to integer types where one is of the unique plain 'char' type and the other is not [-Wpointer-sign]
    LCD_DisplayStringLine(Line, "                    ");
                                ^~~~~~~~~~~~~~~~~~~~~~
../code/lcd.h(187): note: passing argument to parameter 'ptr' here
void LCD_DisplayStringLine(u8 Line, u8 *ptr);
                                        ^
1 warning generated.
compiling lcd.c...
compiling stm32g4xx_hal_uart.c...
linking...
Program Size: Code=26780 RO-data=5144 RW-data=20 ZI-data=1428  
FromELF: creating hex file...
"test04_adc\test04_adc.axf" - 0 Error(s), 4 Warning(s).

<h2>Software Packages used:</h2>

Package Vendor: ARM
                http://www.keil.com/pack/ARM.CMSIS.5.9.0.pack
                ARM.CMSIS.5.9.0
                CMSIS (Common Microcontroller Software Interface Standard)
   * Component: CORE Version: 5.6.0

Package Vendor: Keil
                http://www.keil.com/pack/Keil.STM32G4xx_DFP.1.2.0.pack
                Keil.STM32G4xx_DFP.1.2.0
                STMicroelectronics STM32G4 Series Device Support, Drivers and Examples

<h2>Collection of Component include folders:</h2>
  ./RTE/_test04_adc
  C:/Users/86152/AppData/Local/Arm/Packs/ARM/CMSIS/5.9.0/CMSIS/Core/Include
  C:/Users/86152/AppData/Local/Arm/Packs/Keil/STM32G4xx_DFP/1.2.0/Drivers/CMSIS/Device/ST/STM32G4xx/Include

<h2>Collection of Component Files used:</h2>

   * Component: ARM::CMSIS:CORE:5.6.0
      Include file:  CMSIS/Core/Include/tz_context.h
Build Time Elapsed:  00:00:02
</pre>
</body>
</html>
