Component: Arm Compiler for Embedded 6.19 Tool: armlink [5e73cb00]

==============================================================================

Section Cross References

    startup_stm32g431xx.o(STACK) refers (Special) to heapauxi.o(.text) for __use_two_region_memory
    startup_stm32g431xx.o(HEAP) refers (Special) to heapauxi.o(.text) for __use_two_region_memory
    startup_stm32g431xx.o(RESET) refers (Special) to heapauxi.o(.text) for __use_two_region_memory
    startup_stm32g431xx.o(RESET) refers to startup_stm32g431xx.o(STACK) for __initial_sp
    startup_stm32g431xx.o(RESET) refers to startup_stm32g431xx.o(.text) for Reset_Handler
    startup_stm32g431xx.o(RESET) refers to stm32g4xx_it.o(.text.NMI_Handler) for NMI_Handler
    startup_stm32g431xx.o(RESET) refers to stm32g4xx_it.o(.text.HardFault_Handler) for HardFault_Handler
    startup_stm32g431xx.o(RESET) refers to stm32g4xx_it.o(.text.MemManage_Handler) for MemManage_Handler
    startup_stm32g431xx.o(RESET) refers to stm32g4xx_it.o(.text.BusFault_Handler) for BusFault_Handler
    startup_stm32g431xx.o(RESET) refers to stm32g4xx_it.o(.text.UsageFault_Handler) for UsageFault_Handler
    startup_stm32g431xx.o(RESET) refers to stm32g4xx_it.o(.text.SVC_Handler) for SVC_Handler
    startup_stm32g431xx.o(RESET) refers to stm32g4xx_it.o(.text.DebugMon_Handler) for DebugMon_Handler
    startup_stm32g431xx.o(RESET) refers to stm32g4xx_it.o(.text.PendSV_Handler) for PendSV_Handler
    startup_stm32g431xx.o(RESET) refers to stm32g4xx_it.o(.text.SysTick_Handler) for SysTick_Handler
    startup_stm32g431xx.o(RESET) refers to stm32g4xx_it.o(.text.TIM2_IRQHandler) for TIM2_IRQHandler
    startup_stm32g431xx.o(.text) refers (Special) to heapauxi.o(.text) for __use_two_region_memory
    startup_stm32g431xx.o(.text) refers to system_stm32g4xx.o(.text.SystemInit) for SystemInit
    startup_stm32g431xx.o(.text) refers to __main.o(!!!main) for __main
    startup_stm32g431xx.o(.text) refers to startup_stm32g431xx.o(HEAP) for Heap_Mem
    startup_stm32g431xx.o(.text) refers to startup_stm32g431xx.o(STACK) for Stack_Mem
    main.o(.text.main) refers to stm32g4xx_hal.o(.text.HAL_Init) for HAL_Init
    main.o(.text.main) refers to main.o(.text.SystemClock_Config) for SystemClock_Config
    main.o(.text.main) refers to gpio.o(.text.MX_GPIO_Init) for MX_GPIO_Init
    main.o(.text.main) refers to adc.o(.text.MX_ADC2_Init) for MX_ADC2_Init
    main.o(.text.main) refers to tim.o(.text.MX_TIM2_Init) for MX_TIM2_Init
    main.o(.text.main) refers to stm32g4xx_hal_gpio.o(.text.HAL_GPIO_WritePin) for HAL_GPIO_WritePin
    main.o(.text.main) refers to lcd.o(.text.LCD_Init) for LCD_Init
    main.o(.text.main) refers to lcd.o(.text.LCD_Clear) for LCD_Clear
    main.o(.text.main) refers to lcd.o(.text.LCD_SetBackColor) for LCD_SetBackColor
    main.o(.text.main) refers to lcd.o(.text.LCD_SetTextColor) for LCD_SetTextColor
    main.o(.text.main) refers to i2c_hal.o(.text.I2CInit) for I2CInit
    main.o(.text.main) refers to tim.o(.bss.htim2) for htim2
    main.o(.text.main) refers to stm32g4xx_hal_tim.o(.text.HAL_TIM_Base_Start_IT) for HAL_TIM_Base_Start_IT
    main.o(.text.main) refers to i2c_hal.o(.text.eeprom_read) for eeprom_read
    main.o(.text.main) refers to i2c_hal.o(.text.eeprom_write) for eeprom_write
    main.o(.text.main) refers to key.o(.bss.pwd_real) for pwd_real
    main.o(.text.main) refers to my_lcd.o(.text.lcd_show) for lcd_show
    main.o(.text.main) refers to key.o(.text.key_scan) for key_scan
    main.o(.ARM.exidx.text.main) refers to main.o(.text.main) for [Anonymous Symbol]
    main.o(.text.SystemClock_Config) refers to rt_memclr_w.o(.text) for __aeabi_memclr4
    main.o(.text.SystemClock_Config) refers to stm32g4xx_hal_pwr_ex.o(.text.HAL_PWREx_ControlVoltageScaling) for HAL_PWREx_ControlVoltageScaling
    main.o(.text.SystemClock_Config) refers to stm32g4xx_hal_rcc.o(.text.HAL_RCC_OscConfig) for HAL_RCC_OscConfig
    main.o(.text.SystemClock_Config) refers to main.o(.text.Error_Handler) for Error_Handler
    main.o(.text.SystemClock_Config) refers to stm32g4xx_hal_rcc.o(.text.HAL_RCC_ClockConfig) for HAL_RCC_ClockConfig
    main.o(.ARM.exidx.text.SystemClock_Config) refers to main.o(.text.SystemClock_Config) for [Anonymous Symbol]
    main.o(.ARM.exidx.text.Error_Handler) refers to main.o(.text.Error_Handler) for [Anonymous Symbol]
    gpio.o(.text.MX_GPIO_Init) refers to stm32g4xx_hal_gpio.o(.text.HAL_GPIO_WritePin) for HAL_GPIO_WritePin
    gpio.o(.text.MX_GPIO_Init) refers to stm32g4xx_hal_gpio.o(.text.HAL_GPIO_Init) for HAL_GPIO_Init
    gpio.o(.ARM.exidx.text.MX_GPIO_Init) refers to gpio.o(.text.MX_GPIO_Init) for [Anonymous Symbol]
    adc.o(.text.MX_ADC2_Init) refers to adc.o(.bss.hadc2) for hadc2
    adc.o(.text.MX_ADC2_Init) refers to stm32g4xx_hal_adc.o(.text.HAL_ADC_Init) for HAL_ADC_Init
    adc.o(.text.MX_ADC2_Init) refers to main.o(.text.Error_Handler) for Error_Handler
[...]
    .L.str.3                                 0x08008684   Data          20  my_lcd.o(.rodata.str1.1)
    .L.str.1                                 0x08008698   Data          20  my_lcd.o(.rodata.str1.1)
    locale$$data                             0x080086cc   Section       28  lc_numeric_c.o(locale$$data)
    __lcnum_c_name                           0x080086d0   Data           2  lc_numeric_c.o(locale$$data)
    __lcnum_c_start                          0x080086d8   Data           0  lc_numeric_c.o(locale$$data)
    __lcnum_c_point                          0x080086e4   Data           0  lc_numeric_c.o(locale$$data)
    __lcnum_c_thousands                      0x080086e6   Data           0  lc_numeric_c.o(locale$$data)
    __lcnum_c_grouping                       0x080086e7   Data           0  lc_numeric_c.o(locale$$data)
    __lcnum_c_end                            0x080086e8   Data           0  lc_numeric_c.o(locale$$data)
    locale$$data                             0x080086e8   Section      272  lc_ctype_c.o(locale$$data)
    __lcctype_c_name                         0x080086ec   Data           2  lc_ctype_c.o(locale$$data)
    __lcctype_c_start                        0x080086f4   Data           0  lc_ctype_c.o(locale$$data)
    __lcctype_c_end                          0x080087f8   Data           0  lc_ctype_c.o(locale$$data)
    BackColor                                0x20000002   Data           2  lcd.o(.data.BackColor)
    [Anonymous Symbol]                       0x20000002   Section        0  lcd.o(.data.BackColor)
    .bss                                     0x20000018   Section       96  libspace.o(.bss)
    TextColor                                0x2000007a   Data           2  lcd.o(.bss.TextColor)
    [Anonymous Symbol]                       0x2000007a   Section        0  lcd.o(.bss.TextColor)
    Heap_Mem                                 0x20000160   Data         512  startup_stm32g431xx.o(HEAP)
    HEAP                                     0x20000160   Section      512  startup_stm32g431xx.o(HEAP)
    Stack_Mem                                0x20000360   Data        1024  startup_stm32g431xx.o(STACK)
    STACK                                    0x20000360   Section     1024  startup_stm32g431xx.o(STACK)
    __initial_sp                             0x20000760   Data           0  startup_stm32g431xx.o(STACK)

    Global Symbols

    Symbol Name                              Value     Ov Type        Size  Object(Section)

    BuildAttributes$$THM_ISAv4$E$P$D$K$B$S$7EM$VFPi3$EXTD16$VFPS$VFMA$PE$A:L22UL41UL21$X:L11$S22US41US21$IEEE1$IW$~IW$USESV6$~STKCKD$USESV7$~SHL$OTIME$ROPI$IEEEJ$EBA8$UX$STANDARDLIB$REQ8$PRES8$EABIv2 0x00000000   Number         0  anon$$obj.o ABSOLUTE
    _printf_flags                            0x00000000   Number         0  printf_stubs.o ABSOLUTE
    _printf_return_value                     0x00000000   Number         0  printf_stubs.o ABSOLUTE
    _printf_sizespec                         0x00000000   Number         0  printf_stubs.o ABSOLUTE
    _printf_widthprec                        0x00000000   Number         0  printf_stubs.o ABSOLUTE
    __ARM_exceptions_init                     - Undefined Weak Reference
    __alloca_initialize                       - Undefined Weak Reference
    __arm_preinit_                            - Undefined Weak Reference
    __arm_relocate_pie_                       - Undefined Weak Reference
    __cpp_initialize__aeabi_                  - Undefined Weak Reference
    __cxa_finalize                            - Undefined Weak Reference
    __sigvec_lookup                           - Undefined Weak Reference
    _atexit_init                              - Undefined Weak Reference
    _call_atexit_fns                          - Undefined Weak Reference
    _clock_init                               - Undefined Weak Reference
    _fp_trap_init                             - Undefined Weak Reference
    _fp_trap_shutdown                         - Undefined Weak Reference
    _get_lc_collate                           - Undefined Weak Reference
    _get_lc_monetary                          - Undefined Weak Reference
    _get_lc_time                              - Undefined Weak Reference
    _getenv_init                              - Undefined Weak Reference
    _handle_redirection                       - Undefined Weak Reference
    _init_alloc                               - Undefined Weak Reference
    _init_user_alloc                          - Undefined Weak Reference
    _initio                                   - Undefined Weak Reference
    _printf_mbtowc                            - Undefined Weak Reference
    _printf_wc                                - Undefined Weak Reference
    _rand_init                                - Undefined Weak Reference
    _signal_finish                            - Undefined Weak Reference
    _signal_init                              - Undefined Weak Reference
    _terminate_alloc                          - Undefined Weak Reference
    _terminate_user_alloc                     - Undefined Weak Reference
    _terminateio                              - Undefined Weak Reference
    __Vectors_Size                           0x000001d8   Number         0  startup_stm32g431xx.o ABSOLUTE
    __Vectors                                0x08000000   Data           4  startup_stm32g431xx.o(RESET)
    __Vectors_End                            0x080001d8   Data           0  startup_stm32g431xx.o(RESET)
    __main                                   0x080001d9   Thumb Code     8  __main.o(!!!main)
    __scatterload                            0x080001e1   Thumb Code     0  __scatter.o(!!!scatter)
    __scatterload_rt2                        0x080001e1   Thumb Code    44  __scatter.o(!!!scatter)
    __scatterload_rt2_thumb_only             0x080001e1   Thumb Code     0  __scatter.o(!!!scatter)
    __scatterload_null                       0x080001ef   Thumb Code     0  __scatter.o(!!!scatter)
    __scatterload_copy                       0x08000215   Thumb Code    26  __scatter_copy.o(!!handler_copy)
    __scatterload_zeroinit                   0x08000231   Thumb Code    28  __scatter_zi.o(!!handler_zi)
    _printf_n                                0x0800024d   Thumb Code     0  _printf_n.o(.ARM.Collect$$_printf_percent$$00000001)
    _printf_percent                          0x0800024d   Thumb Code     0  _printf_percent.o(.ARM.Collect$$_printf_percent$$00000000)
    _printf_p                                0x08000253   Thumb Code     0  _printf_p.o(.ARM.Collect$$_printf_percent$$00000002)
    _printf_f                                0x08000259   Thumb Code     0  _printf_f.o(.ARM.Collect$$_printf_percent$$00000003)
    _printf_e                                0x0800025f   Thumb Code     0  _printf_e.o(.ARM.Collect$$_printf_percent$$00000004)
    _printf_g                                0x08000265   Thumb Code     0  _printf_g.o(.ARM.Collect$$_printf_percent$$00000005)
    _printf_a                                0x0800026b   Thumb Code     0  _printf_a.o(.ARM.Collect$$_printf_percent$$00000006)
    _printf_ll                               0x08000271   Thumb Code     0  _printf_ll.o(.ARM.Collect$$_printf_percent$$00000007)
    _printf_i                                0x0800027b   Thumb Code     0  _printf_i.o(.ARM.Collect$$_printf_percent$$00000008)
    _printf_d                                0x08000281   Thumb Code     0  _printf_d.o(.ARM.Collect$$_printf_percent$$00000009)
    _printf_u                                0x08000287   Thumb Code     0  _printf_u.o(.ARM.Collect$$_printf_percent$$0000000A)
    _printf_o                                0x0800028d   Thumb Code     0  _printf_o.o(.ARM.Collect$$_printf_percent$$0000000B)
    _printf_x                                0x08000293   Thumb Code     0  _printf_x.o(.ARM.Collect$$_printf_percent$$0000000C)
    _printf_lli                              0x08000299   Thumb Code     0  _printf_lli.o(.ARM.Collect$$_printf_percent$$0000000D)
    _printf_lld                              0x0800029f   Thumb Code     0  _printf_lld.o(.ARM.Collect$$_printf_percent$$0000000E)
    _printf_llu                              0x080002a5   Thumb Code     0  _printf_llu.o(.ARM.Collect$$_printf_percent$$0000000F)
    _printf_llo                              0x080002ab   Thumb Code     0  _printf_llo.o(.ARM.Collect$$_printf_percent$$00000010)
    _printf_llx                              0x080002b1   Thumb Code     0  _printf_llx.o(.ARM.Collect$$_printf_percent$$00000011)
    _printf_l                                0x080002b7   Thumb Code     0  _printf_l.o(.ARM.Collect$$_printf_percent$$00000012)
    _printf_c                                0x080002c1   Thumb Code     0  _printf_c.o(.ARM.Collect$$_printf_percent$$00000013)
    _printf_s                                0x080002c7   Thumb Code     0  _printf_s.o(.ARM.Collect$$_printf_percent$$00000014)
    _printf_lc                               0x080002cd   Thumb Code     0  _printf_lc.o(.ARM.Collect$$_printf_percent$$00000015)
    _printf_ls                               0x080002d3   Thumb Code     0  _printf_ls.o(.ARM.Collect$$_printf_percent$$00000016)
    _printf_percent_end                      0x080002d9   Thumb Code     0  _printf_percent_end.o(.ARM.Collect$$_printf_percent$$00000017)
    __rt_lib_init                            0x080002dd   Thumb Code     0  libinit.o(.ARM.Collect$$libinit$$00000000)
    __rt_lib_init_fp_1                       0x080002df   Thumb Code     0  libinit2.o(.ARM.Collect$$libinit$$00000001)
    __rt_lib_init_heap_1                     0x080002e3   Thumb Code     0  libinit2.o(.ARM.Collect$$libinit$$0000000C)
    __rt_lib_init_lc_common                  0x080002e3   Thumb Code     0  libinit2.o(.ARM.Collect$$libinit$$00000011)
    __rt_lib_init_preinit_1                  0x080002e3   Thumb Code     0  libinit2.o(.ARM.Collect$$libinit$$00000006)
    __rt_lib_init_rand_1                     0x080002e3   Thumb Code     0  libinit2.o(.ARM.Collect$$libinit$$00000010)
    __rt_lib_init_relocate_pie_1             0x080002e3   Thumb Code     0  libinit2.o(.ARM.Collect$$libinit$$00000004)
    __rt_lib_init_user_alloc_1               0x080002e3   Thumb Code     0  libinit2.o(.ARM.Collect$$libinit$$0000000E)
    __rt_lib_init_lc_collate_1               0x080002e9   Thumb Code     0  libinit2.o(.ARM.Collect$$libinit$$00000013)
    __rt_lib_init_lc_ctype_2                 0x080002e9   Thumb Code     0  libinit2.o(.ARM.Collect$$libinit$$00000014)
    __rt_lib_init_lc_ctype_1                 0x080002f5   Thumb Code     0  libinit2.o(.ARM.Collect$$libinit$$00000015)
    __rt_lib_init_lc_monetary_1              0x080002f5   Thumb Code     0  libinit2.o(.ARM.Collect$$libinit$$00000017)
    __rt_lib_init_lc_numeric_2               0x080002f5   Thumb Code     0  libinit2.o(.ARM.Collect$$libinit$$00000018)
    __rt_lib_init_alloca_1                   0x080002ff   Thumb Code     0  libinit2.o(.ARM.Collect$$libinit$$00000030)
    __rt_lib_init_argv_1                     0x080002ff   Thumb Code     0  libinit2.o(.ARM.Collect$$libinit$$0000002E)
    __rt_lib_init_atexit_1                   0x080002ff   Thumb Code     0  libinit2.o(.ARM.Collect$$libinit$$0000001D)
    __rt_lib_init_clock_1                    0x080002ff   Thumb Code     0  libinit2.o(.ARM.Collect$$libinit$$00000023)
    __rt_lib_init_cpp_1                      0x080002ff   Thumb Code     0  libinit2.o(.ARM.Collect$$libinit$$00000034)
    __rt_lib_init_exceptions_1               0x080002ff   Thumb Code     0  libinit2.o(.ARM.Collect$$libinit$$00000032)
    __rt_lib_init_fp_trap_1                  0x080002ff   Thumb Code     0  libinit2.o(.ARM.Collect$$libinit$$00000021)
    __rt_lib_init_getenv_1                   0x080002ff   Thumb Code     0  libinit2.o(.ARM.Collect$$libinit$$00000025)
    __rt_lib_init_lc_numeric_1               0x080002ff   Thumb Code     0  libinit2.o(.ARM.Collect$$libinit$$00000019)
    __rt_lib_init_lc_time_1                  0x080002ff   Thumb Code     0  libinit2.o(.ARM.Collect$$libinit$$0000001B)
    __rt_lib_init_return                     0x080002ff   Thumb Code     0  libinit2.o(.ARM.Collect$$libinit$$00000035)
    __rt_lib_init_signal_1                   0x080002ff   Thumb Code     0  libinit2.o(.ARM.Collect$$libinit$$0000001F)
    __rt_lib_init_stdio_1                    0x080002ff   Thumb Code     0  libinit2.o(.ARM.Collect$$libinit$$00000027)
    __rt_lib_shutdown                        0x08000301   Thumb Code     0  libshutdown.o(.ARM.Collect$$libshutdown$$00000000)
    __rt_lib_shutdown_cpp_1                  0x08000303   Thumb Code     0  libshutdown2.o(.ARM.Collect$$libshutdown$$00000002)
    __rt_lib_shutdown_fp_trap_1              0x08000303   Thumb Code     0  libshutdown2.o(.ARM.Collect$$libshutdown$$00000007)
    __rt_lib_shutdown_heap_1                 0x08000303   Thumb Code     0  libshutdown2.o(.ARM.Collect$$libshutdown$$0000000F)
    __rt_lib_shutdown_return                 0x08000303   Thumb Code     0  libshutdown2.o(.ARM.Collect$$libshutdown$$00000010)
    __rt_lib_shutdown_signal_1               0x08000303   Thumb Code     0  libshutdown2.o(.ARM.Collect$$libshutdown$$0000000A)
    __rt_lib_shutdown_stdio_1                0x08000303   Thumb Code     0  libshutdown2.o(.ARM.Collect$$libshutdown$$00000004)
    __rt_lib_shutdown_user_alloc_1           0x08000303   Thumb Code     0  libshutdown2.o(.ARM.Collect$$libshutdown$$0000000C)
    __rt_entry                               0x08000305   Thumb Code     0  __rtentry.o(.ARM.Collect$$rtentry$$00000000)
    __rt_entry_presh_1                       0x08000305   Thumb Code     0  __rtentry2.o(.ARM.Collect$$rtentry$$00000002)
    __rt_entry_sh                            0x08000305   Thumb Code     0  __rtentry4.o(.ARM.Collect$$rtentry$$00000004)
    __rt_entry_li                            0x0800030b   Thumb Code     0  __rtentry2.o(.ARM.Collect$$rtentry$$0000000A)
    __rt_entry_postsh_1                      0x0800030b   Thumb Code     0  __rtentry2.o(.ARM.Collect$$rtentry$$00000009)
    __rt_entry_main                          0x0800030f   Thumb Code     0  __rtentry2.o(.ARM.Collect$$rtentry$$0000000D)
    __rt_entry_postli_1                      0x0800030f   Thumb Code     0  __rtentry2.o(.ARM.Collect$$rtentry$$0000000C)
    __rt_exit                                0x08000317   Thumb Code     0  rtexit.o(.ARM.Collect$$rtexit$$00000000)
    __rt_exit_ls                             0x08000319   Thumb Code     0  rtexit2.o(.ARM.Collect$$rtexit$$00000003)
    __rt_exit_prels_1                        0x08000319   Thumb Code     0  rtexit2.o(.ARM.Collect$$rtexit$$00000002)
    __rt_exit_exit                           0x0800031d   Thumb Code     0  rtexit2.o(.ARM.Collect$$rtexit$$00000004)
    Reset_Handler                            0x08000325   Thumb Code     8  startup_stm32g431xx.o(.text)
    ADC1_2_IRQHandler                        0x0800033f   Thumb Code     0  startup_stm32g431xx.o(.text)
    COMP1_2_3_IRQHandler                     0x0800033f   Thumb Code     0  startup_stm32g431xx.o(.text)
    COMP4_IRQHandler                         0x0800033f   Thumb Code     0  startup_stm32g431xx.o(.text)
    CORDIC_IRQHandler                        0x0800033f   Thumb Code     0  startup_stm32g431xx.o(.text)
    CRS_IRQHandler                           0x0800033f   Thumb Code     0  startup_stm32g431xx.o(.text)
    DMA1_Channel1_IRQHandler                 0x0800033f   Thumb Code     0  startup_stm32g431xx.o(.text)
    DMA1_Channel2_IRQHandler                 0x0800033f   Thumb Code     0  startup_stm32g431xx.o(.text)
    DMA1_Channel3_IRQHandler                 0x0800033f   Thumb Code     0  startup_stm32g431xx.o(.text)
    DMA1_Channel4_IRQHandler                 0x0800033f   Thumb Code     0  startup_stm32g431xx.o(.text)
    DMA1_Channel5_IRQHandler                 0x0800033f   Thumb Code     0  startup_stm32g431xx.o(.text)
    DMA1_Channel6_IRQHandler                 0x0800033f   Thumb Code     0  startup_stm32g431xx.o(.text)
    DMA2_Channel1_IRQHandler                 0x0800033f   Thumb Code     0  startup_stm32g431xx.o(.text)
    DMA2_Channel2_IRQHandler                 0x0800033f   Thumb Code     0  startup_stm32g431xx.o(.text)
    DMA2_Channel3_IRQHandler                 0x0800033f   Thumb Code     0  startup_stm32g431xx.o(.text)
    DMA2_Channel4_IRQHandler                 0x0800033f   Thumb Code     0  startup_stm32g431xx.o(.text)
    DMA2_Channel5_IRQHandler                 0x0800033f   Thumb Code     0  startup_stm32g431xx.o(.text)
    DMA2_Channel6_IRQHandler                 0x0800033f   Thumb Code     0  startup_stm32g431xx.o(.text)
    DMAMUX_OVR_IRQHandler                    0x0800033f   Thumb Code     0  startup_stm32g431xx.o(.text)
    EXTI0_IRQHandler                         0x0800033f   Thumb Code     0  startup_stm32g431xx.o(.text)
    EXTI15_10_IRQHandler                     0x0800033f   Thumb Code     0  startup_stm32g431xx.o(.text)
    EXTI1_IRQHandler                         0x0800033f   Thumb Code     0  startup_stm32g431xx.o(.text)
    EXTI2_IRQHandler                         0x0800033f   Thumb Code     0  startup_stm32g431xx.o(.text)
    EXTI3_IRQHandler                         0x0800033f   Thumb Code     0  startup_stm32g431xx.o(.text)
    EXTI4_IRQHandler                         0x0800033f   Thumb Code     0  startup_stm32g431xx.o(.text)
    EXTI9_5_IRQHandler                       0x0800033f   Thumb Code     0  startup_stm32g431xx.o(.text)
    FDCAN1_IT0_IRQHandler                    0x0800033f   Thumb Code     0  startup_stm32g431xx.o(.text)
    FDCAN1_IT1_IRQHandler                    0x0800033f   Thumb Code     0  startup_stm32g431xx.o(.text)
    FLASH_IRQHandler                         0x0800033f   Thumb Code     0  startup_stm32g431xx.o(.text)
    FMAC_IRQHandler                          0x0800033f   Thumb Code     0  startup_stm32g431xx.o(.text)
    FPU_IRQHandler                           0x0800033f   Thumb Code     0  startup_stm32g431xx.o(.text)
    I2C1_ER_IRQHandler                       0x0800033f   Thumb Code     0  startup_stm32g431xx.o(.text)
    I2C1_EV_IRQHandler                       0x0800033f   Thumb Code     0  startup_stm32g431xx.o(.text)
    I2C2_ER_IRQHandler                       0x0800033f   Thumb Code     0  startup_stm32g431xx.o(.text)
    I2C2_EV_IRQHandler                       0x0800033f   Thumb Code     0  startup_stm32g431xx.o(.text)
    I2C3_ER_IRQHandler                       0x0800033f   Thumb Code     0  startup_stm32g431xx.o(.text)
    I2C3_EV_IRQHandler                       0x0800033f   Thumb Code     0  startup_stm32g431xx.o(.text)
    LPTIM1_IRQHandler                        0x0800033f   Thumb Code     0  startup_stm32g431xx.o(.text)
    LPUART1_IRQHandler                       0x0800033f   Thumb Code     0  startup_stm32g431xx.o(.text)
    PVD_PVM_IRQHandler                       0x0800033f   Thumb Code     0  startup_stm32g431xx.o(.text)
    RCC_IRQHandler                           0x0800033f   Thumb Code     0  startup_stm32g431xx.o(.text)
    RNG_IRQHandler                           0x0800033f   Thumb Code     0  startup_stm32g431xx.o(.text)
    RTC_Alarm_IRQHandler                     0x0800033f   Thumb Code     0  startup_stm32g431xx.o(.text)
    RTC_TAMP_LSECSS_IRQHandler               0x0800033f   Thumb Code     0  startup_stm32g431xx.o(.text)
    RTC_WKUP_IRQHandler                      0x0800033f   Thumb Code     0  startup_stm32g431xx.o(.text)
    SAI1_IRQHandler                          0x0800033f   Thumb Code     0  startup_stm32g431xx.o(.text)
    SPI1_IRQHandler                          0x0800033f   Thumb Code     0  startup_stm32g431xx.o(.text)
    SPI2_IRQHandler                          0x0800033f   Thumb Code     0  startup_stm32g431xx.o(.text)
    SPI3_IRQHandler                          0x0800033f   Thumb Code     0  startup_stm32g431xx.o(.text)
    TIM1_BRK_TIM15_IRQHandler                0x0800033f   Thumb Code     0  startup_stm32g431xx.o(.text)
    TIM1_CC_IRQHandler                       0x0800033f   Thumb Code     0  startup_stm32g431xx.o(.text)
    TIM1_TRG_COM_TIM17_IRQHandler            0x0800033f   Thumb Code     0  startup_stm32g431xx.o(.text)
    TIM1_UP_TIM16_IRQHandler                 0x0800033f   Thumb Code     0  startup_stm32g431xx.o(.text)
    TIM3_IRQHandler                          0x0800033f   Thumb Code     0  startup_stm32g431xx.o(.text)
    TIM4_IRQHandler                          0x0800033f   Thumb Code     0  startup_stm32g431xx.o(.text)
    TIM6_DAC_IRQHandler                      0x0800033f   Thumb Code     0  startup_stm32g431xx.o(.text)
    TIM7_IRQHandler                          0x0800033f   Thumb Code     0  startup_stm32g431xx.o(.text)
    TIM8_BRK_IRQHandler                      0x0800033f   Thumb Code     0  startup_stm32g431xx.o(.text)
    TIM8_CC_IRQHandler                       0x0800033f   Thumb Code     0  startup_stm32g431xx.o(.text)
    TIM8_TRG_COM_IRQHandler                  0x0800033f   Thumb Code     0  startup_stm32g431xx.o(.text)
    TIM8_UP_IRQHandler                       0x0800033f   Thumb Code     0  startup_stm32g431xx.o(.text)
    UART4_IRQHandler                         0x0800033f   Thumb Code     0  startup_stm32g431xx.o(.text)
    UCPD1_IRQHandler                         0x0800033f   Thumb Code     0  startup_stm32g431xx.o(.text)
    USART1_IRQHandler                        0x0800033f   Thumb Code     0  startup_stm32g431xx.o(.text)
    USART2_IRQHandler                        0x0800033f   Thumb Code     0  startup_stm32g431xx.o(.text)
    USART3_IRQHandler                        0x0800033f   Thumb Code     0  startup_stm32g431xx.o(.text)
    USBWakeUp_IRQHandler                     0x0800033f   Thumb Code     0  startup_stm32g431xx.o(.text)
    USB_HP_IRQHandler                        0x0800033f   Thumb Code     0  startup_stm32g431xx.o(.text)
    USB_LP_IRQHandler                        0x0800033f   Thumb Code     0  startup_stm32g431xx.o(.text)
    WWDG_IRQHandler                          0x0800033f   Thumb Code     0  startup_stm32g431xx.o(.text)
    __user_initial_stackheap                 0x08000341   Thumb Code     0  startup_stm32g431xx.o(.text)
    sprintf                                  0x08000365   Thumb Code    38  sprintf.o(.text)
    __aeabi_memclr4                          0x08000391   Thumb Code     0  rt_memclr_w.o(.text)
    __aeabi_memclr8                          0x08000391   Thumb Code     0  rt_memclr_w.o(.text)
    __rt_memclr_w                            0x08000391   Thumb Code     0  rt_memclr_w.o(.text)
    _memset_w                                0x08000395   Thumb Code    74  rt_memclr_w.o(.text)
    __use_two_region_memory                  0x080003df   Thumb Code     2  heapauxi.o(.text)
    __rt_heap_escrow$2region                 0x080003e1   Thumb Code     2  heapauxi.o(.text)
    __rt_heap_expand$2region                 0x080003e3   Thumb Code     2  heapauxi.o(.text)
    _printf_pre_padding                      0x080003e5   Thumb Code    44  _printf_pad.o(.text)
    _printf_post_padding                     0x08000411   Thumb Code    34  _printf_pad.o(.text)
    _printf_truncate_signed                  0x08000433   Thumb Code    18  _printf_truncate.o(.text)
    _printf_truncate_unsigned                0x08000445   Thumb Code    18  _printf_truncate.o(.text)
    _printf_str                              0x08000457   Thumb Code    82  _printf_str.o(.text)
    _printf_int_dec                          0x080004a9   Thumb Code   104  _printf_dec.o(.text)
    _printf_charcount                        0x08000521   Thumb Code    40  _printf_charcount.o(.text)
    _printf_char_common                      0x08000553   Thumb Code    32  _printf_char_common.o(.text)
    _sputc                                   0x08000579   Thumb Code    10  _sputc.o(.text)
    _printf_wctomb                           0x08000585   Thumb Code   182  _printf_wctomb.o(.text)
    _printf_longlong_dec                     0x08000641   Thumb Code   108  _printf_longlong_dec.o(.text)
    _printf_longlong_oct                     0x080006bd   Thumb Code    68  _printf_oct_int_ll.o(.text)
    _printf_int_oct                          0x08000701   Thumb Code    24  _printf_oct_int_ll.o(.text)
    _printf_ll_oct                           0x08000719   Thumb Code    12  _printf_oct_int_ll.o(.text)
    _printf_longlong_hex                     0x0800072d   Thumb Code    86  _printf_hex_int_ll_ptr.o(.text)
    _printf_int_hex                          0x08000783   Thumb Code    28  _printf_hex_int_ll_ptr.o(.text)
    _printf_ll_hex                           0x0800079f   Thumb Code    12  _printf_hex_int_ll_ptr.o(.text)
    _printf_hex_ptr                          0x080007ab   Thumb Code    18  _printf_hex_int_ll_ptr.o(.text)
    __printf                                 0x080007c1   Thumb Code   388  __printf_flags_ss_wp.o(.text)
    _ll_udiv10                               0x08000949   Thumb Code   138  lludiv10.o(.text)
    _printf_int_common                       0x080009d3   Thumb Code   178  _printf_intcommon.o(.text)
    _printf_fp_dec_real                      0x08000c35   Thumb Code   620  _printf_fp_dec.o(.text)
    _printf_fp_hex_real                      0x08000ea1   Thumb Code   756  _printf_fp_hex.o(.text)
    _printf_cs_common                        0x0800119d   Thumb Code    20  _printf_char.o(.text)
    _printf_char                             0x080011b1   Thumb Code    16  _printf_char.o(.text)
    _printf_string                           0x080011c1   Thumb Code     8  _printf_char.o(.text)
    _printf_lcs_common                       0x080011c9   Thumb Code    20  _printf_wchar.o(.text)
    _printf_wchar                            0x080011dd   Thumb Code    16  _printf_wchar.o(.text)
    _printf_wstring                          0x080011ed   Thumb Code     8  _printf_wchar.o(.text)
    _c16rtomb                                0x080011f5   Thumb Code    72  _c16rtomb.o(.text)
    _wcrtomb                                 0x080011f5   Thumb Code     0  _c16rtomb.o(.text)
    __user_setup_stackheap                   0x0800123d   Thumb Code    74  sys_stackheap_outer.o(.text)
    __rt_ctype_table                         0x08001289   Thumb Code    16  rt_ctype_table.o(.text)
    __rt_locale                              0x08001299   Thumb Code     8  rt_locale_intlibspace.o(.text)
    _printf_fp_infnan                        0x080012a1   Thumb Code   112  _printf_fp_infnan.o(.text)
    _btod_etento                             0x08001321   Thumb Code   224  bigflt0.o(.text)
    exit                                     0x08001405   Thumb Code    18  exit.o(.text)
    __user_libspace                          0x08001419   Thumb Code     8  libspace.o(.text)
    __user_perproc_libspace                  0x08001419   Thumb Code     0  libspace.o(.text)
    __user_perthread_libspace                0x08001419   Thumb Code     0  libspace.o(.text)
    strcmp                                   0x08001421   Thumb Code   124  strcmpv7em.o(.text)
    _sys_exit                                0x0800149d   Thumb Code     8  sys_exit.o(.text)
    __I$use$semihosting                      0x080014a9   Thumb Code     0  use_no_semi.o(.text)
    __use_no_semihosting_swi                 0x080014a9   Thumb Code     2  use_no_semi.o(.text)
    __semihosting_library_function           0x080014ab   Thumb Code     0  indicate_semi.o(.text)
    ADC_Enable                               0x080014ad   Thumb Code   272  stm32g4xx_hal_adc.o(.text.ADC_Enable)
    BusFault_Handler                         0x080015bd   Thumb Code     4  stm32g4xx_it.o(.text.BusFault_Handler)
    DebugMon_Handler                         0x080015c1   Thumb Code     2  stm32g4xx_it.o(.text.DebugMon_Handler)
    Delay_LCD                                0x080015c5   Thumb Code    82  lcd.o(.text.Delay_LCD)
    Error_Handler                            0x08001619   Thumb Code    14  main.o(.text.Error_Handler)
    HAL_ADC_ConfigChannel                    0x08001629   Thumb Code  2024  stm32g4xx_hal_adc.o(.text.HAL_ADC_ConfigChannel)
    HAL_ADC_GetValue                         0x08001e11   Thumb Code    14  stm32g4xx_hal_adc.o(.text.HAL_ADC_GetValue)
    HAL_ADC_Init                             0x08001e21   Thumb Code   792  stm32g4xx_hal_adc.o(.text.HAL_ADC_Init)
    HAL_ADC_MspInit                          0x08002139   Thumb Code   166  adc.o(.text.HAL_ADC_MspInit)
    HAL_ADC_Start                            0x080021e1   Thumb Code   460  stm32g4xx_hal_adc.o(.text.HAL_ADC_Start)
    HAL_Delay                                0x080023ad   Thumb Code    66  stm32g4xx_hal.o(.text.HAL_Delay)
    HAL_GPIO_Init                            0x080023f1   Thumb Code   872  stm32g4xx_hal_gpio.o(.text.HAL_GPIO_Init)
    HAL_GPIO_ReadPin                         0x08002759   Thumb Code    46  stm32g4xx_hal_gpio.o(.text.HAL_GPIO_ReadPin)
    HAL_GPIO_WritePin                        0x08002789   Thumb Code    44  stm32g4xx_hal_gpio.o(.text.HAL_GPIO_WritePin)
    HAL_GetTick                              0x080027b5   Thumb Code    12  stm32g4xx_hal.o(.text.HAL_GetTick)
    HAL_IncTick                              0x080027c1   Thumb Code    26  stm32g4xx_hal.o(.text.HAL_IncTick)
    HAL_Init                                 0x080027dd   Thumb Code    48  stm32g4xx_hal.o(.text.HAL_Init)
    HAL_InitTick                             0x0800280d   Thumb Code   136  stm32g4xx_hal.o(.text.HAL_InitTick)
    HAL_MspInit                              0x08002895   Thumb Code    72  stm32g4xx_hal_msp.o(.text.HAL_MspInit)
    HAL_NVIC_EnableIRQ                       0x080028dd   Thumb Code    20  stm32g4xx_hal_cortex.o(.text.HAL_NVIC_EnableIRQ)
    HAL_NVIC_SetPriority                     0x080028f1   Thumb Code    46  stm32g4xx_hal_cortex.o(.text.HAL_NVIC_SetPriority)
    HAL_NVIC_SetPriorityGrouping             0x08002921   Thumb Code    16  stm32g4xx_hal_cortex.o(.text.HAL_NVIC_SetPriorityGrouping)
    HAL_PWREx_ControlVoltageScaling          0x08002931   Thumb Code   436  stm32g4xx_hal_pwr_ex.o(.text.HAL_PWREx_ControlVoltageScaling)
    HAL_PWREx_DisableUCPDDeadBattery         0x08002ae5   Thumb Code    18  stm32g4xx_hal_pwr_ex.o(.text.HAL_PWREx_DisableUCPDDeadBattery)
    HAL_RCCEx_PeriphCLKConfig                0x08002af9   Thumb Code  1114  stm32g4xx_hal_rcc_ex.o(.text.HAL_RCCEx_PeriphCLKConfig)
    HAL_RCC_ClockConfig                      0x08002f55   Thumb Code   806  stm32g4xx_hal_rcc.o(.text.HAL_RCC_ClockConfig)
    HAL_RCC_GetSysClockFreq                  0x0800327d   Thumb Code   252  stm32g4xx_hal_rcc.o(.text.HAL_RCC_GetSysClockFreq)
    HAL_RCC_OscConfig                        0x08003379   Thumb Code  1974  stm32g4xx_hal_rcc.o(.text.HAL_RCC_OscConfig)
    HAL_SYSTICK_Config                       0x08003b31   Thumb Code    16  stm32g4xx_hal_cortex.o(.text.HAL_SYSTICK_Config)
    HAL_TIMEx_Break2Callback                 0x08003b41   Thumb Code     8  stm32g4xx_hal_tim_ex.o(.text.HAL_TIMEx_Break2Callback)
    HAL_TIMEx_BreakCallback                  0x08003b49   Thumb Code     8  stm32g4xx_hal_tim_ex.o(.text.HAL_TIMEx_BreakCallback)
    HAL_TIMEx_CommutCallback                 0x08003b51   Thumb Code     8  stm32g4xx_hal_tim_ex.o(.text.HAL_TIMEx_CommutCallback)
    HAL_TIMEx_DirectionChangeCallback        0x08003b59   Thumb Code     8  stm32g4xx_hal_tim_ex.o(.text.HAL_TIMEx_DirectionChangeCallback)
    HAL_TIMEx_EncoderIndexCallback           0x08003b61   Thumb Code     8  stm32g4xx_hal_tim_ex.o(.text.HAL_TIMEx_EncoderIndexCallback)
    HAL_TIMEx_IndexErrorCallback             0x08003b69   Thumb Code     8  stm32g4xx_hal_tim_ex.o(.text.HAL_TIMEx_IndexErrorCallback)
    HAL_TIMEx_MasterConfigSynchronization    0x08003b71   Thumb Code   318  stm32g4xx_hal_tim_ex.o(.text.HAL_TIMEx_MasterConfigSynchronization)
    HAL_TIMEx_TransitionErrorCallback        0x08003cb1   Thumb Code     8  stm32g4xx_hal_tim_ex.o(.text.HAL_TIMEx_TransitionErrorCallback)
    HAL_TIM_Base_Init                        0x08003cb9   Thumb Code   168  stm32g4xx_hal_tim.o(.text.HAL_TIM_Base_Init)
    HAL_TIM_Base_MspInit                     0x08003d61   Thumb Code    72  tim.o(.text.HAL_TIM_Base_MspInit)
    HAL_TIM_Base_Start_IT                    0x08003da9   Thumb Code   226  stm32g4xx_hal_tim.o(.text.HAL_TIM_Base_Start_IT)
    HAL_TIM_ConfigClockSource                0x08003e8d   Thumb Code   468  stm32g4xx_hal_tim.o(.text.HAL_TIM_ConfigClockSource)
    HAL_TIM_IC_CaptureCallback               0x08004061   Thumb Code     8  stm32g4xx_hal_tim.o(.text.HAL_TIM_IC_CaptureCallback)
    HAL_TIM_IRQHandler                       0x08004069   Thumb Code   768  stm32g4xx_hal_tim.o(.text.HAL_TIM_IRQHandler)
    HAL_TIM_OC_DelayElapsedCallback          0x08004369   Thumb Code     8  stm32g4xx_hal_tim.o(.text.HAL_TIM_OC_DelayElapsedCallback)
    HAL_TIM_PWM_PulseFinishedCallback        0x08004371   Thumb Code     8  stm32g4xx_hal_tim.o(.text.HAL_TIM_PWM_PulseFinishedCallback)
    HAL_TIM_PeriodElapsedCallback            0x08004379   Thumb Code   154  my_adc.o(.text.HAL_TIM_PeriodElapsedCallback)
    HAL_TIM_TriggerCallback                  0x08004415   Thumb Code     8  stm32g4xx_hal_tim.o(.text.HAL_TIM_TriggerCallback)
    HardFault_Handler                        0x0800441d   Thumb Code     4  stm32g4xx_it.o(.text.HardFault_Handler)
    I2CInit                                  0x08004421   Thumb Code    48  i2c_hal.o(.text.I2CInit)
    I2CReceiveByte                           0x08004451   Thumb Code   120  i2c_hal.o(.text.I2CReceiveByte)
    I2CSendByte                              0x080044c9   Thumb Code   108  i2c_hal.o(.text.I2CSendByte)
    I2CSendNotAck                            0x08004535   Thumb Code    54  i2c_hal.o(.text.I2CSendNotAck)
    I2CStart                                 0x0800456d   Thumb Code    62  i2c_hal.o(.text.I2CStart)
    I2CStop                                  0x080045ad   Thumb Code    62  i2c_hal.o(.text.I2CStop)
    I2CWaitAck                               0x080045ed   Thumb Code   120  i2c_hal.o(.text.I2CWaitAck)
    LCD_BusIn                                0x08004665   Thumb Code    48  lcd.o(.text.LCD_BusIn)
    LCD_BusOut                               0x08004695   Thumb Code    50  lcd.o(.text.LCD_BusOut)
    LCD_Clear                                0x080046c9   Thumb Code    86  lcd.o(.text.LCD_Clear)
    LCD_CtrlLinesConfig                      0x08004721   Thumb Code   214  lcd.o(.text.LCD_CtrlLinesConfig)
    LCD_DisplayChar                          0x080047f9   Thumb Code    82  lcd.o(.text.LCD_DisplayChar)
    LCD_DisplayStringLine                    0x0800484d   Thumb Code   126  lcd.o(.text.LCD_DisplayStringLine)
    LCD_DrawChar                             0x080048cd   Thumb Code   174  lcd.o(.text.LCD_DrawChar)
    LCD_Init                                 0x0800497d   Thumb Code    94  lcd.o(.text.LCD_Init)
    LCD_ReadReg                              0x080049dd   Thumb Code   168  lcd.o(.text.LCD_ReadReg)
    LCD_SetBackColor                         0x08004a85   Thumb Code    24  lcd.o(.text.LCD_SetBackColor)
    LCD_SetCursor                            0x08004a9d   Thumb Code    36  lcd.o(.text.LCD_SetCursor)
    LCD_SetTextColor                         0x08004ac1   Thumb Code    24  lcd.o(.text.LCD_SetTextColor)
    LCD_WriteRAM                             0x08004ad9   Thumb Code   108  lcd.o(.text.LCD_WriteRAM)
    LCD_WriteRAM_Prepare                     0x08004b45   Thumb Code    98  lcd.o(.text.LCD_WriteRAM_Prepare)
    LCD_WriteReg                             0x08004ba9   Thumb Code   134  lcd.o(.text.LCD_WriteReg)
    MX_ADC2_Init                             0x08004ee1   Thumb Code   158  adc.o(.text.MX_ADC2_Init)
    MX_GPIO_Init                             0x08004f81   Thumb Code   356  gpio.o(.text.MX_GPIO_Init)
    MX_TIM2_Init                             0x080050e5   Thumb Code   132  tim.o(.text.MX_TIM2_Init)
    MemManage_Handler                        0x08005169   Thumb Code     4  stm32g4xx_it.o(.text.MemManage_Handler)
    NMI_Handler                              0x0800516d   Thumb Code     4  stm32g4xx_it.o(.text.NMI_Handler)
    PendSV_Handler                           0x080051dd   Thumb Code     2  stm32g4xx_it.o(.text.PendSV_Handler)
    REG_8230_Init                            0x0800527d   Thumb Code   286  lcd.o(.text.REG_8230_Init)
    REG_932X_Init                            0x0800539d   Thumb Code   540  lcd.o(.text.REG_932X_Init)
    SCL_Output                               0x080055b9   Thumb Code    54  i2c_hal.o(.text.SCL_Output)
    SDA_Input                                0x080055f1   Thumb Code    48  i2c_hal.o(.text.SDA_Input)
    SDA_Input_Mode                           0x08005621   Thumb Code    48  i2c_hal.o(.text.SDA_Input_Mode)
    SDA_Output                               0x08005651   Thumb Code    54  i2c_hal.o(.text.SDA_Output)
    SDA_Output_Mode                          0x08005689   Thumb Code    48  i2c_hal.o(.text.SDA_Output_Mode)
    SVC_Handler                              0x080056b9   Thumb Code     2  stm32g4xx_it.o(.text.SVC_Handler)
    SysTick_Handler                          0x08005711   Thumb Code     8  stm32g4xx_it.o(.text.SysTick_Handler)
    SystemClock_Config                       0x08005719   Thumb Code   118  main.o(.text.SystemClock_Config)
    SystemInit                               0x08005791   Thumb Code    18  system_stm32g4xx.o(.text.SystemInit)
    TIM2_IRQHandler                          0x080057a5   Thumb Code    16  stm32g4xx_it.o(.text.TIM2_IRQHandler)
    TIM_Base_SetConfig                       0x080057b5   Thumb Code   406  stm32g4xx_hal_tim.o(.text.TIM_Base_SetConfig)
    TIM_ETR_SetConfig                        0x0800594d   Thumb Code    52  stm32g4xx_hal_tim.o(.text.TIM_ETR_SetConfig)
    UsageFault_Handler                       0x08005a55   Thumb Code     4  stm32g4xx_it.o(.text.UsageFault_Handler)
    eeprom_read                              0x08005b3d   Thumb Code    72  i2c_hal.o(.text.eeprom_read)
    eeprom_write                             0x08005b85   Thumb Code    64  i2c_hal.o(.text.eeprom_write)
    get_vol                                  0x08005bc9   Thumb Code    96  my_adc.o(.text.get_vol)
    key_scan                                 0x08005c29   Thumb Code   420  key.o(.text.key_scan)
    lcd_show                                 0x08005dcd   Thumb Code   118  my_lcd.o(.text.lcd_show)
    led_show                                 0x08005e45   Thumb Code   116  led.o(.text.led_show)
    lock_show                                0x08005eb9   Thumb Code   600  my_lcd.o(.text.lock_show)
    main                                     0x08006111   Thumb Code   212  main.o(.text.main)
    set_show                                 0x080061e9   Thumb Code   672  my_lcd.o(.text.set_show)
    _btod_d2e                                0x08006489   Thumb Code    62  btod.o(CL$$btod_d2e)
    _d2e_denorm_low                          0x080064c7   Thumb Code    70  btod.o(CL$$btod_d2e_denorm_low)
    _d2e_norm_op1                            0x0800650d   Thumb Code    96  btod.o(CL$$btod_d2e_norm_op1)
    __btod_div_common                        0x0800656d   Thumb Code   696  btod.o(CL$$btod_div_common)
    _e2e                                     0x080068a5   Thumb Code   220  btod.o(CL$$btod_e2e)
    _btod_ediv                               0x08006981   Thumb Code    42  btod.o(CL$$btod_ediv)
    _btod_emul                               0x080069ab   Thumb Code    42  btod.o(CL$$btod_emul)
    __btod_mult_common                       0x080069d5   Thumb Code   580  btod.o(CL$$btod_mult_common)
    __ARM_fpclassify                         0x08006c19   Thumb Code    48  fpclassify.o(i.__ARM_fpclassify)
    _is_digit                                0x08006c49   Thumb Code    14  __printf_wp.o(i._is_digit)
    _get_lc_numeric                          0x08006c59   Thumb Code    44  lc_numeric_c.o(locale$$code)
    _get_lc_ctype                            0x08006c85   Thumb Code    44  lc_ctype_c.o(locale$$code)
    __fpl_dcmp_Inf                           0x08006cb1   Thumb Code    24  dcmpi.o(x$fpl$dcmpinf)
    __aeabi_ddiv                             0x08006cc9   Thumb Code     0  ddiv.o(x$fpl$ddiv)
    _ddiv                                    0x08006cc9   Thumb Code   556  ddiv.o(x$fpl$ddiv)
    __aeabi_cdcmpeq                          0x08006f7d   Thumb Code     0  deqf.o(x$fpl$deqf)
    _dcmpeq                                  0x08006f7d   Thumb Code   120  deqf.o(x$fpl$deqf)
    __aeabi_ui2d                             0x08006ff5   Thumb Code     0  dflt_clz.o(x$fpl$dfltu)
    _dfltu                                   0x08006ff5   Thumb Code    38  dflt_clz.o(x$fpl$dfltu)
    __aeabi_cdcmpge                          0x0800701d   Thumb Code     0  dgeqf.o(x$fpl$dgeqf)
    _dcmpge                                  0x0800701d   Thumb Code   120  dgeqf.o(x$fpl$dgeqf)
    __aeabi_cdcmple                          0x08007095   Thumb Code     0  dleqf.o(x$fpl$dleqf)
    _dcmple                                  0x08007095   Thumb Code   120  dleqf.o(x$fpl$dleqf)
    __fpl_dcmple_InfNaN                      0x080070f7   Thumb Code     0  dleqf.o(x$fpl$dleqf)
    __aeabi_dmul                             0x0800710d   Thumb Code     0  dmul.o(x$fpl$dmul)
    _dmul                                    0x0800710d   Thumb Code   332  dmul.o(x$fpl$dmul)
    __fpl_dnaninf                            0x08007261   Thumb Code   156  dnaninf.o(x$fpl$dnaninf)
    __fpl_dretinf                            0x080072fd   Thumb Code    12  dretinf.o(x$fpl$dretinf)
    __aeabi_dcmpeq                           0x08007309   Thumb Code     0  dcmp.o(x$fpl$fcmp)
    _deq                                     0x08007309   Thumb Code    14  dcmp.o(x$fpl$fcmp)
    _dneq                                    0x08007317   Thumb Code    14  dcmp.o(x$fpl$fcmp)
    __aeabi_dcmpgt                           0x08007325   Thumb Code     0  dcmp.o(x$fpl$fcmp)
    _dgr                                     0x08007325   Thumb Code    14  dcmp.o(x$fpl$fcmp)
    __aeabi_dcmpge                           0x08007333   Thumb Code     0  dcmp.o(x$fpl$fcmp)
    _dgeq                                    0x08007333   Thumb Code    14  dcmp.o(x$fpl$fcmp)
    __aeabi_dcmple                           0x08007341   Thumb Code     0  dcmp.o(x$fpl$fcmp)
    _dleq                                    0x08007341   Thumb Code    14  dcmp.o(x$fpl$fcmp)
    __aeabi_dcmplt                           0x0800734f   Thumb Code     0  dcmp.o(x$fpl$fcmp)
    _dls                                     0x0800734f   Thumb Code    14  dcmp.o(x$fpl$fcmp)
    _fp_init                                 0x0800735d   Thumb Code    26  fpinit.o(x$fpl$fpinit)
    __fplib_config_fpu_vfp                   0x08007375   Thumb Code     0  fpinit.o(x$fpl$fpinit)
    __fplib_config_pureend_doubles           0x08007375   Thumb Code     0  fpinit.o(x$fpl$fpinit)
    _printf_fp_dec                           0x08007377   Thumb Code     4  printf1.o(x$fpl$printf1)
    _printf_fp_hex                           0x0800737b   Thumb Code     4  printf2.o(x$fpl$printf2)
    __I$use$fp                               0x0800737e   Number         0  usenofp.o(x$fpl$usenofp)
    AHBPrescTable                            0x0800747c   Data          16  system_stm32g4xx.o(.rodata.AHBPrescTable)
    ASCII_Table                              0x0800748c   Data        4560  lcd.o(.rodata.ASCII_Table)
    Region$$Table$$Base                      0x080086ac   Number         0  anon$$obj.o(Region$$Table)
    Region$$Table$$Limit                     0x080086cc   Number         0  anon$$obj.o(Region$$Table)
    __ctype                                  0x080086f5   Data           0  lc_ctype_c.o(locale$$data)
    B1_last_state                            0x20000000   Data           1  key.o(.data.B1_last_state)
    SystemCoreClock                          0x20000004   Data           4  system_stm32g4xx.o(.data.SystemCoreClock)
    pwd_in                                   0x20000008   Data           3  key.o(.data.pwd_in)
    uwTickFreq                               0x2000000c   Data           4  stm32g4xx_hal.o(.data.uwTickFreq)
    uwTickPrio                               0x20000010   Data           4  stm32g4xx_hal.o(.data.uwTickPrio)
    __libspace_start                         0x20000018   Data          96  libspace.o(.bss)
    B1_state                                 0x20000078   Data           1  key.o(.bss.B1_state)
    __temporary_stack_top$libspace           0x20000078   Data           0  libspace.o(.bss)
    code_switch                              0x2000007c   Data           1  key.o(.bss.code_switch)
    dummy                                    0x2000007e   Data           2  lcd.o(.bss.dummy)
    enter_flag                               0x20000080   Data           1  key.o(.bss.enter_flag)
    hadc2                                    0x20000084   Data         108  adc.o(.bss.hadc2)
    htim2                                    0x200000f0   Data          76  tim.o(.bss.htim2)
    pwd_real                                 0x2000013c   Data           3  key.o(.bss.pwd_real)
    show_switch                              0x2000013f   Data           1  key.o(.bss.show_switch)
    start_flag                               0x20000140   Data           1  key.o(.bss.start_flag)
    text                                     0x20000141   Data          20  my_lcd.o(.bss.text)
    timer_3S                                 0x20000158   Data           4  my_adc.o(.bss.timer_3S)
    uwTick                                   0x2000015c   Data           4  stm32g4xx_hal.o(.bss.uwTick)



==============================================================================

Memory Map of the image

  Image Entry point : 0x080001d9

  Load Region LR_IROM1 (Base: 0x08000000, Size: 0x00008810, Max: 0x00020000, ABSOLUTE)

    Execution Region ER_IROM1 (Exec base: 0x08000000, Load base: 0x08000000, Size: 0x000087f8, Max: 0x00020000, ABSOLUTE)

    Exec Addr    Load Addr    Size         Type   Attr      Idx    E Section Name        Object

    0x08000000   0x08000000   0x000001d8   Data   RO            3    RESET               startup_stm32g431xx.o
    0x080001d8   0x080001d8   0x00000008   Code   RO         1502  * !!!main             c_w.l(__main.o)
    0x080001e0   0x080001e0   0x00000034   Code   RO         1865    !!!scatter          c_w.l(__scatter.o)
    0x08000214   0x08000214   0x0000001a   Code   RO         1867    !!handler_copy      c_w.l(__scatter_copy.o)
    0x0800022e   0x0800022e   0x00000002   PAD
    0x08000230   0x08000230   0x0000001c   Code   RO         1869    !!handler_zi        c_w.l(__scatter_zi.o)
    0x0800024c   0x0800024c   0x00000000   Code   RO         1600    .ARM.Collect$$_printf_percent$$00000000  c_w.l(_printf_percent.o)
    0x0800024c   0x0800024c   0x00000006   Code   RO         1589    .ARM.Collect$$_printf_percent$$00000001  c_w.l(_printf_n.o)
    0x08000252   0x08000252   0x00000006   Code   RO         1591    .ARM.Collect$$_printf_percent$$00000002  c_w.l(_printf_p.o)
    0x08000258   0x08000258   0x00000006   Code   RO         1596    .ARM.Collect$$_printf_percent$$00000003  c_w.l(_printf_f.o)
    0x0800025e   0x0800025e   0x00000006   Code   RO         1597    .ARM.Collect$$_printf_percent$$00000004  c_w.l(_printf_e.o)
    0x08000264   0x08000264   0x00000006   Code   RO         1598    .ARM.Collect$$_printf_percent$$00000005  c_w.l(_printf_g.o)
    0x0800026a   0x0800026a   0x00000006   Code   RO         1599    .ARM.Collect$$_printf_percent$$00000006  c_w.l(_printf_a.o)
    0x08000270   0x08000270   0x0000000a   Code   RO         1604    .ARM.Collect$$_printf_percent$$00000007  c_w.l(_printf_ll.o)
    0x0800027a   0x0800027a   0x00000006   Code   RO         1593    .ARM.Collect$$_printf_percent$$00000008  c_w.l(_printf_i.o)
    0x08000280   0x08000280   0x00000006   Code   RO         1594    .ARM.Collect$$_printf_percent$$00000009  c_w.l(_printf_d.o)
    0x08000286   0x08000286   0x00000006   Code   RO         1595    .ARM.Collect$$_printf_percent$$0000000A  c_w.l(_printf_u.o)
    0x0800028c   0x0800028c   0x00000006   Code   RO         1592    .ARM.Collect$$_printf_percent$$0000000B  c_w.l(_printf_o.o)
    0x08000292   0x08000292   0x00000006   Code   RO         1590    .ARM.Collect$$_printf_percent$$0000000C  c_w.l(_printf_x.o)
    0x08000298   0x08000298   0x00000006   Code   RO         1601    .ARM.Collect$$_printf_percent$$0000000D  c_w.l(_printf_lli.o)
    0x0800029e   0x0800029e   0x00000006   Code   RO         1602    .ARM.Collect$$_printf_percent$$0000000E  c_w.l(_printf_lld.o)
    0x080002a4   0x080002a4   0x00000006   Code   RO         1603    .ARM.Collect$$_printf_percent$$0000000F  c_w.l(_printf_llu.o)
    0x080002aa   0x080002aa   0x00000006   Code   RO         1608    .ARM.Collect$$_printf_percent$$00000010  c_w.l(_printf_llo.o)
    0x080002b0   0x080002b0   0x00000006   Code   RO         1609    .ARM.Collect$$_printf_percent$$00000011  c_w.l(_printf_llx.o)
    0x080002b6   0x080002b6   0x0000000a   Code   RO         1605    .ARM.Collect$$_printf_percent$$00000012  c_w.l(_printf_l.o)
    0x080002c0   0x080002c0   0x00000006   Code   RO         1587    .ARM.Collect$$_printf_percent$$00000013  c_w.l(_printf_c.o)
    0x080002c6   0x080002c6   0x00000006   Code   RO         1588    .ARM.Collect$$_printf_percent$$00000014  c_w.l(_printf_s.o)
    0x080002cc   0x080002cc   0x00000006   Code   RO         1606    .ARM.Collect$$_printf_percent$$00000015  c_w.l(_printf_lc.o)
    0x080002d2   0x080002d2   0x00000006   Code   RO         1607    .ARM.Collect$$_printf_percent$$00000016  c_w.l(_printf_ls.o)
    0x080002d8   0x080002d8   0x00000004   Code   RO         1661    .ARM.Collect$$_printf_percent$$00000017  c_w.l(_printf_percent_end.o)
    0x080002dc   0x080002dc   0x00000002   Code   RO         1714    .ARM.Collect$$libinit$$00000000  c_w.l(libinit.o)
    0x080002de   0x080002de   0x00000004   Code   RO         1731    .ARM.Collect$$libinit$$00000001  c_w.l(libinit2.o)
    0x080002e2   0x080002e2   0x00000000   Code   RO         1734    .ARM.Collect$$libinit$$00000004  c_w.l(libinit2.o)
    0x080002e2   0x080002e2   0x00000000   Code   RO         1736    .ARM.Collect$$libinit$$00000006  c_w.l(libinit2.o)
    0x080002e2   0x080002e2   0x00000000   Code   RO         1739    .ARM.Collect$$libinit$$0000000C  c_w.l(libinit2.o)
    0x080002e2   0x080002e2   0x00000000   Code   RO         1741    .ARM.Collect$$libinit$$0000000E  c_w.l(libinit2.o)
    0x080002e2   0x080002e2   0x00000000   Code   RO         1743    .ARM.Collect$$libinit$$00000010  c_w.l(libinit2.o)
    0x080002e2   0x080002e2   0x00000006   Code   RO         1744    .ARM.Collect$$libinit$$00000011  c_w.l(libinit2.o)
    0x080002e8   0x080002e8   0x00000000   Code   RO         1746    .ARM.Collect$$libinit$$00000013  c_w.l(libinit2.o)
    0x080002e8   0x080002e8   0x0000000c   Code   RO         1747    .ARM.Collect$$libinit$$00000014  c_w.l(libinit2.o)
    0x080002f4   0x080002f4   0x00000000   Code   RO         1748    .ARM.Collect$$libinit$$00000015  c_w.l(libinit2.o)
    0x080002f4   0x080002f4   0x00000000   Code   RO         1750    .ARM.Collect$$libinit$$00000017  c_w.l(libinit2.o)
    0x080002f4   0x080002f4   0x0000000a   Code   RO         1751    .ARM.Collect$$libinit$$00000018  c_w.l(libinit2.o)
    0x080002fe   0x080002fe   0x00000000   Code   RO         1752    .ARM.Collect$$libinit$$00000019  c_w.l(libinit2.o)
    0x080002fe   0x080002fe   0x00000000   Code   RO         1754    .ARM.Collect$$libinit$$0000001B  c_w.l(libinit2.o)
    0x080002fe   0x080002fe   0x00000000   Code   RO         1756    .ARM.Collect$$libinit$$0000001D  c_w.l(libinit2.o)
    0x080002fe   0x080002fe   0x00000000   Code   RO         1758    .ARM.Collect$$libinit$$0000001F  c_w.l(libinit2.o)
    0x080002fe   0x080002fe   0x00000000   Code   RO         1760    .ARM.Collect$$libinit$$00000021  c_w.l(libinit2.o)
    0x080002fe   0x080002fe   0x00000000   Code   RO         1762    .ARM.Collect$$libinit$$00000023  c_w.l(libinit2.o)
    0x080002fe   0x080002fe   0x00000000   Code   RO         1764    .ARM.Collect$$libinit$$00000025  c_w.l(libinit2.o)
    0x080002fe   0x080002fe   0x00000000   Code   RO         1766    .ARM.Collect$$libinit$$00000027  c_w.l(libinit2.o)
    0x080002fe   0x080002fe   0x00000000   Code   RO         1770    .ARM.Collect$$libinit$$0000002E  c_w.l(libinit2.o)
    0x080002fe   0x080002fe   0x00000000   Code   RO         1772    .ARM.Collect$$libinit$$00000030  c_w.l(libinit2.o)
    0x080002fe   0x080002fe   0x00000000   Code   RO         1774    .ARM.Collect$$libinit$$00000032  c_w.l(libinit2.o)
    0x080002fe   0x080002fe   0x00000000   Code   RO         1776    .ARM.Collect$$libinit$$00000034  c_w.l(libinit2.o)
    0x080002fe   0x080002fe   0x00000002   Code   RO         1777    .ARM.Collect$$libinit$$00000035  c_w.l(libinit2.o)
    0x08000300   0x08000300   0x00000002   Code   RO         1801    .ARM.Collect$$libshutdown$$00000000  c_w.l(libshutdown.o)
    0x08000302   0x08000302   0x00000000   Code   RO         1816    .ARM.Collect$$libshutdown$$00000002  c_w.l(libshutdown2.o)
    0x08000302   0x08000302   0x00000000   Code   RO         1818    .ARM.Collect$$libshutdown$$00000004  c_w.l(libshutdown2.o)
    0x08000302   0x08000302   0x00000000   Code   RO         1821    .ARM.Collect$$libshutdown$$00000007  c_w.l(libshutdown2.o)
    0x08000302   0x08000302   0x00000000   Code   RO         1824    .ARM.Collect$$libshutdown$$0000000A  c_w.l(libshutdown2.o)
    0x08000302   0x08000302   0x00000000   Code   RO         1826    .ARM.Collect$$libshutdown$$0000000C  c_w.l(libshutdown2.o)
    0x08000302   0x08000302   0x00000000   Code   RO         1829    .ARM.Collect$$libshutdown$$0000000F  c_w.l(libshutdown2.o)
    0x08000302   0x08000302   0x00000002   Code   RO         1830    .ARM.Collect$$libshutdown$$00000010  c_w.l(libshutdown2.o)
    0x08000304   0x08000304   0x00000000   Code   RO         1518    .ARM.Collect$$rtentry$$00000000  c_w.l(__rtentry.o)
    0x08000304   0x08000304   0x00000000   Code   RO         1630    .ARM.Collect$$rtentry$$00000002  c_w.l(__rtentry2.o)
    0x08000304   0x08000304   0x00000006   Code   RO         1642    .ARM.Collect$$rtentry$$00000004  c_w.l(__rtentry4.o)
    0x0800030a   0x0800030a   0x00000000   Code   RO         1632    .ARM.Collect$$rtentry$$00000009  c_w.l(__rtentry2.o)
    0x0800030a   0x0800030a   0x00000004   Code   RO         1633    .ARM.Collect$$rtentry$$0000000A  c_w.l(__rtentry2.o)
    0x0800030e   0x0800030e   0x00000000   Code   RO         1635    .ARM.Collect$$rtentry$$0000000C  c_w.l(__rtentry2.o)
    0x0800030e   0x0800030e   0x00000008   Code   RO         1636    .ARM.Collect$$rtentry$$0000000D  c_w.l(__rtentry2.o)
    0x08000316   0x08000316   0x00000002   Code   RO         1722    .ARM.Collect$$rtexit$$00000000  c_w.l(rtexit.o)
    0x08000318   0x08000318   0x00000000   Code   RO         1779    .ARM.Collect$$rtexit$$00000002  c_w.l(rtexit2.o)
    0x08000318   0x08000318   0x00000004   Code   RO         1780    .ARM.Collect$$rtexit$$00000003  c_w.l(rtexit2.o)
    0x0800031c   0x0800031c   0x00000006   Code   RO         1781    .ARM.Collect$$rtexit$$00000004  c_w.l(rtexit2.o)
    0x08000322   0x08000322   0x00000002   PAD
    0x08000324   0x08000324   0x00000040   Code   RO            4    .text               startup_stm32g431xx.o
    0x08000364   0x08000364   0x0000002c   Code   RO         1496    .text               c_w.l(sprintf.o)
    0x08000390   0x08000390   0x0000004e   Code   RO         1498    .text               c_w.l(rt_memclr_w.o)
    0x080003de   0x080003de   0x00000006   Code   RO         1500    .text               c_w.l(heapauxi.o)
    0x080003e4   0x080003e4   0x0000004e   Code   RO         1521    .text               c_w.l(_printf_pad.o)
    0x08000432   0x08000432   0x00000024   Code   RO         1523    .text               c_w.l(_printf_truncate.o)
    0x08000456   0x08000456   0x00000052   Code   RO         1525    .text               c_w.l(_printf_str.o)
    0x080004a8   0x080004a8   0x00000078   Code   RO         1527    .text               c_w.l(_printf_dec.o)
    0x08000520   0x08000520   0x00000028   Code   RO         1529    .text               c_w.l(_printf_charcount.o)
    0x08000548   0x08000548   0x00000030   Code   RO         1531    .text               c_w.l(_printf_char_common.o)
    0x08000578   0x08000578   0x0000000a   Code   RO         1533    .text               c_w.l(_sputc.o)
    0x08000582   0x08000582   0x00000002   PAD
    0x08000584   0x08000584   0x000000bc   Code   RO         1535    .text               c_w.l(_printf_wctomb.o)
    0x08000640   0x08000640   0x0000007c   Code   RO         1538    .text               c_w.l(_printf_longlong_dec.o)
    0x080006bc   0x080006bc   0x00000070   Code   RO         1544    .text               c_w.l(_printf_oct_int_ll.o)
    0x0800072c   0x0800072c   0x00000094   Code   RO         1564    .text               c_w.l(_printf_hex_int_ll_ptr.o)
    0x080007c0   0x080007c0   0x00000188   Code   RO         1584    .text               c_w.l(__printf_flags_ss_wp.o)
    0x08000948   0x08000948   0x0000008a   Code   RO         1644    .text               c_w.l(lludiv10.o)
    0x080009d2   0x080009d2   0x000000b2   Code   RO         1646    .text               c_w.l(_printf_intcommon.o)
    0x08000a84   0x08000a84   0x0000041c   Code   RO         1648    .text               c_w.l(_printf_fp_dec.o)
    0x08000ea0   0x08000ea0   0x000002fc   Code   RO         1652    .text               c_w.l(_printf_fp_hex.o)
    0x0800119c   0x0800119c   0x0000002c   Code   RO         1657    .text               c_w.l(_printf_char.o)
    0x080011c8   0x080011c8   0x0000002c   Code   RO         1659    .text               c_w.l(_printf_wchar.o)
    0x080011f4   0x080011f4   0x00000048   Code   RO         1662    .text               c_w.l(_c16rtomb.o)
    0x0800123c   0x0800123c   0x0000004a   Code   RO         1666    .text               c_w.l(sys_stackheap_outer.o)
    0x08001286   0x08001286   0x00000002   PAD
    0x08001288   0x08001288   0x00000010   Code   RO         1668    .text               c_w.l(rt_ctype_table.o)
    0x08001298   0x08001298   0x00000008   Code   RO         1673    .text               c_w.l(rt_locale_intlibspace.o)
    0x080012a0   0x080012a0   0x00000080   Code   RO         1675    .text               c_w.l(_printf_fp_infnan.o)
    0x08001320   0x08001320   0x000000e4   Code   RO         1677    .text               c_w.l(bigflt0.o)
    0x08001404   0x08001404   0x00000012   Code   RO         1707    .text               c_w.l(exit.o)
    0x08001416   0x08001416   0x00000002   PAD
    0x08001418   0x08001418   0x00000008   Code   RO         1719    .text               c_w.l(libspace.o)
    0x08001420   0x08001420   0x0000007c   Code   RO         1729    .text               c_w.l(strcmpv7em.o)
    0x0800149c   0x0800149c   0x0000000c   Code   RO         1791    .text               c_w.l(sys_exit.o)
    0x080014a8   0x080014a8   0x00000002   Code   RO         1806    .text               c_w.l(use_no_semi.o)
    0x080014aa   0x080014aa   0x00000000   Code   RO         1808    .text               c_w.l(indicate_semi.o)
    0x080014aa   0x080014aa   0x00000002   PAD
    0x080014ac   0x080014ac   0x00000110   Code   RO          128    .text.ADC_Enable    stm32g4xx_hal_adc.o
    0x080015bc   0x080015bc   0x00000004   Code   RO           67    .text.BusFault_Handler  stm32g4xx_it.o
    0x080015c0   0x080015c0   0x00000002   Code   RO           73    .text.DebugMon_Handler  stm32g4xx_it.o
    0x080015c2   0x080015c2   0x00000002   PAD
    0x080015c4   0x080015c4   0x00000052   Code   RO         1355    .text.Delay_LCD     lcd.o
    0x08001616   0x08001616   0x00000002   PAD
    0x08001618   0x08001618   0x0000000e   Code   RO           15    .text.Error_Handler  main.o
    0x08001626   0x08001626   0x00000002   PAD
    0x08001628   0x08001628   0x000007e8   Code   RO          174    .text.HAL_ADC_ConfigChannel  stm32g4xx_hal_adc.o
    0x08001e10   0x08001e10   0x0000000e   Code   RO          156    .text.HAL_ADC_GetValue  stm32g4xx_hal_adc.o
    0x08001e1e   0x08001e1e   0x00000002   PAD
    0x08001e20   0x08001e20   0x00000318   Code   RO           96    .text.HAL_ADC_Init  stm32g4xx_hal_adc.o
    0x08002138   0x08002138   0x000000a6   Code   RO           35    .text.HAL_ADC_MspInit  adc.o
    0x080021de   0x080021de   0x00000002   PAD
    0x080021e0   0x080021e0   0x000001cc   Code   RO          124    .text.HAL_ADC_Start  stm32g4xx_hal_adc.o
    0x080023ac   0x080023ac   0x00000042   Code   RO          377    .text.HAL_Delay     stm32g4xx_hal.o
    0x080023ee   0x080023ee   0x00000002   PAD
    0x080023f0   0x080023f0   0x00000368   Code   RO          625    .text.HAL_GPIO_Init  stm32g4xx_hal_gpio.o
    0x08002758   0x08002758   0x0000002e   Code   RO          629    .text.HAL_GPIO_ReadPin  stm32g4xx_hal_gpio.o
    0x08002786   0x08002786   0x00000002   PAD
    0x08002788   0x08002788   0x0000002c   Code   RO          631    .text.HAL_GPIO_WritePin  stm32g4xx_hal_gpio.o
    0x080027b4   0x080027b4   0x0000000c   Code   RO          369    .text.HAL_GetTick   stm32g4xx_hal.o
    0x080027c0   0x080027c0   0x0000001a   Code   RO          367    .text.HAL_IncTick   stm32g4xx_hal.o
    0x080027da   0x080027da   0x00000002   PAD
    0x080027dc   0x080027dc   0x00000030   Code   RO          357    .text.HAL_Init      stm32g4xx_hal.o
    0x0800280c   0x0800280c   0x00000088   Code   RO          359    .text.HAL_InitTick  stm32g4xx_hal.o
    0x08002894   0x08002894   0x00000048   Code   RO           88    .text.HAL_MspInit   stm32g4xx_hal_msp.o
    0x080028dc   0x080028dc   0x00000014   Code   RO          859    .text.HAL_NVIC_EnableIRQ  stm32g4xx_hal_cortex.o
    0x080028f0   0x080028f0   0x0000002e   Code   RO          851    .text.HAL_NVIC_SetPriority  stm32g4xx_hal_cortex.o
    0x0800291e   0x0800291e   0x00000002   PAD
    0x08002920   0x08002920   0x00000010   Code   RO          847    .text.HAL_NVIC_SetPriorityGrouping  stm32g4xx_hal_cortex.o
    0x08002930   0x08002930   0x000001b4   Code   RO          768    .text.HAL_PWREx_ControlVoltageScaling  stm32g4xx_hal_pwr_ex.o
    0x08002ae4   0x08002ae4   0x00000012   Code   RO          838    .text.HAL_PWREx_DisableUCPDDeadBattery  stm32g4xx_hal_pwr_ex.o
    0x08002af6   0x08002af6   0x00000002   PAD
    0x08002af8   0x08002af8   0x0000045a   Code   RO          482    .text.HAL_RCCEx_PeriphCLKConfig  stm32g4xx_hal_rcc_ex.o
    0x08002f52   0x08002f52   0x00000002   PAD
    0x08002f54   0x08002f54   0x00000326   Code   RO          447    .text.HAL_RCC_ClockConfig  stm32g4xx_hal_rcc.o
    0x0800327a   0x0800327a   0x00000002   PAD
    0x0800327c   0x0800327c   0x000000fc   Code   RO          451    .text.HAL_RCC_GetSysClockFreq  stm32g4xx_hal_rcc.o
    0x08003378   0x08003378   0x000007b6   Code   RO          445    .text.HAL_RCC_OscConfig  stm32g4xx_hal_rcc.o
    0x08003b2e   0x08003b2e   0x00000002   PAD
    0x08003b30   0x08003b30   0x00000010   Code   RO          871    .text.HAL_SYSTICK_Config  stm32g4xx_hal_cortex.o
    0x08003b40   0x08003b40   0x00000008   Code   RO         1295    .text.HAL_TIMEx_Break2Callback  stm32g4xx_hal_tim_ex.o
    0x08003b48   0x08003b48   0x00000008   Code   RO         1293    .text.HAL_TIMEx_BreakCallback  stm32g4xx_hal_tim_ex.o
    0x08003b50   0x08003b50   0x00000008   Code   RO         1289    .text.HAL_TIMEx_CommutCallback  stm32g4xx_hal_tim_ex.o
    0x08003b58   0x08003b58   0x00000008   Code   RO         1299    .text.HAL_TIMEx_DirectionChangeCallback  stm32g4xx_hal_tim_ex.o
    0x08003b60   0x08003b60   0x00000008   Code   RO         1297    .text.HAL_TIMEx_EncoderIndexCallback  stm32g4xx_hal_tim_ex.o
    0x08003b68   0x08003b68   0x00000008   Code   RO         1301    .text.HAL_TIMEx_IndexErrorCallback  stm32g4xx_hal_tim_ex.o
    0x08003b70   0x08003b70   0x0000013e   Code   RO         1239    .text.HAL_TIMEx_MasterConfigSynchronization  stm32g4xx_hal_tim_ex.o
    0x08003cae   0x08003cae   0x00000002   PAD
    0x08003cb0   0x08003cb0   0x00000008   Code   RO         1303    .text.HAL_TIMEx_TransitionErrorCallback  stm32g4xx_hal_tim_ex.o
    0x08003cb8   0x08003cb8   0x000000a8   Code   RO          922    .text.HAL_TIM_Base_Init  stm32g4xx_hal_tim.o
    0x08003d60   0x08003d60   0x00000048   Code   RO           49    .text.HAL_TIM_Base_MspInit  tim.o
    0x08003da8   0x08003da8   0x000000e2   Code   RO          936    .text.HAL_TIM_Base_Start_IT  stm32g4xx_hal_tim.o
    0x08003e8a   0x08003e8a   0x00000002   PAD
    0x08003e8c   0x08003e8c   0x000001d4   Code   RO         1118    .text.HAL_TIM_ConfigClockSource  stm32g4xx_hal_tim.o
    0x08004060   0x08004060   0x00000008   Code   RO         1058    .text.HAL_TIM_IC_CaptureCallback  stm32g4xx_hal_tim.o
    0x08004068   0x08004068   0x00000300   Code   RO         1056    .text.HAL_TIM_IRQHandler  stm32g4xx_hal_tim.o
    0x08004368   0x08004368   0x00000008   Code   RO         1060    .text.HAL_TIM_OC_DelayElapsedCallback  stm32g4xx_hal_tim.o
    0x08004370   0x08004370   0x00000008   Code   RO         1062    .text.HAL_TIM_PWM_PulseFinishedCallback  stm32g4xx_hal_tim.o
    0x08004378   0x08004378   0x0000009a   Code   RO         1446    .text.HAL_TIM_PeriodElapsedCallback  my_adc.o
    0x08004412   0x08004412   0x00000002   PAD
    0x08004414   0x08004414   0x00000008   Code   RO         1066    .text.HAL_TIM_TriggerCallback  stm32g4xx_hal_tim.o
    0x0800441c   0x0800441c   0x00000004   Code   RO           63    .text.HardFault_Handler  stm32g4xx_it.o
    0x08004420   0x08004420   0x00000030   Code   RO         1482    .text.I2CInit       i2c_hal.o
    0x08004450   0x08004450   0x00000078   Code   RO         1480    .text.I2CReceiveByte  i2c_hal.o
    0x080044c8   0x080044c8   0x0000006c   Code   RO         1478    .text.I2CSendByte   i2c_hal.o
    0x08004534   0x08004534   0x00000036   Code   RO         1476    .text.I2CSendNotAck  i2c_hal.o
    0x0800456a   0x0800456a   0x00000002   PAD
    0x0800456c   0x0800456c   0x0000003e   Code   RO         1466    .text.I2CStart      i2c_hal.o
    0x080045aa   0x080045aa   0x00000002   PAD
    0x080045ac   0x080045ac   0x0000003e   Code   RO         1470    .text.I2CStop       i2c_hal.o
    0x080045ea   0x080045ea   0x00000002   PAD
    0x080045ec   0x080045ec   0x00000078   Code   RO         1472    .text.I2CWaitAck    i2c_hal.o
    0x08004664   0x08004664   0x00000030   Code   RO         1403    .text.LCD_BusIn     lcd.o
    0x08004694   0x08004694   0x00000032   Code   RO         1405    .text.LCD_BusOut    lcd.o
    0x080046c6   0x080046c6   0x00000002   PAD
    0x080046c8   0x080046c8   0x00000056   Code   RO         1377    .text.LCD_Clear     lcd.o
    0x0800471e   0x0800471e   0x00000002   PAD
    0x08004720   0x08004720   0x000000d6   Code   RO         1365    .text.LCD_CtrlLinesConfig  lcd.o
    0x080047f6   0x080047f6   0x00000002   PAD
    0x080047f8   0x080047f8   0x00000052   Code   RO         1387    .text.LCD_DisplayChar  lcd.o
    0x0800484a   0x0800484a   0x00000002   PAD
    0x0800484c   0x0800484c   0x0000007e   Code   RO         1375    .text.LCD_DisplayStringLine  lcd.o
    0x080048ca   0x080048ca   0x00000002   PAD
    0x080048cc   0x080048cc   0x000000ae   Code   RO         1385    .text.LCD_DrawChar  lcd.o
    0x0800497a   0x0800497a   0x00000002   PAD
    0x0800497c   0x0800497c   0x0000005e   Code   RO         1363    .text.LCD_Init      lcd.o
    0x080049da   0x080049da   0x00000002   PAD
    0x080049dc   0x080049dc   0x000000a8   Code   RO         1367    .text.LCD_ReadReg   lcd.o
    0x08004a84   0x08004a84   0x00000018   Code   RO         1371    .text.LCD_SetBackColor  lcd.o
    0x08004a9c   0x08004a9c   0x00000024   Code   RO         1379    .text.LCD_SetCursor  lcd.o
    0x08004ac0   0x08004ac0   0x00000018   Code   RO         1369    .text.LCD_SetTextColor  lcd.o
    0x08004ad8   0x08004ad8   0x0000006c   Code   RO         1383    .text.LCD_WriteRAM  lcd.o
    0x08004b44   0x08004b44   0x00000062   Code   RO         1381    .text.LCD_WriteRAM_Prepare  lcd.o
    0x08004ba6   0x08004ba6   0x00000002   PAD
    0x08004ba8   0x08004ba8   0x00000086   Code   RO         1359    .text.LCD_WriteReg  lcd.o
    0x08004c2e   0x08004c2e   0x00000002   PAD
    0x08004c30   0x08004c30   0x00000018   Code   RO          102    .text.LL_ADC_DisableDeepPowerDown  stm32g4xx_hal_adc.o
    0x08004c48   0x08004c48   0x0000001c   Code   RO          232    .text.LL_ADC_Enable  stm32g4xx_hal_adc.o
    0x08004c64   0x08004c64   0x0000001e   Code   RO          106    .text.LL_ADC_EnableInternalRegulator  stm32g4xx_hal_adc.o
    0x08004c82   0x08004c82   0x00000002   PAD
    0x08004c84   0x08004c84   0x00000010   Code   RO          194    .text.LL_ADC_GetCommonPathInternalCh  stm32g4xx_hal_adc.o
    0x08004c94   0x08004c94   0x00000010   Code   RO          126    .text.LL_ADC_GetMultimode  stm32g4xx_hal_adc.o
    0x08004ca4   0x08004ca4   0x0000001e   Code   RO          188    .text.LL_ADC_GetOffsetChannel  stm32g4xx_hal_adc.o
    0x08004cc2   0x08004cc2   0x00000002   PAD
    0x08004cc4   0x08004cc4   0x00000010   Code   RO          114    .text.LL_ADC_INJ_IsConversionOngoing  stm32g4xx_hal_adc.o
    0x08004cd4   0x08004cd4   0x00000010   Code   RO          100    .text.LL_ADC_IsDeepPowerDownEnabled  stm32g4xx_hal_adc.o
    0x08004ce4   0x08004ce4   0x00000010   Code   RO          110    .text.LL_ADC_IsEnabled  stm32g4xx_hal_adc.o
    0x08004cf4   0x08004cf4   0x00000010   Code   RO          104    .text.LL_ADC_IsInternalRegulatorEnabled  stm32g4xx_hal_adc.o
    0x08004d04   0x08004d04   0x00000010   Code   RO          108    .text.LL_ADC_REG_IsConversionOngoing  stm32g4xx_hal_adc.o
    0x08004d14   0x08004d14   0x0000003a   Code   RO          176    .text.LL_ADC_REG_SetSequencerRanks  stm32g4xx_hal_adc.o
    0x08004d4e   0x08004d4e   0x00000002   PAD
    0x08004d50   0x08004d50   0x0000001c   Code   RO          130    .text.LL_ADC_REG_StartConversion  stm32g4xx_hal_adc.o
    0x08004d6c   0x08004d6c   0x00000036   Code   RO          178    .text.LL_ADC_SetChannelSamplingTime  stm32g4xx_hal_adc.o
    0x08004da2   0x08004da2   0x00000002   PAD
    0x08004da4   0x08004da4   0x00000034   Code   RO          192    .text.LL_ADC_SetChannelSingleDiff  stm32g4xx_hal_adc.o
    0x08004dd8   0x08004dd8   0x0000001a   Code   RO          112    .text.LL_ADC_SetCommonClock  stm32g4xx_hal_adc.o
    0x08004df2   0x08004df2   0x00000002   PAD
    0x08004df4   0x08004df4   0x0000001a   Code   RO          196    .text.LL_ADC_SetCommonPathInternalCh  stm32g4xx_hal_adc.o
    0x08004e0e   0x08004e0e   0x00000002   PAD
    0x08004e10   0x08004e10   0x0000003c   Code   RO          182    .text.LL_ADC_SetOffset  stm32g4xx_hal_adc.o
    0x08004e4c   0x08004e4c   0x00000028   Code   RO          186    .text.LL_ADC_SetOffsetSaturation  stm32g4xx_hal_adc.o
    0x08004e74   0x08004e74   0x00000028   Code   RO          184    .text.LL_ADC_SetOffsetSign  stm32g4xx_hal_adc.o
    0x08004e9c   0x08004e9c   0x00000028   Code   RO          190    .text.LL_ADC_SetOffsetState  stm32g4xx_hal_adc.o
    0x08004ec4   0x08004ec4   0x0000001a   Code   RO          180    .text.LL_ADC_SetSamplingTimeCommonConfig  stm32g4xx_hal_adc.o
    0x08004ede   0x08004ede   0x00000002   PAD
    0x08004ee0   0x08004ee0   0x0000009e   Code   RO           33    .text.MX_ADC2_Init  adc.o
    0x08004f7e   0x08004f7e   0x00000002   PAD
    0x08004f80   0x08004f80   0x00000164   Code   RO           25    .text.MX_GPIO_Init  gpio.o
    0x080050e4   0x080050e4   0x00000084   Code   RO           47    .text.MX_TIM2_Init  tim.o
    0x08005168   0x08005168   0x00000004   Code   RO           65    .text.MemManage_Handler  stm32g4xx_it.o
    0x0800516c   0x0800516c   0x00000004   Code   RO           61    .text.NMI_Handler   stm32g4xx_it.o
    0x08005170   0x08005170   0x0000006c   Code   RO          857    .text.NVIC_EncodePriority  stm32g4xx_hal_cortex.o
    0x080051dc   0x080051dc   0x00000002   Code   RO           75    .text.PendSV_Handler  stm32g4xx_it.o
    0x080051de   0x080051de   0x00000002   PAD
    0x080051e0   0x080051e0   0x0000009c   Code   RO          449    .text.RCC_GetSysClockFreqFromPLLSource  stm32g4xx_hal_rcc.o
    0x0800527c   0x0800527c   0x0000011e   Code   RO         1357    .text.REG_8230_Init  lcd.o
    0x0800539a   0x0800539a   0x00000002   PAD
    0x0800539c   0x0800539c   0x0000021c   Code   RO         1361    .text.REG_932X_Init  lcd.o
    0x080055b8   0x080055b8   0x00000036   Code   RO         1462    .text.SCL_Output    i2c_hal.o
    0x080055ee   0x080055ee   0x00000002   PAD
    0x080055f0   0x080055f0   0x00000030   Code   RO         1464    .text.SDA_Input     i2c_hal.o
    0x08005620   0x08005620   0x00000030   Code   RO         1456    .text.SDA_Input_Mode  i2c_hal.o
    0x08005650   0x08005650   0x00000036   Code   RO         1460    .text.SDA_Output    i2c_hal.o
    0x08005686   0x08005686   0x00000002   PAD
    0x08005688   0x08005688   0x00000030   Code   RO         1458    .text.SDA_Output_Mode  i2c_hal.o
    0x080056b8   0x080056b8   0x00000002   Code   RO           71    .text.SVC_Handler   stm32g4xx_it.o
    0x080056ba   0x080056ba   0x00000002   PAD
    0x080056bc   0x080056bc   0x00000052   Code   RO          873    .text.SysTick_Config  stm32g4xx_hal_cortex.o
    0x0800570e   0x0800570e   0x00000002   PAD
    0x08005710   0x08005710   0x00000008   Code   RO           77    .text.SysTick_Handler  stm32g4xx_it.o
    0x08005718   0x08005718   0x00000076   Code   RO           13    .text.SystemClock_Config  main.o
    0x0800578e   0x0800578e   0x00000002   PAD
    0x08005790   0x08005790   0x00000012   Code   RO         1316    .text.SystemInit    system_stm32g4xx.o
    0x080057a2   0x080057a2   0x00000002   PAD
    0x080057a4   0x080057a4   0x00000010   Code   RO           79    .text.TIM2_IRQHandler  stm32g4xx_it.o
    0x080057b4   0x080057b4   0x00000196   Code   RO          926    .text.TIM_Base_SetConfig  stm32g4xx_hal_tim.o
    0x0800594a   0x0800594a   0x00000002   PAD
    0x0800594c   0x0800594c   0x00000034   Code   RO         1116    .text.TIM_ETR_SetConfig  stm32g4xx_hal_tim.o
    0x08005980   0x08005980   0x00000030   Code   RO         1122    .text.TIM_ITRx_SetConfig  stm32g4xx_hal_tim.o
    0x080059b0   0x080059b0   0x00000050   Code   RO         1120    .text.TIM_TI1_ConfigInputStage  stm32g4xx_hal_tim.o
    0x08005a00   0x08005a00   0x00000052   Code   RO         1124    .text.TIM_TI2_ConfigInputStage  stm32g4xx_hal_tim.o
    0x08005a52   0x08005a52   0x00000002   PAD
    0x08005a54   0x08005a54   0x00000004   Code   RO           69    .text.UsageFault_Handler  stm32g4xx_it.o
    0x08005a58   0x08005a58   0x00000030   Code   RO          861    .text.__NVIC_EnableIRQ  stm32g4xx_hal_cortex.o
    0x08005a88   0x08005a88   0x00000010   Code   RO          853    .text.__NVIC_GetPriorityGrouping  stm32g4xx_hal_cortex.o
    0x08005a98   0x08005a98   0x00000042   Code   RO          855    .text.__NVIC_SetPriority  stm32g4xx_hal_cortex.o
    0x08005ada   0x08005ada   0x00000002   PAD
    0x08005adc   0x08005adc   0x0000003c   Code   RO          849    .text.__NVIC_SetPriorityGrouping  stm32g4xx_hal_cortex.o
    0x08005b18   0x08005b18   0x00000022   Code   RO         1468    .text.delay1        i2c_hal.o
    0x08005b3a   0x08005b3a   0x00000002   PAD
    0x08005b3c   0x08005b3c   0x00000048   Code   RO         1486    .text.eeprom_read   i2c_hal.o
    0x08005b84   0x08005b84   0x00000040   Code   RO         1484    .text.eeprom_write  i2c_hal.o
    0x08005bc4   0x08005bc4   0x00000004   PAD
    0x08005bc8   0x08005bc8   0x00000060   Code   RO         1444    .text.get_vol       my_adc.o
    0x08005c28   0x08005c28   0x000001a4   Code   RO         1338    .text.key_scan      key.o
    0x08005dcc   0x08005dcc   0x00000076   Code   RO         1433    .text.lcd_show      my_lcd.o
    0x08005e42   0x08005e42   0x00000002   PAD
    0x08005e44   0x08005e44   0x00000074   Code   RO         1330    .text.led_show      led.o
    0x08005eb8   0x08005eb8   0x00000258   Code   RO         1429    .text.lock_show     my_lcd.o
    0x08006110   0x08006110   0x000000d4   Code   RO           11    .text.main          main.o
    0x080061e4   0x080061e4   0x00000004   PAD
    0x080061e8   0x080061e8   0x000002a0   Code   RO         1431    .text.set_show      my_lcd.o
    0x08006488   0x08006488   0x0000003e   Code   RO         1680    CL$$btod_d2e        c_w.l(btod.o)
    0x080064c6   0x080064c6   0x00000046   Code   RO         1682    CL$$btod_d2e_denorm_low  c_w.l(btod.o)
    0x0800650c   0x0800650c   0x00000060   Code   RO         1681    CL$$btod_d2e_norm_op1  c_w.l(btod.o)
    0x0800656c   0x0800656c   0x00000338   Code   RO         1690    CL$$btod_div_common  c_w.l(btod.o)
    0x080068a4   0x080068a4   0x000000dc   Code   RO         1687    CL$$btod_e2e        c_w.l(btod.o)
    0x08006980   0x08006980   0x0000002a   Code   RO         1684    CL$$btod_ediv       c_w.l(btod.o)
    0x080069aa   0x080069aa   0x0000002a   Code   RO         1683    CL$$btod_emul       c_w.l(btod.o)
    0x080069d4   0x080069d4   0x00000244   Code   RO         1689    CL$$btod_mult_common  c_w.l(btod.o)
    0x08006c18   0x08006c18   0x00000030   Code   RO         1717    i.__ARM_fpclassify  m_wm.l(fpclassify.o)
    0x08006c48   0x08006c48   0x0000000e   Code   RO         1577    i._is_digit         c_w.l(__printf_wp.o)
    0x08006c56   0x08006c56   0x00000002   PAD
    0x08006c58   0x08006c58   0x0000002c   Code   RO         1705    locale$$code        c_w.l(lc_numeric_c.o)
    0x08006c84   0x08006c84   0x0000002c   Code   RO         1727    locale$$code        c_w.l(lc_ctype_c.o)
    0x08006cb0   0x08006cb0   0x00000018   Code   RO         1664    x$fpl$dcmpinf       fz_wm.l(dcmpi.o)
    0x08006cc8   0x08006cc8   0x000002b4   Code   RO         1507    x$fpl$ddiv          fz_wm.l(ddiv.o)
    0x08006f7c   0x08006f7c   0x00000078   Code   RO         1610    x$fpl$deqf          fz_wm.l(deqf.o)
    0x08006ff4   0x08006ff4   0x00000026   Code   RO         1510    x$fpl$dfltu         fz_wm.l(dflt_clz.o)
    0x0800701a   0x0800701a   0x00000002   PAD
    0x0800701c   0x0800701c   0x00000078   Code   RO         1612    x$fpl$dgeqf         fz_wm.l(dgeqf.o)
    0x08007094   0x08007094   0x00000078   Code   RO         1614    x$fpl$dleqf         fz_wm.l(dleqf.o)
    0x0800710c   0x0800710c   0x00000154   Code   RO         1516    x$fpl$dmul          fz_wm.l(dmul.o)
    0x08007260   0x08007260   0x0000009c   Code   RO         1616    x$fpl$dnaninf       fz_wm.l(dnaninf.o)
    0x080072fc   0x080072fc   0x0000000c   Code   RO         1618    x$fpl$dretinf       fz_wm.l(dretinf.o)
    0x08007308   0x08007308   0x00000054   Code   RO         1504    x$fpl$fcmp          fz_wm.l(dcmp.o)
    0x0800735c   0x0800735c   0x0000001a   Code   RO         1789    x$fpl$fpinit        fz_wm.l(fpinit.o)
    0x08007376   0x08007376   0x00000004   Code   RO         1620    x$fpl$printf1       fz_wm.l(printf1.o)
    0x0800737a   0x0800737a   0x00000004   Code   RO         1622    x$fpl$printf2       fz_wm.l(printf2.o)
    0x0800737e   0x0800737e   0x00000000   Code   RO         1628    x$fpl$usenofp       fz_wm.l(usenofp.o)
    0x0800737e   0x0800737e   0x00000002   PAD
    0x08007380   0x08007380   0x00000008   Data   RO         1536    .constdata          c_w.l(_printf_wctomb.o)
    0x08007388   0x08007388   0x00000028   Data   RO         1565    .constdata          c_w.l(_printf_hex_int_ll_ptr.o)
    0x080073b0   0x080073b0   0x00000011   Data   RO         1585    .constdata          c_w.l(__printf_flags_ss_wp.o)
    0x080073c1   0x080073c1   0x00000026   Data   RO         1653    .constdata          c_w.l(_printf_fp_hex.o)
    0x080073e7   0x080073e7   0x00000001   PAD
    0x080073e8   0x080073e8   0x00000094   Data   RO         1678    .constdata          c_w.l(bigflt0.o)
    0x0800747c   0x0800747c   0x00000010   Data   RO         1321    .rodata.AHBPrescTable  system_stm32g4xx.o
    0x0800748c   0x0800748c   0x000011d0   Data   RO         1417    .rodata.ASCII_Table  lcd.o
    0x0800865c   0x0800865c   0x00000050   Data   RO         1436    .rodata.str1.1      my_lcd.o
    0x080086ac   0x080086ac   0x00000020   Data   RO         1864    Region$$Table       anon$$obj.o
    0x080086cc   0x080086cc   0x0000001c   Data   RO         1704    locale$$data        c_w.l(lc_numeric_c.o)
    0x080086e8   0x080086e8   0x00000110   Data   RO         1726    locale$$data        c_w.l(lc_ctype_c.o)


    Execution Region RW_IRAM1 (Exec base: 0x20000000, Load base: 0x080087f8, Size: 0x00000760, Max: 0x00008000, ABSOLUTE)

    Exec Addr    Load Addr    Size         Type   Attr      Idx    E Section Name        Object

    0x20000000   0x080087f8   0x00000001   Data   RW         1340    .data.B1_last_state  key.o
    0x20000001   0x080087f9   0x00000001   PAD
    0x20000002   0x080087fa   0x00000002   Data   RW         1420    .data.BackColor     lcd.o
    0x20000004   0x080087fc   0x00000004   Data   RW         1320    .data.SystemCoreClock  system_stm32g4xx.o
    0x20000008   0x08008800   0x00000003   Data   RW         1341    .data.pwd_in        key.o
    0x2000000b   0x08008803   0x00000001   PAD
    0x2000000c   0x08008804   0x00000004   Data   RW          434    .data.uwTickFreq    stm32g4xx_hal.o
    0x20000010   0x08008808   0x00000004   Data   RW          433    .data.uwTickPrio    stm32g4xx_hal.o
    0x20000014   0x0800880c   0x00000004   PAD
    0x20000018        -       0x00000060   Zero   RW         1720    .bss                c_w.l(libspace.o)
    0x20000078        -       0x00000001   Zero   RW         1342    .bss.B1_state       key.o
    0x20000079   0x0800880c   0x00000001   PAD
    0x2000007a        -       0x00000002   Zero   RW         1419    .bss.TextColor      lcd.o
    0x2000007c        -       0x00000001   Zero   RW         1344    .bss.code_switch    key.o
    0x2000007d   0x0800880c   0x00000001   PAD
    0x2000007e        -       0x00000002   Zero   RW         1418    .bss.dummy          lcd.o
    0x20000080        -       0x00000001   Zero   RW         1345    .bss.enter_flag     key.o
    0x20000081   0x0800880c   0x00000003   PAD
    0x20000084        -       0x0000006c   Zero   RW           39    .bss.hadc2          adc.o
    0x200000f0        -       0x0000004c   Zero   RW           53    .bss.htim2          tim.o
    0x2000013c        -       0x00000003   Zero   RW         1346    .bss.pwd_real       key.o
    0x2000013f        -       0x00000001   Zero   RW         1343    .bss.show_switch    key.o
    0x20000140        -       0x00000001   Zero   RW         1347    .bss.start_flag     key.o
    0x20000141        -       0x00000014   Zero   RW         1435    .bss.text           my_lcd.o
    0x20000155   0x0800880c   0x00000003   PAD
    0x20000158        -       0x00000004   Zero   RW         1448    .bss.timer_3S       my_adc.o
    0x2000015c        -       0x00000004   Zero   RW          435    .bss.uwTick         stm32g4xx_hal.o
    0x20000160        -       0x00000200   Zero   RW            2    HEAP                startup_stm32g431xx.o
    0x20000360        -       0x00000400   Zero   RW            1    STACK               startup_stm32g431xx.o


==============================================================================

Image component sizes


      Code (inc. data)   RO Data    RW Data    ZI Data      Debug   Object Name

       324          0          0          0        108       6905   adc.o
       356          0          0          0          0       2419   gpio.o
       996          0          0          0          0       3446   i2c_hal.o
       420          0          0          4          8       1400   key.o
      2374          0       4560          2          4       8420   lcd.o
       116          0          0          0          0       1180   led.o
       344          0          0          0          0       2262   main.o
       250         16          0          0          4       4526   my_adc.o
      1390         32         80          0         20       1441   my_lcd.o
        64         26        472          0       1536        836   startup_stm32g431xx.o
       288          0          0          8          4       8395   stm32g4xx_hal.o
      4236          0          0          0          0      21915   stm32g4xx_hal_adc.o
       478          0          0          0          0       9352   stm32g4xx_hal_cortex.o
       962          0          0          0          0       5279   stm32g4xx_hal_gpio.o
        72          0          0          0          0       1617   stm32g4xx_hal_msp.o
       454          0          0          0          0       7770   stm32g4xx_hal_pwr_ex.o
      3188          0          0          0          0       9358   stm32g4xx_hal_rcc.o
      1114          0          0          0          0      10877   stm32g4xx_hal_rcc_ex.o
      2330          0          0          0          0      37661   stm32g4xx_hal_tim.o
       374          0          0          0          0      21542   stm32g4xx_hal_tim_ex.o
        50          0          0          0          0       1098   stm32g4xx_it.o
        18          0         16          4          0       2668   system_stm32g4xx.o
       204          0          0          0         76       7583   tim.o

    ----------------------------------------------------------------------
     20508         74       5160         20       1772     177950   Object Totals
         0          0         32          0          0          0   (incl. Generated)
       106          0          0          2         12          0   (incl. Padding)

    ----------------------------------------------------------------------

      Code (inc. data)   RO Data    RW Data    ZI Data      Debug   Library Member Name

         8          0          0          0          0         68   __main.o
       392          4         17          0          0         92   __printf_flags_ss_wp.o
        14          0          0          0          0         68   __printf_wp.o
         0          0          0          0          0          0   __rtentry.o
        12          0          0          0          0          0   __rtentry2.o
         6          0          0          0          0          0   __rtentry4.o
        52          8          0          0          0          0   __scatter.o
        26          0          0          0          0          0   __scatter_copy.o
        28          0          0          0          0          0   __scatter_zi.o
        72          0          0          0          0         96   _c16rtomb.o
         6          0          0          0          0          0   _printf_a.o
         6          0          0          0          0          0   _printf_c.o
        44          0          0          0          0        108   _printf_char.o
        48          6          0          0          0         96   _printf_char_common.o
        40          0          0          0          0         68   _printf_charcount.o
         6          0          0          0          0          0   _printf_d.o
       120         16          0          0          0         92   _printf_dec.o
         6          0          0          0          0          0   _printf_e.o
         6          0          0          0          0          0   _printf_f.o
      1052          0          0          0          0        148   _printf_fp_dec.o
       764          8         38          0          0        100   _printf_fp_hex.o
       128         16          0          0          0         84   _printf_fp_infnan.o
         6          0          0          0          0          0   _printf_g.o
       148          4         40          0          0        160   _printf_hex_int_ll_ptr.o
         6          0          0          0          0          0   _printf_i.o
       178          0          0          0          0         88   _printf_intcommon.o
        10          0          0          0          0          0   _printf_l.o
         6          0          0          0          0          0   _printf_lc.o
        10          0          0          0          0          0   _printf_ll.o
         6          0          0          0          0          0   _printf_lld.o
         6          0          0          0          0          0   _printf_lli.o
         6          0          0          0          0          0   _printf_llo.o
         6          0          0          0          0          0   _printf_llu.o
         6          0          0          0          0          0   _printf_llx.o
       124         16          0          0          0         92   _printf_longlong_dec.o
         6          0          0          0          0          0   _printf_ls.o
         6          0          0          0          0          0   _printf_n.o
         6          0          0          0          0          0   _printf_o.o
       112          8          0          0          0        124   _printf_oct_int_ll.o
         6          0          0          0          0          0   _printf_p.o
        78          0          0          0          0        108   _printf_pad.o
         0          0          0          0          0          0   _printf_percent.o
         4          0          0          0          0          0   _printf_percent_end.o
         6          0          0          0          0          0   _printf_s.o
        82          0          0          0          0         80   _printf_str.o
        36          0          0          0          0         84   _printf_truncate.o
         6          0          0          0          0          0   _printf_u.o
        44          0          0          0          0        108   _printf_wchar.o
       188          6          8          0          0         92   _printf_wctomb.o
         6          0          0          0          0          0   _printf_x.o
        10          0          0          0          0         68   _sputc.o
       228          4        148          0          0         96   bigflt0.o
      1936        128          0          0          0        668   btod.o
        18          0          0          0          0         80   exit.o
         6          0          0          0          0        152   heapauxi.o
         0          0          0          0          0          0   indicate_semi.o
        44         10        272          0          0         76   lc_ctype_c.o
        44         10         28          0          0         76   lc_numeric_c.o
         2          0          0          0          0          0   libinit.o
        34          0          0          0          0          0   libinit2.o
         2          0          0          0          0          0   libshutdown.o
         2          0          0          0          0          0   libshutdown2.o
         8          4          0          0         96         68   libspace.o
       138          0          0          0          0         80   lludiv10.o
        16          4          0          0          0         76   rt_ctype_table.o
         8          4          0          0          0         68   rt_locale_intlibspace.o
        78          0          0          0          0         80   rt_memclr_w.o
         2          0          0          0          0          0   rtexit.o
        10          0          0          0          0          0   rtexit2.o
        44          6          0          0          0         84   sprintf.o
       124          0          0          0          0         88   strcmpv7em.o
        12          4          0          0          0         68   sys_exit.o
        74          0          0          0          0         80   sys_stackheap_outer.o
         2          0          0          0          0         68   use_no_semi.o
        84          0          0          0          0        244   dcmp.o
        24          0          0          0          0        116   dcmpi.o
       692        140          0          0          0        264   ddiv.o
       120          4          0          0          0        140   deqf.o
        38          0          0          0          0        116   dflt_clz.o
       120          4          0          0          0        140   dgeqf.o
       120          4          0          0          0        140   dleqf.o
       340         12          0          0          0        152   dmul.o
       156          4          0          0          0        140   dnaninf.o
        12          0          0          0          0        116   dretinf.o
        26          0          0          0          0        116   fpinit.o
         4          0          0          0          0        116   printf1.o
         4          0          0          0          0        116   printf2.o
         0          0          0          0          0          0   usenofp.o
        48          0          0          0          0        124   fpclassify.o

    ----------------------------------------------------------------------
      8588        434        552          0         96       5972   Library Totals
        18          0          1          0          0          0   (incl. Padding)

    ----------------------------------------------------------------------

      Code (inc. data)   RO Data    RW Data    ZI Data      Debug   Library Name

      6782        266        551          0         96       3932   c_w.l
      1740        168          0          0          0       1916   fz_wm.l
        48          0          0          0          0        124   m_wm.l

    ----------------------------------------------------------------------
      8588        434        552          0         96       5972   Library Totals

    ----------------------------------------------------------------------

==============================================================================


      Code (inc. data)   RO Data    RW Data    ZI Data      Debug   

     29096        508       5712         20       1868     180222   Grand Totals
     29096        508       5712         20       1868     180222   ELF Image Totals
     29096        508       5712         20          0          0   ROM Totals

==============================================================================

    Total RO  Size (Code + RO Data)                34808 (  33.99kB)
    Total RW  Size (RW Data + ZI Data)              1888 (   1.84kB)
    Total ROM Size (Code + RO Data + RW Data)      34828 (  34.01kB)

==============================================================================

