<html>
<body>
<pre>
<h1>µVision Build Log</h1>
<h2>Tool Versions:</h2>
IDE-Version: ¦ÌVision V5.23.0.0
Copyright (C) 2017 ARM Ltd and ARM Germany GmbH. All rights reserved.
License Information: m sd, msd, LIC=03C6R-KM752-RA6DM-XAXWM-BGK9L-K37CR
 
Tool Versions:
Toolchain:       MDK-ARM Plus  Version: 5.23
Toolchain Path:  D:\keil for two\ARM\ARMCC\Bin
C Compiler:      Armcc.exe V5.06 update 4 (build 422)
Assembler:       Armasm.exe V5.06 update 4 (build 422)
Linker/Locator:  ArmLink.exe V5.06 update 4 (build 422)
Library Manager: ArmAr.exe V5.06 update 4 (build 422)
Hex Converter:   FromElf.exe V5.06 update 4 (build 422)
CPU DLL:         SARMCM3.DLL V5.23
Dialog DLL:      DCM.DLL V1.15.0.0
Target DLL:      CMSIS_AGDI.dll V1.27.5.0
Dialog DLL:      TCM.DLL V1.27.0.0
 
<h2>Project:</h2>
D:\lq_qrs\review\cs\MDK-ARM\review.uvprojx
Project File Date:  03/13/2024

<h2>Output:</h2>
*** Using Compiler 'V5.06 update 4 (build 422)', folder: 'D:\keil for two\ARM\ARMCC\Bin'
Build target 'review'
compiling i2c_hal.c...
compiling lcd.c...
compiling adc.c...
compiling key.c...
compiling main.c...
compiling led.c...
compiling gpio.c...
compiling rtc.c...
compiling dac.c...
compiling usart.c...
compiling stm32g4xx_it.c...
compiling stm32g4xx_hal_msp.c...
compiling tim.c...
linking...
Program Size: Code=26628 RO-data=5088 RW-data=136 ZI-data=2096  
FromELF: creating hex file...
"review\review.axf" - 0 Error(s), 0 Warning(s).

<h2>Software Packages used:</h2>

Package Vendor: ARM
                http://www.keil.com/pack/ARM.CMSIS.5.0.1.pack
                ARM::CMSIS:CORE:5.0.1
                CMSIS (Cortex Microcontroller Software Interface Standard)
   * Component: CORE Version: 5.0.1

<h2>Collection of Component include folders:</h2>
  .\RTE\_review
  D:\keil for two\ARM\PACK\ARM\CMSIS\5.0.1\CMSIS\Include
  D:\keil for two\ARM\PACK\Keil\STM32G4xx_DFP\1.1.1\Drivers\CMSIS\Device\ST\STM32G4xx\Include

<h2>Collection of Component Files used:</h2>

   * Component: ARM::CMSIS:CORE:5.0.1
Build Time Elapsed:  00:00:12
</pre>
</body>
</html>
