Component: Arm Compiler for Embedded 6.19 Tool: armlink [5e73cb00]

==============================================================================

Section Cross References

    startup_stm32g431xx.o(RESET) refers to startup_stm32g431xx.o(STACK) for __initial_sp
    startup_stm32g431xx.o(RESET) refers to startup_stm32g431xx.o(.text) for Reset_Handler
    startup_stm32g431xx.o(RESET) refers to stm32g4xx_it.o(.text.NMI_Handler) for NMI_Handler
    startup_stm32g431xx.o(RESET) refers to stm32g4xx_it.o(.text.HardFault_Handler) for HardFault_Handler
    startup_stm32g431xx.o(RESET) refers to stm32g4xx_it.o(.text.MemManage_Handler) for MemManage_Handler
    startup_stm32g431xx.o(RESET) refers to stm32g4xx_it.o(.text.BusFault_Handler) for BusFault_Handler
    startup_stm32g431xx.o(RESET) refers to stm32g4xx_it.o(.text.UsageFault_Handler) for UsageFault_Handler
    startup_stm32g431xx.o(RESET) refers to stm32g4xx_it.o(.text.SVC_Handler) for SVC_Handler
    startup_stm32g431xx.o(RESET) refers to stm32g4xx_it.o(.text.DebugMon_Handler) for DebugMon_Handler
    startup_stm32g431xx.o(RESET) refers to stm32g4xx_it.o(.text.PendSV_Handler) for PendSV_Handler
    startup_stm32g431xx.o(RESET) refers to stm32g4xx_it.o(.text.SysTick_Handler) for SysTick_Handler
    startup_stm32g431xx.o(RESET) refers to stm32g4xx_it.o(.text.DMA1_Channel1_IRQHandler) for DMA1_Channel1_IRQHandler
    startup_stm32g431xx.o(RESET) refers to stm32g4xx_it.o(.text.DMA1_Channel2_IRQHandler) for DMA1_Channel2_IRQHandler
    startup_stm32g431xx.o(RESET) refers to stm32g4xx_it.o(.text.TIM2_IRQHandler) for TIM2_IRQHandler
    startup_stm32g431xx.o(RESET) refers to stm32g4xx_it.o(.text.TIM3_IRQHandler) for TIM3_IRQHandler
    startup_stm32g431xx.o(RESET) refers to stm32g4xx_it.o(.text.USART1_IRQHandler) for USART1_IRQHandler
    startup_stm32g431xx.o(.text) refers to system_stm32g4xx.o(.text.SystemInit) for SystemInit
    startup_stm32g431xx.o(.text) refers to entry.o(.ARM.Collect$$$$00000000) for __main
    main.o(.text.main) refers to stm32g4xx_hal.o(.text.HAL_Init) for HAL_Init
    main.o(.text.main) refers to main.o(.text.SystemClock_Config) for SystemClock_Config
    main.o(.text.main) refers to gpio.o(.text.MX_GPIO_Init) for MX_GPIO_Init
    main.o(.text.main) refers to dma.o(.text.MX_DMA_Init) for MX_DMA_Init
    main.o(.text.main) refers to usart.o(.text.MX_USART1_UART_Init) for MX_USART1_UART_Init
    main.o(.text.main) refers to adc.o(.text.MX_ADC2_Init) for MX_ADC2_Init
    main.o(.text.main) refers to adc.o(.text.MX_ADC1_Init) for MX_ADC1_Init
    main.o(.text.main) refers to tim.o(.text.MX_TIM3_Init) for MX_TIM3_Init
    main.o(.text.main) refers to tim.o(.text.MX_TIM16_Init) for MX_TIM16_Init
    main.o(.text.main) refers to tim.o(.text.MX_TIM2_Init) for MX_TIM2_Init
    main.o(.text.main) refers to stm32g4xx_hal_gpio.o(.text.HAL_GPIO_WritePin) for HAL_GPIO_WritePin
    main.o(.text.main) refers to lcd.o(.text.LCD_Init) for LCD_Init
    main.o(.text.main) refers to lcd.o(.text.LCD_Clear) for LCD_Clear
    main.o(.text.main) refers to lcd.o(.text.LCD_SetTextColor) for LCD_SetTextColor
    main.o(.text.main) refers to lcd.o(.text.LCD_SetBackColor) for LCD_SetBackColor
    main.o(.text.main) refers to adc.o(.bss.hadc1) for hadc1
    main.o(.text.main) refers to stm32g4xx_hal_adc_ex.o(.text.HAL_ADCEx_Calibration_Start) for HAL_ADCEx_Calibration_Start
    main.o(.text.main) refers to adc.o(.bss.hadc2) for hadc2
    main.o(.text.main) refers to tim.o(.bss.htim3) for htim3
    main.o(.text.main) refers to stm32g4xx_hal_tim.o(.text.HAL_TIM_IC_Start_IT) for HAL_TIM_IC_Start_IT
    main.o(.text.main) refers to tim.o(.bss.htim16) for htim16
    main.o(.text.main) refers to stm32g4xx_hal_tim.o(.text.HAL_TIM_PWM_Start) for HAL_TIM_PWM_Start
    main.o(.text.main) refers to usart.o(.bss.huart1) for huart1
    main.o(.text.main) refers to my_usart.o(.bss.rx_buff) for rx_buff
    main.o(.text.main) refers to stm32g4xx_hal_uart_ex.o(.text.HAL_UARTEx_ReceiveToIdle_DMA) for HAL_UARTEx_ReceiveToIdle_DMA
    main.o(.text.main) refers to i2c_hal.o(.text.mcp4017_write) for mcp4017_write
    main.o(.text.main) refers to tim.o(.bss.htim2) for htim2
    main.o(.text.main) refers to stm32g4xx_hal_tim.o(.text.HAL_TIM_Base_Start_IT) for HAL_TIM_Base_Start_IT
    main.o(.text.main) refers to led.o(.bss.data) for data
    main.o(.text.main) refers to led.o(.text.get_many_vol) for get_many_vol
    main.o(.text.main) refers to show.o(.text.lcd_show) for lcd_show
    main.o(.text.main) refers to key.o(.text.key_scan) for key_scan
    main.o(.text.main) refers to my_usart.o(.text.rx_handle) for rx_handle
    main.o(.text.main) refers to led.o(.bss.LED1_state) for LED1_state
    main.o(.text.main) refers to led.o(.text.led_show) for led_show
    main.o(.ARM.exidx.text.main) refers to main.o(.text.main) for [Anonymous Symbol]
    main.o(.text.SystemClock_Config) refers to memseta.o(.text) for __aeabi_memclr4
[...]
    [Anonymous Symbol]                       0x08007524   Section        0  stm32g4xx_hal_tim.o(.text.TIM_OC2_SetConfig)
    TIM_OC3_SetConfig                        0x08007695   Thumb Code   366  stm32g4xx_hal_tim.o(.text.TIM_OC3_SetConfig)
    [Anonymous Symbol]                       0x08007694   Section        0  stm32g4xx_hal_tim.o(.text.TIM_OC3_SetConfig)
    TIM_OC4_SetConfig                        0x08007805   Thumb Code   368  stm32g4xx_hal_tim.o(.text.TIM_OC4_SetConfig)
    [Anonymous Symbol]                       0x08007804   Section        0  stm32g4xx_hal_tim.o(.text.TIM_OC4_SetConfig)
    TIM_OC5_SetConfig                        0x08007975   Thumb Code   210  stm32g4xx_hal_tim.o(.text.TIM_OC5_SetConfig)
    [Anonymous Symbol]                       0x08007974   Section        0  stm32g4xx_hal_tim.o(.text.TIM_OC5_SetConfig)
    TIM_OC6_SetConfig                        0x08007a49   Thumb Code   212  stm32g4xx_hal_tim.o(.text.TIM_OC6_SetConfig)
    [Anonymous Symbol]                       0x08007a48   Section        0  stm32g4xx_hal_tim.o(.text.TIM_OC6_SetConfig)
    TIM_TI1_ConfigInputStage                 0x08007b1d   Thumb Code    80  stm32g4xx_hal_tim.o(.text.TIM_TI1_ConfigInputStage)
    [Anonymous Symbol]                       0x08007b1c   Section        0  stm32g4xx_hal_tim.o(.text.TIM_TI1_ConfigInputStage)
    [Anonymous Symbol]                       0x08007b6c   Section        0  stm32g4xx_hal_tim.o(.text.TIM_TI1_SetConfig)
    TIM_TI2_ConfigInputStage                 0x08007c5d   Thumb Code    82  stm32g4xx_hal_tim.o(.text.TIM_TI2_ConfigInputStage)
    [Anonymous Symbol]                       0x08007c5c   Section        0  stm32g4xx_hal_tim.o(.text.TIM_TI2_ConfigInputStage)
    TIM_TI2_SetConfig                        0x08007cb1   Thumb Code   108  stm32g4xx_hal_tim.o(.text.TIM_TI2_SetConfig)
    [Anonymous Symbol]                       0x08007cb0   Section        0  stm32g4xx_hal_tim.o(.text.TIM_TI2_SetConfig)
    TIM_TI3_SetConfig                        0x08007d1d   Thumb Code   106  stm32g4xx_hal_tim.o(.text.TIM_TI3_SetConfig)
    [Anonymous Symbol]                       0x08007d1c   Section        0  stm32g4xx_hal_tim.o(.text.TIM_TI3_SetConfig)
    TIM_TI4_SetConfig                        0x08007d89   Thumb Code   108  stm32g4xx_hal_tim.o(.text.TIM_TI4_SetConfig)
    [Anonymous Symbol]                       0x08007d88   Section        0  stm32g4xx_hal_tim.o(.text.TIM_TI4_SetConfig)
    UARTEx_SetNbDataToProcess                0x08007df5   Thumb Code   134  stm32g4xx_hal_uart_ex.o(.text.UARTEx_SetNbDataToProcess)
    [Anonymous Symbol]                       0x08007df4   Section        0  stm32g4xx_hal_uart_ex.o(.text.UARTEx_SetNbDataToProcess)
    [Anonymous Symbol]                       0x08007e7c   Section        0  stm32g4xx_hal_uart.o(.text.UART_AdvFeatureConfig)
    [Anonymous Symbol]                       0x08007fc4   Section        0  stm32g4xx_hal_uart.o(.text.UART_CheckIdleState)
    UART_DMAAbortOnError                     0x0800810d   Thumb Code    30  stm32g4xx_hal_uart.o(.text.UART_DMAAbortOnError)
    [Anonymous Symbol]                       0x0800810c   Section        0  stm32g4xx_hal_uart.o(.text.UART_DMAAbortOnError)
    UART_DMAError                            0x0800812d   Thumb Code   128  stm32g4xx_hal_uart.o(.text.UART_DMAError)
    [Anonymous Symbol]                       0x0800812c   Section        0  stm32g4xx_hal_uart.o(.text.UART_DMAError)
    UART_DMAReceiveCplt                      0x080081ad   Thumb Code   248  stm32g4xx_hal_uart.o(.text.UART_DMAReceiveCplt)
    [Anonymous Symbol]                       0x080081ac   Section        0  stm32g4xx_hal_uart.o(.text.UART_DMAReceiveCplt)
    UART_DMARxHalfCplt                       0x080082a5   Thumb Code    54  stm32g4xx_hal_uart.o(.text.UART_DMARxHalfCplt)
    [Anonymous Symbol]                       0x080082a4   Section        0  stm32g4xx_hal_uart.o(.text.UART_DMARxHalfCplt)
    UART_DMATransmitCplt                     0x080082dd   Thumb Code   124  stm32g4xx_hal_uart.o(.text.UART_DMATransmitCplt)
    [Anonymous Symbol]                       0x080082dc   Section        0  stm32g4xx_hal_uart.o(.text.UART_DMATransmitCplt)
    UART_DMATxHalfCplt                       0x08008359   Thumb Code    22  stm32g4xx_hal_uart.o(.text.UART_DMATxHalfCplt)
    [Anonymous Symbol]                       0x08008358   Section        0  stm32g4xx_hal_uart.o(.text.UART_DMATxHalfCplt)
    UART_EndRxTransfer                       0x08008371   Thumb Code   158  stm32g4xx_hal_uart.o(.text.UART_EndRxTransfer)
    [Anonymous Symbol]                       0x08008370   Section        0  stm32g4xx_hal_uart.o(.text.UART_EndRxTransfer)
    UART_EndTransmit_IT                      0x08008411   Thumb Code    68  stm32g4xx_hal_uart.o(.text.UART_EndTransmit_IT)
    [Anonymous Symbol]                       0x08008410   Section        0  stm32g4xx_hal_uart.o(.text.UART_EndTransmit_IT)
    UART_EndTxTransfer                       0x08008455   Thumb Code    92  stm32g4xx_hal_uart.o(.text.UART_EndTxTransfer)
    [Anonymous Symbol]                       0x08008454   Section        0  stm32g4xx_hal_uart.o(.text.UART_EndTxTransfer)
    [Anonymous Symbol]                       0x080084b0   Section        0  stm32g4xx_hal_uart.o(.text.UART_SetConfig)
    [Anonymous Symbol]                       0x08008a20   Section        0  stm32g4xx_hal_uart.o(.text.UART_Start_Receive_DMA)
    [Anonymous Symbol]                       0x08008b50   Section        0  stm32g4xx_hal_uart.o(.text.UART_WaitOnFlagUntilTimeout)
    [Anonymous Symbol]                       0x08008c5c   Section        0  stm32g4xx_it.o(.text.USART1_IRQHandler)
    [Anonymous Symbol]                       0x08008c6c   Section        0  stm32g4xx_it.o(.text.UsageFault_Handler)
    __NVIC_EnableIRQ                         0x08008c71   Thumb Code    48  stm32g4xx_hal_cortex.o(.text.__NVIC_EnableIRQ)
    [Anonymous Symbol]                       0x08008c70   Section        0  stm32g4xx_hal_cortex.o(.text.__NVIC_EnableIRQ)
    __NVIC_GetPriorityGrouping               0x08008ca1   Thumb Code    16  stm32g4xx_hal_cortex.o(.text.__NVIC_GetPriorityGrouping)
    [Anonymous Symbol]                       0x08008ca0   Section        0  stm32g4xx_hal_cortex.o(.text.__NVIC_GetPriorityGrouping)
    __NVIC_SetPriority                       0x08008cb1   Thumb Code    66  stm32g4xx_hal_cortex.o(.text.__NVIC_SetPriority)
    [Anonymous Symbol]                       0x08008cb0   Section        0  stm32g4xx_hal_cortex.o(.text.__NVIC_SetPriority)
    __NVIC_SetPriorityGrouping               0x08008cf5   Thumb Code    60  stm32g4xx_hal_cortex.o(.text.__NVIC_SetPriorityGrouping)
    [Anonymous Symbol]                       0x08008cf4   Section        0  stm32g4xx_hal_cortex.o(.text.__NVIC_SetPriorityGrouping)
    [Anonymous Symbol]                       0x08008d30   Section        0  show.o(.text.data_show)
    delay1                                   0x08008e19   Thumb Code    34  i2c_hal.o(.text.delay1)
    [Anonymous Symbol]                       0x08008e18   Section        0  i2c_hal.o(.text.delay1)
    [Anonymous Symbol]                       0x08008e3c   Section        0  i2c_hal.o(.text.eeprom_read)
    [Anonymous Symbol]                       0x08008e84   Section        0  i2c_hal.o(.text.eeprom_write)
    [Anonymous Symbol]                       0x08008ec8   Section        0  led.o(.text.get_many_vol)
    [Anonymous Symbol]                       0x08008f78   Section        0  led.o(.text.get_vol)
    [Anonymous Symbol]                       0x08008fd8   Section        0  key.o(.text.key_scan)
    [Anonymous Symbol]                       0x08009194   Section        0  show.o(.text.lcd_show)
    [Anonymous Symbol]                       0x080091d4   Section        0  led.o(.text.led_show)
    [Anonymous Symbol]                       0x08009248   Section        0  main.o(.text.main)
    [Anonymous Symbol]                       0x08009348   Section        0  i2c_hal.o(.text.mcp4017_write)
    [Anonymous Symbol]                       0x08009374   Section        0  show.o(.text.para_show)
    [Anonymous Symbol]                       0x080093f0   Section        0  show.o(.text.rec_show)
    [Anonymous Symbol]                       0x08009418   Section        0  my_usart.o(.text.rx_handle)
    i.__0sprintf                             0x08009670   Section        0  printfa.o(i.__0sprintf)
    i.__scatterload_copy                     0x08009698   Section       14  handlers.o(i.__scatterload_copy)
    i.__scatterload_null                     0x080096a6   Section        2  handlers.o(i.__scatterload_null)
    i.__scatterload_zeroinit                 0x080096a8   Section       14  handlers.o(i.__scatterload_zeroinit)
    _fp_digits                               0x080096b9   Thumb Code   366  printfa.o(i._fp_digits)
    i._fp_digits                             0x080096b8   Section        0  printfa.o(i._fp_digits)
    _printf_core                             0x0800983d   Thumb Code  1744  printfa.o(i._printf_core)
    i._printf_core                           0x0800983c   Section        0  printfa.o(i._printf_core)
    _printf_post_padding                     0x08009f19   Thumb Code    36  printfa.o(i._printf_post_padding)
    i._printf_post_padding                   0x08009f18   Section        0  printfa.o(i._printf_post_padding)
    _printf_pre_padding                      0x08009f3d   Thumb Code    46  printfa.o(i._printf_pre_padding)
    i._printf_pre_padding                    0x08009f3c   Section        0  printfa.o(i._printf_pre_padding)
    _sputc                                   0x08009f6b   Thumb Code    10  printfa.o(i._sputc)
    i._sputc                                 0x08009f6a   Section        0  printfa.o(i._sputc)
    UARTEx_SetNbDataToProcess.denominator    0x0800b15c   Data           8  stm32g4xx_hal_uart_ex.o(.rodata.UARTEx_SetNbDataToProcess.denominator)
    [Anonymous Symbol]                       0x0800b15c   Section        0  stm32g4xx_hal_uart_ex.o(.rodata.UARTEx_SetNbDataToProcess.denominator)
    UARTEx_SetNbDataToProcess.numerator      0x0800b164   Data           8  stm32g4xx_hal_uart_ex.o(.rodata.UARTEx_SetNbDataToProcess.numerator)
    [Anonymous Symbol]                       0x0800b164   Section        0  stm32g4xx_hal_uart_ex.o(.rodata.UARTEx_SetNbDataToProcess.numerator)
    .L.str.9                                 0x0800b184   Data          17  show.o(.rodata.str1.1)
    [Anonymous Symbol]                       0x0800b184   Section        0  show.o(.rodata.str1.1)
    .L.str.6                                 0x0800b195   Data          21  show.o(.rodata.str1.1)
    .L.str                                   0x0800b1aa   Data          21  show.o(.rodata.str1.1)
    .L.str.10                                0x0800b1bf   Data          20  show.o(.rodata.str1.1)
    .L.str.7                                 0x0800b1d3   Data          18  show.o(.rodata.str1.1)
    .L.str.8                                 0x0800b1e5   Data          18  show.o(.rodata.str1.1)
    .L.str.3                                 0x0800b1f7   Data          22  show.o(.rodata.str1.1)
    .L.str.1                                 0x0800b20d   Data          22  show.o(.rodata.str1.1)
    .L.str.2                                 0x0800b223   Data          22  show.o(.rodata.str1.1)
    .L.str.4                                 0x0800b239   Data          17  show.o(.rodata.str1.1)
    .L.str.5                                 0x0800b24a   Data          17  show.o(.rodata.str1.1)
    .L.str.10                                0x0800b25b   Data           2  my_usart.o(.rodata.str1.1)
    [Anonymous Symbol]                       0x0800b25b   Section        0  my_usart.o(.rodata.str1.1)
    .L.str.4                                 0x0800b25d   Data           4  my_usart.o(.rodata.str1.1)
    .L.str.6                                 0x0800b261   Data           4  my_usart.o(.rodata.str1.1)
    .L.str.8                                 0x0800b265   Data           4  my_usart.o(.rodata.str1.1)
    .L.str.11                                0x0800b269   Data           5  my_usart.o(.rodata.str1.1)
    .L.str                                   0x0800b26e   Data           2  my_usart.o(.rodata.str1.1)
    .L.str.2                                 0x0800b270   Data           2  my_usart.o(.rodata.str1.1)
    .L.str.1                                 0x0800b272   Data           5  my_usart.o(.rodata.str1.1)
    .L.str.3                                 0x0800b277   Data           5  my_usart.o(.rodata.str1.1)
    .L.str.5                                 0x0800b27c   Data           7  my_usart.o(.rodata.str1.1)
    .L.str.7                                 0x0800b283   Data           9  my_usart.o(.rodata.str1.1)
    .L.str.9                                 0x0800b28c   Data           9  my_usart.o(.rodata.str1.1)
    BackColor                                0x20000004   Data           2  lcd.o(.data.BackColor)
    [Anonymous Symbol]                       0x20000004   Section        0  lcd.o(.data.BackColor)
    HAL_RCC_ADC12_CLK_ENABLED                0x2000001c   Data           4  adc.o(.bss.HAL_RCC_ADC12_CLK_ENABLED)
    [Anonymous Symbol]                       0x2000001c   Section        0  adc.o(.bss.HAL_RCC_ADC12_CLK_ENABLED)
    TextColor                                0x20000044   Data           2  lcd.o(.bss.TextColor)
    [Anonymous Symbol]                       0x20000044   Section        0  lcd.o(.bss.TextColor)
    STACK                                    0x20000468   Section     1024  startup_stm32g431xx.o(STACK)

    Global Symbols

    Symbol Name                              Value     Ov Type        Size  Object(Section)

    BuildAttributes$$THM_ISAv4$E$P$D$K$B$S$7EM$VFPi3$EXTD16$VFPS$VFMA$PE$A:L22UL41UL21$X:L11$S22US41US21$IEEE1$IW$~IW$USESV6$~STKCKD$USESV7$~SHL$OSPACE$ROPI$EBA8$MICROLIB$REQ8$PRES8$EABIv2 0x00000000   Number         0  anon$$obj.o ABSOLUTE
    __cpp_initialize__aeabi_                  - Undefined Weak Reference
    __cxa_finalize                            - Undefined Weak Reference
    __decompress                              - Undefined Weak Reference
    _clock_init                               - Undefined Weak Reference
    _microlib_exit                            - Undefined Weak Reference
    __Vectors_Size                           0x000001d8   Number         0  startup_stm32g431xx.o ABSOLUTE
    __Vectors                                0x08000000   Data           4  startup_stm32g431xx.o(RESET)
    __Vectors_End                            0x080001d8   Data           0  startup_stm32g431xx.o(RESET)
    __main                                   0x080001d9   Thumb Code     0  entry.o(.ARM.Collect$$$$00000000)
    _main_stk                                0x080001d9   Thumb Code     0  entry2.o(.ARM.Collect$$$$00000001)
    _main_scatterload                        0x080001dd   Thumb Code     0  entry5.o(.ARM.Collect$$$$00000004)
    __main_after_scatterload                 0x080001e1   Thumb Code     0  entry5.o(.ARM.Collect$$$$00000004)
    _main_clock                              0x080001e1   Thumb Code     0  entry7b.o(.ARM.Collect$$$$00000008)
    _main_cpp_init                           0x080001e1   Thumb Code     0  entry8b.o(.ARM.Collect$$$$0000000A)
    _main_init                               0x080001e1   Thumb Code     0  entry9a.o(.ARM.Collect$$$$0000000B)
    __rt_final_cpp                           0x080001e9   Thumb Code     0  entry10a.o(.ARM.Collect$$$$0000000D)
    __rt_final_exit                          0x080001e9   Thumb Code     0  entry11a.o(.ARM.Collect$$$$0000000F)
    Reset_Handler                            0x080001ed   Thumb Code     8  startup_stm32g431xx.o(.text)
    ADC1_2_IRQHandler                        0x08000207   Thumb Code     0  startup_stm32g431xx.o(.text)
    COMP1_2_3_IRQHandler                     0x08000207   Thumb Code     0  startup_stm32g431xx.o(.text)
    COMP4_IRQHandler                         0x08000207   Thumb Code     0  startup_stm32g431xx.o(.text)
    CORDIC_IRQHandler                        0x08000207   Thumb Code     0  startup_stm32g431xx.o(.text)
    CRS_IRQHandler                           0x08000207   Thumb Code     0  startup_stm32g431xx.o(.text)
    DMA1_Channel3_IRQHandler                 0x08000207   Thumb Code     0  startup_stm32g431xx.o(.text)
    DMA1_Channel4_IRQHandler                 0x08000207   Thumb Code     0  startup_stm32g431xx.o(.text)
    DMA1_Channel5_IRQHandler                 0x08000207   Thumb Code     0  startup_stm32g431xx.o(.text)
    DMA1_Channel6_IRQHandler                 0x08000207   Thumb Code     0  startup_stm32g431xx.o(.text)
    DMA2_Channel1_IRQHandler                 0x08000207   Thumb Code     0  startup_stm32g431xx.o(.text)
    DMA2_Channel2_IRQHandler                 0x08000207   Thumb Code     0  startup_stm32g431xx.o(.text)
    DMA2_Channel3_IRQHandler                 0x08000207   Thumb Code     0  startup_stm32g431xx.o(.text)
    DMA2_Channel4_IRQHandler                 0x08000207   Thumb Code     0  startup_stm32g431xx.o(.text)
    DMA2_Channel5_IRQHandler                 0x08000207   Thumb Code     0  startup_stm32g431xx.o(.text)
    DMA2_Channel6_IRQHandler                 0x08000207   Thumb Code     0  startup_stm32g431xx.o(.text)
    DMAMUX_OVR_IRQHandler                    0x08000207   Thumb Code     0  startup_stm32g431xx.o(.text)
    EXTI0_IRQHandler                         0x08000207   Thumb Code     0  startup_stm32g431xx.o(.text)
    EXTI15_10_IRQHandler                     0x08000207   Thumb Code     0  startup_stm32g431xx.o(.text)
    EXTI1_IRQHandler                         0x08000207   Thumb Code     0  startup_stm32g431xx.o(.text)
    EXTI2_IRQHandler                         0x08000207   Thumb Code     0  startup_stm32g431xx.o(.text)
    EXTI3_IRQHandler                         0x08000207   Thumb Code     0  startup_stm32g431xx.o(.text)
    EXTI4_IRQHandler                         0x08000207   Thumb Code     0  startup_stm32g431xx.o(.text)
    EXTI9_5_IRQHandler                       0x08000207   Thumb Code     0  startup_stm32g431xx.o(.text)
    FDCAN1_IT0_IRQHandler                    0x08000207   Thumb Code     0  startup_stm32g431xx.o(.text)
    FDCAN1_IT1_IRQHandler                    0x08000207   Thumb Code     0  startup_stm32g431xx.o(.text)
    FLASH_IRQHandler                         0x08000207   Thumb Code     0  startup_stm32g431xx.o(.text)
    FMAC_IRQHandler                          0x08000207   Thumb Code     0  startup_stm32g431xx.o(.text)
    FPU_IRQHandler                           0x08000207   Thumb Code     0  startup_stm32g431xx.o(.text)
    I2C1_ER_IRQHandler                       0x08000207   Thumb Code     0  startup_stm32g431xx.o(.text)
    I2C1_EV_IRQHandler                       0x08000207   Thumb Code     0  startup_stm32g431xx.o(.text)
    I2C2_ER_IRQHandler                       0x08000207   Thumb Code     0  startup_stm32g431xx.o(.text)
    I2C2_EV_IRQHandler                       0x08000207   Thumb Code     0  startup_stm32g431xx.o(.text)
    I2C3_ER_IRQHandler                       0x08000207   Thumb Code     0  startup_stm32g431xx.o(.text)
    I2C3_EV_IRQHandler                       0x08000207   Thumb Code     0  startup_stm32g431xx.o(.text)
    LPTIM1_IRQHandler                        0x08000207   Thumb Code     0  startup_stm32g431xx.o(.text)
    LPUART1_IRQHandler                       0x08000207   Thumb Code     0  startup_stm32g431xx.o(.text)
    PVD_PVM_IRQHandler                       0x08000207   Thumb Code     0  startup_stm32g431xx.o(.text)
    RCC_IRQHandler                           0x08000207   Thumb Code     0  startup_stm32g431xx.o(.text)
    RNG_IRQHandler                           0x08000207   Thumb Code     0  startup_stm32g431xx.o(.text)
    RTC_Alarm_IRQHandler                     0x08000207   Thumb Code     0  startup_stm32g431xx.o(.text)
    RTC_TAMP_LSECSS_IRQHandler               0x08000207   Thumb Code     0  startup_stm32g431xx.o(.text)
    RTC_WKUP_IRQHandler                      0x08000207   Thumb Code     0  startup_stm32g431xx.o(.text)
    SAI1_IRQHandler                          0x08000207   Thumb Code     0  startup_stm32g431xx.o(.text)
    SPI1_IRQHandler                          0x08000207   Thumb Code     0  startup_stm32g431xx.o(.text)
    SPI2_IRQHandler                          0x08000207   Thumb Code     0  startup_stm32g431xx.o(.text)
    SPI3_IRQHandler                          0x08000207   Thumb Code     0  startup_stm32g431xx.o(.text)
    TIM1_BRK_TIM15_IRQHandler                0x08000207   Thumb Code     0  startup_stm32g431xx.o(.text)
    TIM1_CC_IRQHandler                       0x08000207   Thumb Code     0  startup_stm32g431xx.o(.text)
    TIM1_TRG_COM_TIM17_IRQHandler            0x08000207   Thumb Code     0  startup_stm32g431xx.o(.text)
    TIM1_UP_TIM16_IRQHandler                 0x08000207   Thumb Code     0  startup_stm32g431xx.o(.text)
    TIM4_IRQHandler                          0x08000207   Thumb Code     0  startup_stm32g431xx.o(.text)
    TIM6_DAC_IRQHandler                      0x08000207   Thumb Code     0  startup_stm32g431xx.o(.text)
    TIM7_IRQHandler                          0x08000207   Thumb Code     0  startup_stm32g431xx.o(.text)
    TIM8_BRK_IRQHandler                      0x08000207   Thumb Code     0  startup_stm32g431xx.o(.text)
    TIM8_CC_IRQHandler                       0x08000207   Thumb Code     0  startup_stm32g431xx.o(.text)
    TIM8_TRG_COM_IRQHandler                  0x08000207   Thumb Code     0  startup_stm32g431xx.o(.text)
    TIM8_UP_IRQHandler                       0x08000207   Thumb Code     0  startup_stm32g431xx.o(.text)
    UART4_IRQHandler                         0x08000207   Thumb Code     0  startup_stm32g431xx.o(.text)
    UCPD1_IRQHandler                         0x08000207   Thumb Code     0  startup_stm32g431xx.o(.text)
    USART2_IRQHandler                        0x08000207   Thumb Code     0  startup_stm32g431xx.o(.text)
    USART3_IRQHandler                        0x08000207   Thumb Code     0  startup_stm32g431xx.o(.text)
    USBWakeUp_IRQHandler                     0x08000207   Thumb Code     0  startup_stm32g431xx.o(.text)
    USB_HP_IRQHandler                        0x08000207   Thumb Code     0  startup_stm32g431xx.o(.text)
    USB_LP_IRQHandler                        0x08000207   Thumb Code     0  startup_stm32g431xx.o(.text)
    WWDG_IRQHandler                          0x08000207   Thumb Code     0  startup_stm32g431xx.o(.text)
    __aeabi_uldivmod                         0x08000211   Thumb Code    98  uldiv.o(.text)
    __aeabi_memset                           0x08000273   Thumb Code    14  memseta.o(.text)
    __aeabi_memset4                          0x08000273   Thumb Code     0  memseta.o(.text)
    __aeabi_memset8                          0x08000273   Thumb Code     0  memseta.o(.text)
    __aeabi_memclr                           0x08000281   Thumb Code     4  memseta.o(.text)
    __aeabi_memclr4                          0x08000281   Thumb Code     0  memseta.o(.text)
    __aeabi_memclr8                          0x08000281   Thumb Code     0  memseta.o(.text)
    _memset$wrapper                          0x08000285   Thumb Code    18  memseta.o(.text)
    strlen                                   0x08000297   Thumb Code    14  strlen.o(.text)
    strcmp                                   0x080002a5   Thumb Code    28  strcmp.o(.text)
    __aeabi_dmul                             0x080002c1   Thumb Code   228  dmul.o(.text)
    __aeabi_ddiv                             0x080003a5   Thumb Code   222  ddiv.o(.text)
    __aeabi_ui2d                             0x08000483   Thumb Code    26  dfltui.o(.text)
    __aeabi_uidiv                            0x0800049d   Thumb Code     0  uidiv.o(.text)
    __aeabi_uidivmod                         0x0800049d   Thumb Code    44  uidiv.o(.text)
    __aeabi_llsl                             0x080004c9   Thumb Code    30  llshl.o(.text)
    _ll_shift_l                              0x080004c9   Thumb Code     0  llshl.o(.text)
    __aeabi_llsr                             0x080004e7   Thumb Code    32  llushr.o(.text)
    _ll_ushift_r                             0x080004e7   Thumb Code     0  llushr.o(.text)
    __I$use$fp                               0x08000507   Thumb Code     0  iusefp.o(.text)
    _double_round                            0x08000507   Thumb Code    30  depilogue.o(.text)
    _double_epilogue                         0x08000525   Thumb Code   156  depilogue.o(.text)
    __aeabi_dadd                             0x080005c1   Thumb Code   322  dadd.o(.text)
    __aeabi_dsub                             0x08000703   Thumb Code     6  dadd.o(.text)
    __aeabi_drsub                            0x08000709   Thumb Code     6  dadd.o(.text)
    __aeabi_d2ulz                            0x0800070f   Thumb Code    48  dfixul.o(.text)
    __aeabi_cdrcmple                         0x08000741   Thumb Code    48  cdrcmple.o(.text)
    __scatterload                            0x08000771   Thumb Code    28  init.o(.text)
    __scatterload_rt2                        0x08000771   Thumb Code     0  init.o(.text)
    __aeabi_lasr                             0x08000795   Thumb Code    36  llsshr.o(.text)
    _ll_sshift_r                             0x08000795   Thumb Code     0  llsshr.o(.text)
    ADC_Disable                              0x080007b9   Thumb Code   196  stm32g4xx_hal_adc.o(.text.ADC_Disable)
    ADC_Enable                               0x0800087d   Thumb Code   272  stm32g4xx_hal_adc.o(.text.ADC_Enable)
    BusFault_Handler                         0x0800098d   Thumb Code     4  stm32g4xx_it.o(.text.BusFault_Handler)
    DMA1_Channel1_IRQHandler                 0x08000991   Thumb Code    16  stm32g4xx_it.o(.text.DMA1_Channel1_IRQHandler)
    DMA1_Channel2_IRQHandler                 0x080009a1   Thumb Code    16  stm32g4xx_it.o(.text.DMA1_Channel2_IRQHandler)
    DebugMon_Handler                         0x08000ad1   Thumb Code     2  stm32g4xx_it.o(.text.DebugMon_Handler)
    Delay_LCD                                0x08000ad5   Thumb Code    82  lcd.o(.text.Delay_LCD)
    Error_Handler                            0x08000b29   Thumb Code    14  main.o(.text.Error_Handler)
    HAL_ADCEx_Calibration_Start              0x08000b39   Thumb Code   224  stm32g4xx_hal_adc_ex.o(.text.HAL_ADCEx_Calibration_Start)
    HAL_ADCEx_MultiModeConfigChannel         0x08000c19   Thumb Code   374  stm32g4xx_hal_adc_ex.o(.text.HAL_ADCEx_MultiModeConfigChannel)
    HAL_ADC_ConfigChannel                    0x08000d91   Thumb Code  2024  stm32g4xx_hal_adc.o(.text.HAL_ADC_ConfigChannel)
    HAL_ADC_GetValue                         0x08001579   Thumb Code    14  stm32g4xx_hal_adc.o(.text.HAL_ADC_GetValue)
    HAL_ADC_Init                             0x08001589   Thumb Code   792  stm32g4xx_hal_adc.o(.text.HAL_ADC_Init)
    HAL_ADC_MspInit                          0x080018a1   Thumb Code   340  adc.o(.text.HAL_ADC_MspInit)
    HAL_ADC_Start                            0x080019f5   Thumb Code   460  stm32g4xx_hal_adc.o(.text.HAL_ADC_Start)
    HAL_DMA_Abort                            0x08001bc1   Thumb Code   156  stm32g4xx_hal_dma.o(.text.HAL_DMA_Abort)
    HAL_DMA_Abort_IT                         0x08001c5d   Thumb Code   194  stm32g4xx_hal_dma.o(.text.HAL_DMA_Abort_IT)
    HAL_DMA_IRQHandler                       0x08001d21   Thumb Code   342  stm32g4xx_hal_dma.o(.text.HAL_DMA_IRQHandler)
    HAL_DMA_Init                             0x08001e79   Thumb Code   342  stm32g4xx_hal_dma.o(.text.HAL_DMA_Init)
    HAL_DMA_Start_IT                         0x08001fd1   Thumb Code   252  stm32g4xx_hal_dma.o(.text.HAL_DMA_Start_IT)
    HAL_Delay                                0x080020cd   Thumb Code    66  stm32g4xx_hal.o(.text.HAL_Delay)
    HAL_GPIO_Init                            0x08002111   Thumb Code   872  stm32g4xx_hal_gpio.o(.text.HAL_GPIO_Init)
    HAL_GPIO_ReadPin                         0x08002479   Thumb Code    46  stm32g4xx_hal_gpio.o(.text.HAL_GPIO_ReadPin)
    HAL_GPIO_WritePin                        0x080024a9   Thumb Code    44  stm32g4xx_hal_gpio.o(.text.HAL_GPIO_WritePin)
    HAL_GetTick                              0x080024d5   Thumb Code    12  stm32g4xx_hal.o(.text.HAL_GetTick)
    HAL_IncTick                              0x080024e1   Thumb Code    26  stm32g4xx_hal.o(.text.HAL_IncTick)
    HAL_Init                                 0x080024fd   Thumb Code    48  stm32g4xx_hal.o(.text.HAL_Init)
    HAL_InitTick                             0x0800252d   Thumb Code   136  stm32g4xx_hal.o(.text.HAL_InitTick)
    HAL_MspInit                              0x080025b5   Thumb Code    72  stm32g4xx_hal_msp.o(.text.HAL_MspInit)
    HAL_NVIC_EnableIRQ                       0x080025fd   Thumb Code    20  stm32g4xx_hal_cortex.o(.text.HAL_NVIC_EnableIRQ)
    HAL_NVIC_SetPriority                     0x08002611   Thumb Code    46  stm32g4xx_hal_cortex.o(.text.HAL_NVIC_SetPriority)
    HAL_NVIC_SetPriorityGrouping             0x08002641   Thumb Code    16  stm32g4xx_hal_cortex.o(.text.HAL_NVIC_SetPriorityGrouping)
    HAL_PWREx_ControlVoltageScaling          0x08002651   Thumb Code   436  stm32g4xx_hal_pwr_ex.o(.text.HAL_PWREx_ControlVoltageScaling)
    HAL_PWREx_DisableUCPDDeadBattery         0x08002805   Thumb Code    18  stm32g4xx_hal_pwr_ex.o(.text.HAL_PWREx_DisableUCPDDeadBattery)
    HAL_RCCEx_PeriphCLKConfig                0x08002819   Thumb Code  1114  stm32g4xx_hal_rcc_ex.o(.text.HAL_RCCEx_PeriphCLKConfig)
    HAL_RCC_ClockConfig                      0x08002c75   Thumb Code   806  stm32g4xx_hal_rcc.o(.text.HAL_RCC_ClockConfig)
    HAL_RCC_GetHCLKFreq                      0x08002f9d   Thumb Code    12  stm32g4xx_hal_rcc.o(.text.HAL_RCC_GetHCLKFreq)
    HAL_RCC_GetPCLK1Freq                     0x08002fa9   Thumb Code    38  stm32g4xx_hal_rcc.o(.text.HAL_RCC_GetPCLK1Freq)
    HAL_RCC_GetPCLK2Freq                     0x08002fd1   Thumb Code    38  stm32g4xx_hal_rcc.o(.text.HAL_RCC_GetPCLK2Freq)
    HAL_RCC_GetSysClockFreq                  0x08002ff9   Thumb Code   252  stm32g4xx_hal_rcc.o(.text.HAL_RCC_GetSysClockFreq)
    HAL_RCC_OscConfig                        0x080030f5   Thumb Code  1974  stm32g4xx_hal_rcc.o(.text.HAL_RCC_OscConfig)
    HAL_SYSTICK_Config                       0x080038ad   Thumb Code    16  stm32g4xx_hal_cortex.o(.text.HAL_SYSTICK_Config)
    HAL_TIMEx_Break2Callback                 0x080038bd   Thumb Code     8  stm32g4xx_hal_tim_ex.o(.text.HAL_TIMEx_Break2Callback)
    HAL_TIMEx_BreakCallback                  0x080038c5   Thumb Code     8  stm32g4xx_hal_tim_ex.o(.text.HAL_TIMEx_BreakCallback)
    HAL_TIMEx_CommutCallback                 0x080038cd   Thumb Code     8  stm32g4xx_hal_tim_ex.o(.text.HAL_TIMEx_CommutCallback)
    HAL_TIMEx_ConfigBreakDeadTime            0x080038d5   Thumb Code   304  stm32g4xx_hal_tim_ex.o(.text.HAL_TIMEx_ConfigBreakDeadTime)
    HAL_TIMEx_DirectionChangeCallback        0x08003a05   Thumb Code     8  stm32g4xx_hal_tim_ex.o(.text.HAL_TIMEx_DirectionChangeCallback)
    HAL_TIMEx_EncoderIndexCallback           0x08003a0d   Thumb Code     8  stm32g4xx_hal_tim_ex.o(.text.HAL_TIMEx_EncoderIndexCallback)
    HAL_TIMEx_IndexErrorCallback             0x08003a15   Thumb Code     8  stm32g4xx_hal_tim_ex.o(.text.HAL_TIMEx_IndexErrorCallback)
    HAL_TIMEx_MasterConfigSynchronization    0x08003a1d   Thumb Code   318  stm32g4xx_hal_tim_ex.o(.text.HAL_TIMEx_MasterConfigSynchronization)
    HAL_TIMEx_TransitionErrorCallback        0x08003b5d   Thumb Code     8  stm32g4xx_hal_tim_ex.o(.text.HAL_TIMEx_TransitionErrorCallback)
    HAL_TIM_Base_Init                        0x08003b65   Thumb Code   168  stm32g4xx_hal_tim.o(.text.HAL_TIM_Base_Init)
    HAL_TIM_Base_MspInit                     0x08003c0d   Thumb Code   124  tim.o(.text.HAL_TIM_Base_MspInit)
    HAL_TIM_Base_Start_IT                    0x08003c89   Thumb Code   226  stm32g4xx_hal_tim.o(.text.HAL_TIM_Base_Start_IT)
    HAL_TIM_ConfigClockSource                0x08003d6d   Thumb Code   468  stm32g4xx_hal_tim.o(.text.HAL_TIM_ConfigClockSource)
    HAL_TIM_IC_CaptureCallback               0x08003f41   Thumb Code   386  led.o(.text.HAL_TIM_IC_CaptureCallback)
    HAL_TIM_IC_ConfigChannel                 0x080040c5   Thumb Code   304  stm32g4xx_hal_tim.o(.text.HAL_TIM_IC_ConfigChannel)
    HAL_TIM_IC_Init                          0x080041f5   Thumb Code   168  stm32g4xx_hal_tim.o(.text.HAL_TIM_IC_Init)
    HAL_TIM_IC_MspInit                       0x0800429d   Thumb Code   212  tim.o(.text.HAL_TIM_IC_MspInit)
    HAL_TIM_IC_Start_IT                      0x08004371   Thumb Code   758  stm32g4xx_hal_tim.o(.text.HAL_TIM_IC_Start_IT)
    HAL_TIM_IRQHandler                       0x08004669   Thumb Code   768  stm32g4xx_hal_tim.o(.text.HAL_TIM_IRQHandler)
    HAL_TIM_MspPostInit                      0x08004969   Thumb Code   100  tim.o(.text.HAL_TIM_MspPostInit)
    HAL_TIM_OC_DelayElapsedCallback          0x080049cd   Thumb Code     8  stm32g4xx_hal_tim.o(.text.HAL_TIM_OC_DelayElapsedCallback)
    HAL_TIM_PWM_ConfigChannel                0x080049d5   Thumb Code   432  stm32g4xx_hal_tim.o(.text.HAL_TIM_PWM_ConfigChannel)
    HAL_TIM_PWM_Init                         0x08004b85   Thumb Code   168  stm32g4xx_hal_tim.o(.text.HAL_TIM_PWM_Init)
    HAL_TIM_PWM_MspInit                      0x08004c2d   Thumb Code     8  stm32g4xx_hal_tim.o(.text.HAL_TIM_PWM_MspInit)
    HAL_TIM_PWM_PulseFinishedCallback        0x08004c35   Thumb Code     8  stm32g4xx_hal_tim.o(.text.HAL_TIM_PWM_PulseFinishedCallback)
    HAL_TIM_PWM_Start                        0x08004c3d   Thumb Code   606  stm32g4xx_hal_tim.o(.text.HAL_TIM_PWM_Start)
    HAL_TIM_PeriodElapsedCallback            0x08004e9d   Thumb Code    40  led.o(.text.HAL_TIM_PeriodElapsedCallback)
    HAL_TIM_TriggerCallback                  0x08004ec5   Thumb Code     8  stm32g4xx_hal_tim.o(.text.HAL_TIM_TriggerCallback)
    HAL_UARTEx_DisableFifoMode               0x08004ecd   Thumb Code   124  stm32g4xx_hal_uart_ex.o(.text.HAL_UARTEx_DisableFifoMode)
    HAL_UARTEx_ReceiveToIdle_DMA             0x08004f49   Thumb Code   176  stm32g4xx_hal_uart_ex.o(.text.HAL_UARTEx_ReceiveToIdle_DMA)
    HAL_UARTEx_RxEventCallback               0x08004ff9   Thumb Code    82  my_usart.o(.text.HAL_UARTEx_RxEventCallback)
    HAL_UARTEx_RxFifoFullCallback            0x0800504d   Thumb Code     8  stm32g4xx_hal_uart_ex.o(.text.HAL_UARTEx_RxFifoFullCallback)
    HAL_UARTEx_SetRxFifoThreshold            0x08005055   Thumb Code   140  stm32g4xx_hal_uart_ex.o(.text.HAL_UARTEx_SetRxFifoThreshold)
    HAL_UARTEx_SetTxFifoThreshold            0x080050e1   Thumb Code   140  stm32g4xx_hal_uart_ex.o(.text.HAL_UARTEx_SetTxFifoThreshold)
    HAL_UARTEx_TxFifoEmptyCallback           0x0800516d   Thumb Code     8  stm32g4xx_hal_uart_ex.o(.text.HAL_UARTEx_TxFifoEmptyCallback)
    HAL_UARTEx_WakeupCallback                0x08005175   Thumb Code     8  stm32g4xx_hal_uart_ex.o(.text.HAL_UARTEx_WakeupCallback)
    HAL_UART_ErrorCallback                   0x0800517d   Thumb Code     8  stm32g4xx_hal_uart.o(.text.HAL_UART_ErrorCallback)
    HAL_UART_IRQHandler                      0x08005185   Thumb Code  1430  stm32g4xx_hal_uart.o(.text.HAL_UART_IRQHandler)
    HAL_UART_Init                            0x0800571d   Thumb Code   170  stm32g4xx_hal_uart.o(.text.HAL_UART_Init)
    HAL_UART_MspInit                         0x080057c9   Thumb Code   338  usart.o(.text.HAL_UART_MspInit)
    HAL_UART_RxCpltCallback                  0x0800591d   Thumb Code     8  stm32g4xx_hal_uart.o(.text.HAL_UART_RxCpltCallback)
    HAL_UART_RxHalfCpltCallback              0x08005925   Thumb Code     8  stm32g4xx_hal_uart.o(.text.HAL_UART_RxHalfCpltCallback)
    HAL_UART_Transmit_DMA                    0x0800592d   Thumb Code   264  stm32g4xx_hal_uart.o(.text.HAL_UART_Transmit_DMA)
    HAL_UART_TxCpltCallback                  0x08005a35   Thumb Code     8  stm32g4xx_hal_uart.o(.text.HAL_UART_TxCpltCallback)
    HAL_UART_TxHalfCpltCallback              0x08005a3d   Thumb Code     8  stm32g4xx_hal_uart.o(.text.HAL_UART_TxHalfCpltCallback)
    HardFault_Handler                        0x08005a45   Thumb Code     4  stm32g4xx_it.o(.text.HardFault_Handler)
    I2CReceiveByte                           0x08005a49   Thumb Code   120  i2c_hal.o(.text.I2CReceiveByte)
    I2CSendByte                              0x08005ac1   Thumb Code   108  i2c_hal.o(.text.I2CSendByte)
    I2CSendNotAck                            0x08005b2d   Thumb Code    54  i2c_hal.o(.text.I2CSendNotAck)
    I2CStart                                 0x08005b65   Thumb Code    62  i2c_hal.o(.text.I2CStart)
    I2CStop                                  0x08005ba5   Thumb Code    62  i2c_hal.o(.text.I2CStop)
    I2CWaitAck                               0x08005be5   Thumb Code   120  i2c_hal.o(.text.I2CWaitAck)
    LCD_BusIn                                0x08005c5d   Thumb Code    48  lcd.o(.text.LCD_BusIn)
    LCD_BusOut                               0x08005c8d   Thumb Code    50  lcd.o(.text.LCD_BusOut)
    LCD_Clear                                0x08005cc1   Thumb Code    90  lcd.o(.text.LCD_Clear)
    LCD_CtrlLinesConfig                      0x08005d1d   Thumb Code   214  lcd.o(.text.LCD_CtrlLinesConfig)
    LCD_DisplayChar                          0x08005df5   Thumb Code    62  lcd.o(.text.LCD_DisplayChar)
    LCD_DisplayStringLine                    0x08005e35   Thumb Code   130  lcd.o(.text.LCD_DisplayStringLine)
    LCD_DrawChar                             0x08005eb9   Thumb Code   174  lcd.o(.text.LCD_DrawChar)
    LCD_Init                                 0x08005f69   Thumb Code    98  lcd.o(.text.LCD_Init)
    LCD_ReadReg                              0x08005fcd   Thumb Code   168  lcd.o(.text.LCD_ReadReg)
    LCD_SetBackColor                         0x08006075   Thumb Code    24  lcd.o(.text.LCD_SetBackColor)
    LCD_SetCursor                            0x0800608d   Thumb Code    36  lcd.o(.text.LCD_SetCursor)
    LCD_SetTextColor                         0x080060b1   Thumb Code    24  lcd.o(.text.LCD_SetTextColor)
    LCD_WriteRAM                             0x080060c9   Thumb Code   108  lcd.o(.text.LCD_WriteRAM)
    LCD_WriteRAM_Prepare                     0x08006135   Thumb Code    98  lcd.o(.text.LCD_WriteRAM_Prepare)
    LCD_WriteReg                             0x08006199   Thumb Code   146  lcd.o(.text.LCD_WriteReg)
    MX_ADC1_Init                             0x08006561   Thumb Code   188  adc.o(.text.MX_ADC1_Init)
    MX_ADC2_Init                             0x0800661d   Thumb Code   200  adc.o(.text.MX_ADC2_Init)
    MX_DMA_Init                              0x080066e5   Thumb Code   106  dma.o(.text.MX_DMA_Init)
    MX_GPIO_Init                             0x08006751   Thumb Code   356  gpio.o(.text.MX_GPIO_Init)
    MX_TIM16_Init                            0x080068b5   Thumb Code   208  tim.o(.text.MX_TIM16_Init)
    MX_TIM2_Init                             0x08006985   Thumb Code   132  tim.o(.text.MX_TIM2_Init)
    MX_TIM3_Init                             0x08006a09   Thumb Code   166  tim.o(.text.MX_TIM3_Init)
    MX_USART1_UART_Init                      0x08006ab1   Thumb Code   142  usart.o(.text.MX_USART1_UART_Init)
    MemManage_Handler                        0x08006b41   Thumb Code     4  stm32g4xx_it.o(.text.MemManage_Handler)
    NMI_Handler                              0x08006b45   Thumb Code     4  stm32g4xx_it.o(.text.NMI_Handler)
    PendSV_Handler                           0x08006bb5   Thumb Code     2  stm32g4xx_it.o(.text.PendSV_Handler)
    REG_8230_Init                            0x08006c55   Thumb Code   286  lcd.o(.text.REG_8230_Init)
    REG_932X_Init                            0x08006d75   Thumb Code   540  lcd.o(.text.REG_932X_Init)
    SCL_Output                               0x08006f91   Thumb Code    54  i2c_hal.o(.text.SCL_Output)
    SDA_Input                                0x08006fc9   Thumb Code    48  i2c_hal.o(.text.SDA_Input)
    SDA_Input_Mode                           0x08006ff9   Thumb Code    48  i2c_hal.o(.text.SDA_Input_Mode)
    SDA_Output                               0x08007029   Thumb Code    54  i2c_hal.o(.text.SDA_Output)
    SDA_Output_Mode                          0x08007061   Thumb Code    48  i2c_hal.o(.text.SDA_Output_Mode)
    SVC_Handler                              0x08007091   Thumb Code     2  stm32g4xx_it.o(.text.SVC_Handler)
    SysTick_Handler                          0x080070e9   Thumb Code     8  stm32g4xx_it.o(.text.SysTick_Handler)
    SystemClock_Config                       0x080070f1   Thumb Code   118  main.o(.text.SystemClock_Config)
    SystemInit                               0x08007169   Thumb Code    18  system_stm32g4xx.o(.text.SystemInit)
    TIM2_IRQHandler                          0x0800717d   Thumb Code    16  stm32g4xx_it.o(.text.TIM2_IRQHandler)
    TIM3_IRQHandler                          0x0800718d   Thumb Code    16  stm32g4xx_it.o(.text.TIM3_IRQHandler)
    TIM_Base_SetConfig                       0x0800719d   Thumb Code   406  stm32g4xx_hal_tim.o(.text.TIM_Base_SetConfig)
    TIM_CCxChannelCmd                        0x08007335   Thumb Code    54  stm32g4xx_hal_tim.o(.text.TIM_CCxChannelCmd)
    TIM_ETR_SetConfig                        0x0800736d   Thumb Code    52  stm32g4xx_hal_tim.o(.text.TIM_ETR_SetConfig)
    TIM_OC2_SetConfig                        0x08007525   Thumb Code   368  stm32g4xx_hal_tim.o(.text.TIM_OC2_SetConfig)
    TIM_TI1_SetConfig                        0x08007b6d   Thumb Code   240  stm32g4xx_hal_tim.o(.text.TIM_TI1_SetConfig)
    UART_AdvFeatureConfig                    0x08007e7d   Thumb Code   328  stm32g4xx_hal_uart.o(.text.UART_AdvFeatureConfig)
    UART_CheckIdleState                      0x08007fc5   Thumb Code   326  stm32g4xx_hal_uart.o(.text.UART_CheckIdleState)
    UART_SetConfig                           0x080084b1   Thumb Code  1392  stm32g4xx_hal_uart.o(.text.UART_SetConfig)
    UART_Start_Receive_DMA                   0x08008a21   Thumb Code   302  stm32g4xx_hal_uart.o(.text.UART_Start_Receive_DMA)
    UART_WaitOnFlagUntilTimeout              0x08008b51   Thumb Code   268  stm32g4xx_hal_uart.o(.text.UART_WaitOnFlagUntilTimeout)
    USART1_IRQHandler                        0x08008c5d   Thumb Code    16  stm32g4xx_it.o(.text.USART1_IRQHandler)
    UsageFault_Handler                       0x08008c6d   Thumb Code     4  stm32g4xx_it.o(.text.UsageFault_Handler)
    data_show                                0x08008d31   Thumb Code   230  show.o(.text.data_show)
    eeprom_read                              0x08008e3d   Thumb Code    72  i2c_hal.o(.text.eeprom_read)
    eeprom_write                             0x08008e85   Thumb Code    64  i2c_hal.o(.text.eeprom_write)
    get_many_vol                             0x08008ec9   Thumb Code   176  led.o(.text.get_many_vol)
    get_vol                                  0x08008f79   Thumb Code    96  led.o(.text.get_vol)
    key_scan                                 0x08008fd9   Thumb Code   444  key.o(.text.key_scan)
    lcd_show                                 0x08009195   Thumb Code    62  show.o(.text.lcd_show)
    led_show                                 0x080091d5   Thumb Code   116  led.o(.text.led_show)
    main                                     0x08009249   Thumb Code   256  main.o(.text.main)
    mcp4017_write                            0x08009349   Thumb Code    42  i2c_hal.o(.text.mcp4017_write)
    para_show                                0x08009375   Thumb Code   124  show.o(.text.para_show)
    rec_show                                 0x080093f1   Thumb Code    38  show.o(.text.rec_show)
    rx_handle                                0x08009419   Thumb Code   598  my_usart.o(.text.rx_handle)
    __0sprintf                               0x08009671   Thumb Code    34  printfa.o(i.__0sprintf)
    __1sprintf                               0x08009671   Thumb Code     0  printfa.o(i.__0sprintf)
    __2sprintf                               0x08009671   Thumb Code     0  printfa.o(i.__0sprintf)
    __c89sprintf                             0x08009671   Thumb Code     0  printfa.o(i.__0sprintf)
    sprintf                                  0x08009671   Thumb Code     0  printfa.o(i.__0sprintf)
    __scatterload_copy                       0x08009699   Thumb Code    14  handlers.o(i.__scatterload_copy)
    __scatterload_null                       0x080096a7   Thumb Code     2  handlers.o(i.__scatterload_null)
    __scatterload_zeroinit                   0x080096a9   Thumb Code    14  handlers.o(i.__scatterload_zeroinit)
    AHBPrescTable                            0x08009f74   Data          16  system_stm32g4xx.o(.rodata.AHBPrescTable)
    APBPrescTable                            0x08009f84   Data           8  system_stm32g4xx.o(.rodata.APBPrescTable)
    ASCII_Table                              0x08009f8c   Data        4560  lcd.o(.rodata.ASCII_Table)
    UARTPrescTable                           0x0800b16c   Data          24  stm32g4xx_hal_uart.o(.rodata.UARTPrescTable)
    Region$$Table$$Base                      0x0800b298   Number         0  anon$$obj.o(Region$$Table)
    Region$$Table$$Limit                     0x0800b2b8   Number         0  anon$$obj.o(Region$$Table)
    B1_last_state                            0x20000000   Data           1  key.o(.data.B1_last_state)
    B2_last_state                            0x20000001   Data           1  key.o(.data.B2_last_state)
    B3_last_state                            0x20000002   Data           1  key.o(.data.B3_last_state)
    B4_last_state                            0x20000003   Data           1  key.o(.data.B4_last_state)
    SystemCoreClock                          0x20000008   Data           4  system_stm32g4xx.o(.data.SystemCoreClock)
    X                                        0x2000000c   Data           1  show.o(.data.X)
    Y                                        0x2000000d   Data           1  show.o(.data.Y)
    uwTickFreq                               0x20000010   Data           4  stm32g4xx_hal.o(.data.uwTickFreq)
    uwTickPrio                               0x20000014   Data           4  stm32g4xx_hal.o(.data.uwTickPrio)
    B1_state                                 0x20000018   Data           1  key.o(.bss.B1_state)
    B2_state                                 0x20000019   Data           1  key.o(.bss.B2_state)
    B3_state                                 0x2000001a   Data           1  key.o(.bss.B3_state)
    B4_state                                 0x2000001b   Data           1  key.o(.bss.B4_state)
    LED1_state                               0x20000020   Data           1  led.o(.bss.LED1_state)
    PA1                                      0x20000028   Data           8  show.o(.bss.PA1)
    PA4                                      0x20000030   Data           8  show.o(.bss.PA4)
    PA5                                      0x20000038   Data           8  show.o(.bss.PA5)
    PA6_F                                    0x20000040   Data           2  led.o(.bss.PA6_F)
    R39_F                                    0x20000042   Data           2  led.o(.bss.R39_F)
    data                                     0x20000048   Data          16  led.o(.bss.data)
    dummy                                    0x20000058   Data           2  lcd.o(.bss.dummy)
    hadc1                                    0x2000005c   Data         108  adc.o(.bss.hadc1)
    hadc2                                    0x200000c8   Data         108  adc.o(.bss.hadc2)
    hdma_usart1_rx                           0x20000134   Data          96  usart.o(.bss.hdma_usart1_rx)
    hdma_usart1_tx                           0x20000194   Data          96  usart.o(.bss.hdma_usart1_tx)
    htim16                                   0x200001f4   Data          76  tim.o(.bss.htim16)
    htim2                                    0x20000240   Data          76  tim.o(.bss.htim2)
    htim3                                    0x2000028c   Data          76  tim.o(.bss.htim3)
    huart1                                   0x200002d8   Data         148  usart.o(.bss.huart1)
    rx_buff                                  0x2000036c   Data         100  my_usart.o(.bss.rx_buff)
    rx_flag                                  0x200003d0   Data           1  my_usart.o(.bss.rx_flag)
    rx_size                                  0x200003d1   Data           1  my_usart.o(.bss.rx_size)
    send_buff                                0x200003d2   Data         100  my_usart.o(.bss.send_buff)
    show_switch                              0x20000436   Data           1  key.o(.bss.show_switch)
    state1                                   0x20000437   Data           1  led.o(.bss.state1)
    state2                                   0x20000438   Data           1  led.o(.bss.state2)
    text                                     0x20000439   Data          30  show.o(.bss.text)
    tim1                                     0x20000458   Data           4  led.o(.bss.tim1)
    tim2                                     0x2000045c   Data           4  led.o(.bss.tim2)
    uwTick                                   0x20000460   Data           4  stm32g4xx_hal.o(.bss.uwTick)
    __initial_sp                             0x20000868   Data           0  startup_stm32g431xx.o(STACK)



==============================================================================

Memory Map of the image

  Image Entry point : 0x080001d9

  Load Region LR_IROM1 (Base: 0x08000000, Size: 0x0000b2d0, Max: 0x00020000, ABSOLUTE)

    Execution Region ER_IROM1 (Exec base: 0x08000000, Load base: 0x08000000, Size: 0x0000b2b8, Max: 0x00020000, ABSOLUTE)

    Exec Addr    Load Addr    Size         Type   Attr      Idx    E Section Name        Object

    0x08000000   0x08000000   0x000001d8   Data   RO            3    RESET               startup_stm32g431xx.o
    0x080001d8   0x080001d8   0x00000000   Code   RO         1767  * .ARM.Collect$$$$00000000  mc_w.l(entry.o)
    0x080001d8   0x080001d8   0x00000004   Code   RO         1812    .ARM.Collect$$$$00000001  mc_w.l(entry2.o)
    0x080001dc   0x080001dc   0x00000004   Code   RO         1815    .ARM.Collect$$$$00000004  mc_w.l(entry5.o)
    0x080001e0   0x080001e0   0x00000000   Code   RO         1817    .ARM.Collect$$$$00000008  mc_w.l(entry7b.o)
    0x080001e0   0x080001e0   0x00000000   Code   RO         1819    .ARM.Collect$$$$0000000A  mc_w.l(entry8b.o)
    0x080001e0   0x080001e0   0x00000008   Code   RO         1820    .ARM.Collect$$$$0000000B  mc_w.l(entry9a.o)
    0x080001e8   0x080001e8   0x00000000   Code   RO         1822    .ARM.Collect$$$$0000000D  mc_w.l(entry10a.o)
    0x080001e8   0x080001e8   0x00000000   Code   RO         1824    .ARM.Collect$$$$0000000F  mc_w.l(entry11a.o)
    0x080001e8   0x080001e8   0x00000004   Code   RO         1813    .ARM.Collect$$$$00002712  mc_w.l(entry2.o)
    0x080001ec   0x080001ec   0x00000024   Code   RO            4    .text               startup_stm32g431xx.o
    0x08000210   0x08000210   0x00000062   Code   RO         1770    .text               mc_w.l(uldiv.o)
    0x08000272   0x08000272   0x00000024   Code   RO         1772    .text               mc_w.l(memseta.o)
    0x08000296   0x08000296   0x0000000e   Code   RO         1774    .text               mc_w.l(strlen.o)
    0x080002a4   0x080002a4   0x0000001c   Code   RO         1776    .text               mc_w.l(strcmp.o)
    0x080002c0   0x080002c0   0x000000e4   Code   RO         1806    .text               mf_w.l(dmul.o)
    0x080003a4   0x080003a4   0x000000de   Code   RO         1808    .text               mf_w.l(ddiv.o)
    0x08000482   0x08000482   0x0000001a   Code   RO         1810    .text               mf_w.l(dfltui.o)
    0x0800049c   0x0800049c   0x0000002c   Code   RO         1840    .text               mc_w.l(uidiv.o)
    0x080004c8   0x080004c8   0x0000001e   Code   RO         1842    .text               mc_w.l(llshl.o)
    0x080004e6   0x080004e6   0x00000020   Code   RO         1844    .text               mc_w.l(llushr.o)
    0x08000506   0x08000506   0x00000000   Code   RO         1846    .text               mc_w.l(iusefp.o)
    0x08000506   0x08000506   0x000000ba   Code   RO         1847    .text               mf_w.l(depilogue.o)
    0x080005c0   0x080005c0   0x0000014e   Code   RO         1849    .text               mf_w.l(dadd.o)
    0x0800070e   0x0800070e   0x00000030   Code   RO         1851    .text               mf_w.l(dfixul.o)
    0x0800073e   0x0800073e   0x00000002   PAD
    0x08000740   0x08000740   0x00000030   Code   RO         1853    .text               mf_w.l(cdrcmple.o)
    0x08000770   0x08000770   0x00000024   Code   RO         1855    .text               mc_w.l(init.o)
    0x08000794   0x08000794   0x00000024   Code   RO         1858    .text               mc_w.l(llsshr.o)
    0x080007b8   0x080007b8   0x000000c4   Code   RO          168    .text.ADC_Disable   stm32g4xx_hal_adc.o
    0x0800087c   0x0800087c   0x00000110   Code   RO          176    .text.ADC_Enable    stm32g4xx_hal_adc.o
    0x0800098c   0x0800098c   0x00000004   Code   RO          107    .text.BusFault_Handler  stm32g4xx_it.o
    0x08000990   0x08000990   0x00000010   Code   RO          119    .text.DMA1_Channel1_IRQHandler  stm32g4xx_it.o
    0x080009a0   0x080009a0   0x00000010   Code   RO          121    .text.DMA1_Channel2_IRQHandler  stm32g4xx_it.o
    0x080009b0   0x080009b0   0x00000074   Code   RO          723    .text.DMA_CalcDMAMUXChannelBaseAndMask  stm32g4xx_hal_dma.o
    0x08000a24   0x08000a24   0x0000003c   Code   RO          725    .text.DMA_CalcDMAMUXRequestGenBaseAndMask  stm32g4xx_hal_dma.o
    0x08000a60   0x08000a60   0x0000006e   Code   RO          731    .text.DMA_SetConfig  stm32g4xx_hal_dma.o
    0x08000ace   0x08000ace   0x00000002   PAD
    0x08000ad0   0x08000ad0   0x00000002   Code   RO          113    .text.DebugMon_Handler  stm32g4xx_it.o
    0x08000ad2   0x08000ad2   0x00000002   PAD
    0x08000ad4   0x08000ad4   0x00000052   Code   RO         1613    .text.Delay_LCD     lcd.o
    0x08000b26   0x08000b26   0x00000002   PAD
    0x08000b28   0x08000b28   0x0000000e   Code   RO           15    .text.Error_Handler  main.o
    0x08000b36   0x08000b36   0x00000002   PAD
    0x08000b38   0x08000b38   0x000000e0   Code   RO          291    .text.HAL_ADCEx_Calibration_Start  stm32g4xx_hal_adc_ex.o
    0x08000c18   0x08000c18   0x00000176   Code   RO          381    .text.HAL_ADCEx_MultiModeConfigChannel  stm32g4xx_hal_adc_ex.o
    0x08000d8e   0x08000d8e   0x00000002   PAD
    0x08000d90   0x08000d90   0x000007e8   Code   RO          222    .text.HAL_ADC_ConfigChannel  stm32g4xx_hal_adc.o
    0x08001578   0x08001578   0x0000000e   Code   RO          204    .text.HAL_ADC_GetValue  stm32g4xx_hal_adc.o
    0x08001586   0x08001586   0x00000002   PAD
    0x08001588   0x08001588   0x00000318   Code   RO          144    .text.HAL_ADC_Init  stm32g4xx_hal_adc.o
    0x080018a0   0x080018a0   0x00000154   Code   RO           37    .text.HAL_ADC_MspInit  adc.o
    0x080019f4   0x080019f4   0x000001cc   Code   RO          172    .text.HAL_ADC_Start  stm32g4xx_hal_adc.o
    0x08001bc0   0x08001bc0   0x0000009c   Code   RO          735    .text.HAL_DMA_Abort  stm32g4xx_hal_dma.o
    0x08001c5c   0x08001c5c   0x000000c2   Code   RO          737    .text.HAL_DMA_Abort_IT  stm32g4xx_hal_dma.o
    0x08001d1e   0x08001d1e   0x00000002   PAD
    0x08001d20   0x08001d20   0x00000156   Code   RO          741    .text.HAL_DMA_IRQHandler  stm32g4xx_hal_dma.o
    0x08001e76   0x08001e76   0x00000002   PAD
    0x08001e78   0x08001e78   0x00000156   Code   RO          721    .text.HAL_DMA_Init  stm32g4xx_hal_dma.o
    0x08001fce   0x08001fce   0x00000002   PAD
    0x08001fd0   0x08001fd0   0x000000fc   Code   RO          733    .text.HAL_DMA_Start_IT  stm32g4xx_hal_dma.o
    0x080020cc   0x080020cc   0x00000042   Code   RO          425    .text.HAL_Delay     stm32g4xx_hal.o
    0x0800210e   0x0800210e   0x00000002   PAD
    0x08002110   0x08002110   0x00000368   Code   RO          673    .text.HAL_GPIO_Init  stm32g4xx_hal_gpio.o
    0x08002478   0x08002478   0x0000002e   Code   RO          677    .text.HAL_GPIO_ReadPin  stm32g4xx_hal_gpio.o
    0x080024a6   0x080024a6   0x00000002   PAD
    0x080024a8   0x080024a8   0x0000002c   Code   RO          679    .text.HAL_GPIO_WritePin  stm32g4xx_hal_gpio.o
    0x080024d4   0x080024d4   0x0000000c   Code   RO          417    .text.HAL_GetTick   stm32g4xx_hal.o
    0x080024e0   0x080024e0   0x0000001a   Code   RO          415    .text.HAL_IncTick   stm32g4xx_hal.o
    0x080024fa   0x080024fa   0x00000002   PAD
    0x080024fc   0x080024fc   0x00000030   Code   RO          405    .text.HAL_Init      stm32g4xx_hal.o
    0x0800252c   0x0800252c   0x00000088   Code   RO          407    .text.HAL_InitTick  stm32g4xx_hal.o
    0x080025b4   0x080025b4   0x00000048   Code   RO          136    .text.HAL_MspInit   stm32g4xx_hal_msp.o
    0x080025fc   0x080025fc   0x00000014   Code   RO          907    .text.HAL_NVIC_EnableIRQ  stm32g4xx_hal_cortex.o
    0x08002610   0x08002610   0x0000002e   Code   RO          899    .text.HAL_NVIC_SetPriority  stm32g4xx_hal_cortex.o
    0x0800263e   0x0800263e   0x00000002   PAD
    0x08002640   0x08002640   0x00000010   Code   RO          895    .text.HAL_NVIC_SetPriorityGrouping  stm32g4xx_hal_cortex.o
    0x08002650   0x08002650   0x000001b4   Code   RO          816    .text.HAL_PWREx_ControlVoltageScaling  stm32g4xx_hal_pwr_ex.o
    0x08002804   0x08002804   0x00000012   Code   RO          886    .text.HAL_PWREx_DisableUCPDDeadBattery  stm32g4xx_hal_pwr_ex.o
    0x08002816   0x08002816   0x00000002   PAD
    0x08002818   0x08002818   0x0000045a   Code   RO          530    .text.HAL_RCCEx_PeriphCLKConfig  stm32g4xx_hal_rcc_ex.o
    0x08002c72   0x08002c72   0x00000002   PAD
    0x08002c74   0x08002c74   0x00000326   Code   RO          495    .text.HAL_RCC_ClockConfig  stm32g4xx_hal_rcc.o
    0x08002f9a   0x08002f9a   0x00000002   PAD
    0x08002f9c   0x08002f9c   0x0000000c   Code   RO          503    .text.HAL_RCC_GetHCLKFreq  stm32g4xx_hal_rcc.o
    0x08002fa8   0x08002fa8   0x00000026   Code   RO          505    .text.HAL_RCC_GetPCLK1Freq  stm32g4xx_hal_rcc.o
    0x08002fce   0x08002fce   0x00000002   PAD
    0x08002fd0   0x08002fd0   0x00000026   Code   RO          507    .text.HAL_RCC_GetPCLK2Freq  stm32g4xx_hal_rcc.o
    0x08002ff6   0x08002ff6   0x00000002   PAD
    0x08002ff8   0x08002ff8   0x000000fc   Code   RO          499    .text.HAL_RCC_GetSysClockFreq  stm32g4xx_hal_rcc.o
    0x080030f4   0x080030f4   0x000007b6   Code   RO          493    .text.HAL_RCC_OscConfig  stm32g4xx_hal_rcc.o
    0x080038aa   0x080038aa   0x00000002   PAD
    0x080038ac   0x080038ac   0x00000010   Code   RO          919    .text.HAL_SYSTICK_Config  stm32g4xx_hal_cortex.o
    0x080038bc   0x080038bc   0x00000008   Code   RO         1343    .text.HAL_TIMEx_Break2Callback  stm32g4xx_hal_tim_ex.o
    0x080038c4   0x080038c4   0x00000008   Code   RO         1341    .text.HAL_TIMEx_BreakCallback  stm32g4xx_hal_tim_ex.o
    0x080038cc   0x080038cc   0x00000008   Code   RO         1337    .text.HAL_TIMEx_CommutCallback  stm32g4xx_hal_tim_ex.o
    0x080038d4   0x080038d4   0x00000130   Code   RO         1289    .text.HAL_TIMEx_ConfigBreakDeadTime  stm32g4xx_hal_tim_ex.o
    0x08003a04   0x08003a04   0x00000008   Code   RO         1347    .text.HAL_TIMEx_DirectionChangeCallback  stm32g4xx_hal_tim_ex.o
    0x08003a0c   0x08003a0c   0x00000008   Code   RO         1345    .text.HAL_TIMEx_EncoderIndexCallback  stm32g4xx_hal_tim_ex.o
    0x08003a14   0x08003a14   0x00000008   Code   RO         1349    .text.HAL_TIMEx_IndexErrorCallback  stm32g4xx_hal_tim_ex.o
    0x08003a1c   0x08003a1c   0x0000013e   Code   RO         1287    .text.HAL_TIMEx_MasterConfigSynchronization  stm32g4xx_hal_tim_ex.o
    0x08003b5a   0x08003b5a   0x00000002   PAD
    0x08003b5c   0x08003b5c   0x00000008   Code   RO         1351    .text.HAL_TIMEx_TransitionErrorCallback  stm32g4xx_hal_tim_ex.o
    0x08003b64   0x08003b64   0x000000a8   Code   RO          970    .text.HAL_TIM_Base_Init  stm32g4xx_hal_tim.o
    0x08003c0c   0x08003c0c   0x0000007c   Code   RO           67    .text.HAL_TIM_Base_MspInit  tim.o
    0x08003c88   0x08003c88   0x000000e2   Code   RO          984    .text.HAL_TIM_Base_Start_IT  stm32g4xx_hal_tim.o
    0x08003d6a   0x08003d6a   0x00000002   PAD
    0x08003d6c   0x08003d6c   0x000001d4   Code   RO         1166    .text.HAL_TIM_ConfigClockSource  stm32g4xx_hal_tim.o
    0x08003f40   0x08003f40   0x00000182   Code   RO         1579    .text.HAL_TIM_IC_CaptureCallback  led.o
    0x080040c2   0x080040c2   0x00000002   PAD
    0x080040c4   0x080040c4   0x00000130   Code   RO         1130    .text.HAL_TIM_IC_ConfigChannel  stm32g4xx_hal_tim.o
    0x080041f4   0x080041f4   0x000000a8   Code   RO         1044    .text.HAL_TIM_IC_Init  stm32g4xx_hal_tim.o
    0x0800429c   0x0800429c   0x000000d4   Code   RO           69    .text.HAL_TIM_IC_MspInit  tim.o
    0x08004370   0x08004370   0x000002f6   Code   RO         1056    .text.HAL_TIM_IC_Start_IT  stm32g4xx_hal_tim.o
    0x08004666   0x08004666   0x00000002   PAD
    0x08004668   0x08004668   0x00000300   Code   RO         1104    .text.HAL_TIM_IRQHandler  stm32g4xx_hal_tim.o
    0x08004968   0x08004968   0x00000064   Code   RO           65    .text.HAL_TIM_MspPostInit  tim.o
    0x080049cc   0x080049cc   0x00000008   Code   RO         1108    .text.HAL_TIM_OC_DelayElapsedCallback  stm32g4xx_hal_tim.o
    0x080049d4   0x080049d4   0x000001b0   Code   RO         1140    .text.HAL_TIM_PWM_ConfigChannel  stm32g4xx_hal_tim.o
    0x08004b84   0x08004b84   0x000000a8   Code   RO         1024    .text.HAL_TIM_PWM_Init  stm32g4xx_hal_tim.o
    0x08004c2c   0x08004c2c   0x00000008   Code   RO         1026    .text.HAL_TIM_PWM_MspInit  stm32g4xx_hal_tim.o
    0x08004c34   0x08004c34   0x00000008   Code   RO         1110    .text.HAL_TIM_PWM_PulseFinishedCallback  stm32g4xx_hal_tim.o
    0x08004c3c   0x08004c3c   0x0000025e   Code   RO         1032    .text.HAL_TIM_PWM_Start  stm32g4xx_hal_tim.o
    0x08004e9a   0x08004e9a   0x00000002   PAD
    0x08004e9c   0x08004e9c   0x00000028   Code   RO         1577    .text.HAL_TIM_PeriodElapsedCallback  led.o
    0x08004ec4   0x08004ec4   0x00000008   Code   RO         1114    .text.HAL_TIM_TriggerCallback  stm32g4xx_hal_tim.o
    0x08004ecc   0x08004ecc   0x0000007c   Code   RO         1534    .text.HAL_UARTEx_DisableFifoMode  stm32g4xx_hal_uart_ex.o
    0x08004f48   0x08004f48   0x000000b0   Code   RO         1544    .text.HAL_UARTEx_ReceiveToIdle_DMA  stm32g4xx_hal_uart_ex.o
    0x08004ff8   0x08004ff8   0x00000052   Code   RO         1709    .text.HAL_UARTEx_RxEventCallback  my_usart.o
    0x0800504a   0x0800504a   0x00000002   PAD
    0x0800504c   0x0800504c   0x00000008   Code   RO         1516    .text.HAL_UARTEx_RxFifoFullCallback  stm32g4xx_hal_uart_ex.o
    0x08005054   0x08005054   0x0000008c   Code   RO         1538    .text.HAL_UARTEx_SetRxFifoThreshold  stm32g4xx_hal_uart_ex.o
    0x080050e0   0x080050e0   0x0000008c   Code   RO         1536    .text.HAL_UARTEx_SetTxFifoThreshold  stm32g4xx_hal_uart_ex.o
    0x0800516c   0x0800516c   0x00000008   Code   RO         1518    .text.HAL_UARTEx_TxFifoEmptyCallback  stm32g4xx_hal_uart_ex.o
    0x08005174   0x08005174   0x00000008   Code   RO         1514    .text.HAL_UARTEx_WakeupCallback  stm32g4xx_hal_uart_ex.o
    0x0800517c   0x0800517c   0x00000008   Code   RO         1456    .text.HAL_UART_ErrorCallback  stm32g4xx_hal_uart.o
    0x08005184   0x08005184   0x00000596   Code   RO         1452    .text.HAL_UART_IRQHandler  stm32g4xx_hal_uart.o
    0x0800571a   0x0800571a   0x00000002   PAD
    0x0800571c   0x0800571c   0x000000aa   Code   RO         1364    .text.HAL_UART_Init  stm32g4xx_hal_uart.o
    0x080057c6   0x080057c6   0x00000002   PAD
    0x080057c8   0x080057c8   0x00000152   Code   RO           87    .text.HAL_UART_MspInit  usart.o
    0x0800591a   0x0800591a   0x00000002   PAD
    0x0800591c   0x0800591c   0x00000008   Code   RO         1466    .text.HAL_UART_RxCpltCallback  stm32g4xx_hal_uart.o
    0x08005924   0x08005924   0x00000008   Code   RO         1468    .text.HAL_UART_RxHalfCpltCallback  stm32g4xx_hal_uart.o
    0x0800592c   0x0800592c   0x00000108   Code   RO         1404    .text.HAL_UART_Transmit_DMA  stm32g4xx_hal_uart.o
    0x08005a34   0x08005a34   0x00000008   Code   RO         1462    .text.HAL_UART_TxCpltCallback  stm32g4xx_hal_uart.o
    0x08005a3c   0x08005a3c   0x00000008   Code   RO         1464    .text.HAL_UART_TxHalfCpltCallback  stm32g4xx_hal_uart.o
    0x08005a44   0x08005a44   0x00000004   Code   RO          103    .text.HardFault_Handler  stm32g4xx_it.o
    0x08005a48   0x08005a48   0x00000078   Code   RO         1749    .text.I2CReceiveByte  i2c_hal.o
    0x08005ac0   0x08005ac0   0x0000006c   Code   RO         1747    .text.I2CSendByte   i2c_hal.o
    0x08005b2c   0x08005b2c   0x00000036   Code   RO         1745    .text.I2CSendNotAck  i2c_hal.o
    0x08005b62   0x08005b62   0x00000002   PAD
    0x08005b64   0x08005b64   0x0000003e   Code   RO         1735    .text.I2CStart      i2c_hal.o
    0x08005ba2   0x08005ba2   0x00000002   PAD
    0x08005ba4   0x08005ba4   0x0000003e   Code   RO         1739    .text.I2CStop       i2c_hal.o
    0x08005be2   0x08005be2   0x00000002   PAD
    0x08005be4   0x08005be4   0x00000078   Code   RO         1741    .text.I2CWaitAck    i2c_hal.o
    0x08005c5c   0x08005c5c   0x00000030   Code   RO         1661    .text.LCD_BusIn     lcd.o
    0x08005c8c   0x08005c8c   0x00000032   Code   RO         1663    .text.LCD_BusOut    lcd.o
    0x08005cbe   0x08005cbe   0x00000002   PAD
    0x08005cc0   0x08005cc0   0x0000005a   Code   RO         1635    .text.LCD_Clear     lcd.o
    0x08005d1a   0x08005d1a   0x00000002   PAD
    0x08005d1c   0x08005d1c   0x000000d6   Code   RO         1623    .text.LCD_CtrlLinesConfig  lcd.o
    0x08005df2   0x08005df2   0x00000002   PAD
    0x08005df4   0x08005df4   0x0000003e   Code   RO         1645    .text.LCD_DisplayChar  lcd.o
    0x08005e32   0x08005e32   0x00000002   PAD
    0x08005e34   0x08005e34   0x00000082   Code   RO         1633    .text.LCD_DisplayStringLine  lcd.o
    0x08005eb6   0x08005eb6   0x00000002   PAD
    0x08005eb8   0x08005eb8   0x000000ae   Code   RO         1643    .text.LCD_DrawChar  lcd.o
    0x08005f66   0x08005f66   0x00000002   PAD
    0x08005f68   0x08005f68   0x00000062   Code   RO         1621    .text.LCD_Init      lcd.o
    0x08005fca   0x08005fca   0x00000002   PAD
    0x08005fcc   0x08005fcc   0x000000a8   Code   RO         1625    .text.LCD_ReadReg   lcd.o
    0x08006074   0x08006074   0x00000018   Code   RO         1629    .text.LCD_SetBackColor  lcd.o
    0x0800608c   0x0800608c   0x00000024   Code   RO         1637    .text.LCD_SetCursor  lcd.o
    0x080060b0   0x080060b0   0x00000018   Code   RO         1627    .text.LCD_SetTextColor  lcd.o
    0x080060c8   0x080060c8   0x0000006c   Code   RO         1641    .text.LCD_WriteRAM  lcd.o
    0x08006134   0x08006134   0x00000062   Code   RO         1639    .text.LCD_WriteRAM_Prepare  lcd.o
    0x08006196   0x08006196   0x00000002   PAD
    0x08006198   0x08006198   0x00000092   Code   RO         1617    .text.LCD_WriteReg  lcd.o
    0x0800622a   0x0800622a   0x00000002   PAD
    0x0800622c   0x0800622c   0x0000001c   Code   RO          282    .text.LL_ADC_Disable  stm32g4xx_hal_adc.o
    0x08006248   0x08006248   0x00000018   Code   RO          150    .text.LL_ADC_DisableDeepPowerDown  stm32g4xx_hal_adc.o
    0x08006260   0x08006260   0x0000001c   Code   RO          280    .text.LL_ADC_Enable  stm32g4xx_hal_adc.o
    0x0800627c   0x0800627c   0x0000001e   Code   RO          154    .text.LL_ADC_EnableInternalRegulator  stm32g4xx_hal_adc.o
    0x0800629a   0x0800629a   0x00000002   PAD
    0x0800629c   0x0800629c   0x00000010   Code   RO          242    .text.LL_ADC_GetCommonPathInternalCh  stm32g4xx_hal_adc.o
    0x080062ac   0x080062ac   0x00000010   Code   RO          174    .text.LL_ADC_GetMultimode  stm32g4xx_hal_adc.o
    0x080062bc   0x080062bc   0x0000001e   Code   RO          236    .text.LL_ADC_GetOffsetChannel  stm32g4xx_hal_adc.o
    0x080062da   0x080062da   0x00000002   PAD
    0x080062dc   0x080062dc   0x00000010   Code   RO          162    .text.LL_ADC_INJ_IsConversionOngoing  stm32g4xx_hal_adc.o
    0x080062ec   0x080062ec   0x0000000e   Code   RO          295    .text.LL_ADC_IsCalibrationOnGoing  stm32g4xx_hal_adc_ex.o
    0x080062fa   0x080062fa   0x00000002   PAD
    0x080062fc   0x080062fc   0x00000010   Code   RO          148    .text.LL_ADC_IsDeepPowerDownEnabled  stm32g4xx_hal_adc.o
    0x0800630c   0x0800630c   0x00000010   Code   RO          274    .text.LL_ADC_IsDisableOngoing  stm32g4xx_hal_adc.o
    0x0800631c   0x0800631c   0x00000010   Code   RO          158    .text.LL_ADC_IsEnabled  stm32g4xx_hal_adc.o
    0x0800632c   0x0800632c   0x00000010   Code   RO          307    .text.LL_ADC_IsEnabled  stm32g4xx_hal_adc_ex.o
    0x0800633c   0x0800633c   0x00000010   Code   RO          152    .text.LL_ADC_IsInternalRegulatorEnabled  stm32g4xx_hal_adc.o
    0x0800634c   0x0800634c   0x00000010   Code   RO          156    .text.LL_ADC_REG_IsConversionOngoing  stm32g4xx_hal_adc.o
    0x0800635c   0x0800635c   0x00000010   Code   RO          303    .text.LL_ADC_REG_IsConversionOngoing  stm32g4xx_hal_adc_ex.o
    0x0800636c   0x0800636c   0x0000003a   Code   RO          224    .text.LL_ADC_REG_SetSequencerRanks  stm32g4xx_hal_adc.o
    0x080063a6   0x080063a6   0x00000002   PAD
    0x080063a8   0x080063a8   0x0000001c   Code   RO          178    .text.LL_ADC_REG_StartConversion  stm32g4xx_hal_adc.o
    0x080063c4   0x080063c4   0x00000036   Code   RO          226    .text.LL_ADC_SetChannelSamplingTime  stm32g4xx_hal_adc.o
    0x080063fa   0x080063fa   0x00000002   PAD
    0x080063fc   0x080063fc   0x00000034   Code   RO          240    .text.LL_ADC_SetChannelSingleDiff  stm32g4xx_hal_adc.o
    0x08006430   0x08006430   0x0000001a   Code   RO          160    .text.LL_ADC_SetCommonClock  stm32g4xx_hal_adc.o
    0x0800644a   0x0800644a   0x00000002   PAD
    0x0800644c   0x0800644c   0x0000001a   Code   RO          244    .text.LL_ADC_SetCommonPathInternalCh  stm32g4xx_hal_adc.o
    0x08006466   0x08006466   0x00000002   PAD
    0x08006468   0x08006468   0x0000003c   Code   RO          230    .text.LL_ADC_SetOffset  stm32g4xx_hal_adc.o
    0x080064a4   0x080064a4   0x00000028   Code   RO          234    .text.LL_ADC_SetOffsetSaturation  stm32g4xx_hal_adc.o
    0x080064cc   0x080064cc   0x00000028   Code   RO          232    .text.LL_ADC_SetOffsetSign  stm32g4xx_hal_adc.o
    0x080064f4   0x080064f4   0x00000028   Code   RO          238    .text.LL_ADC_SetOffsetState  stm32g4xx_hal_adc.o
    0x0800651c   0x0800651c   0x0000001a   Code   RO          228    .text.LL_ADC_SetSamplingTimeCommonConfig  stm32g4xx_hal_adc.o
    0x08006536   0x08006536   0x00000002   PAD
    0x08006538   0x08006538   0x00000028   Code   RO          293    .text.LL_ADC_StartCalibration  stm32g4xx_hal_adc_ex.o
    0x08006560   0x08006560   0x000000bc   Code   RO           33    .text.MX_ADC1_Init  adc.o
    0x0800661c   0x0800661c   0x000000c8   Code   RO           35    .text.MX_ADC2_Init  adc.o
    0x080066e4   0x080066e4   0x0000006a   Code   RO           51    .text.MX_DMA_Init   dma.o
    0x0800674e   0x0800674e   0x00000002   PAD
    0x08006750   0x08006750   0x00000164   Code   RO           25    .text.MX_GPIO_Init  gpio.o
    0x080068b4   0x080068b4   0x000000d0   Code   RO           63    .text.MX_TIM16_Init  tim.o
    0x08006984   0x08006984   0x00000084   Code   RO           59    .text.MX_TIM2_Init  tim.o
    0x08006a08   0x08006a08   0x000000a6   Code   RO           61    .text.MX_TIM3_Init  tim.o
    0x08006aae   0x08006aae   0x00000002   PAD
    0x08006ab0   0x08006ab0   0x0000008e   Code   RO           85    .text.MX_USART1_UART_Init  usart.o
    0x08006b3e   0x08006b3e   0x00000002   PAD
    0x08006b40   0x08006b40   0x00000004   Code   RO          105    .text.MemManage_Handler  stm32g4xx_it.o
    0x08006b44   0x08006b44   0x00000004   Code   RO          101    .text.NMI_Handler   stm32g4xx_it.o
    0x08006b48   0x08006b48   0x0000006c   Code   RO          905    .text.NVIC_EncodePriority  stm32g4xx_hal_cortex.o
    0x08006bb4   0x08006bb4   0x00000002   Code   RO          115    .text.PendSV_Handler  stm32g4xx_it.o
    0x08006bb6   0x08006bb6   0x00000002   PAD
    0x08006bb8   0x08006bb8   0x0000009c   Code   RO          497    .text.RCC_GetSysClockFreqFromPLLSource  stm32g4xx_hal_rcc.o
    0x08006c54   0x08006c54   0x0000011e   Code   RO         1615    .text.REG_8230_Init  lcd.o
    0x08006d72   0x08006d72   0x00000002   PAD
    0x08006d74   0x08006d74   0x0000021c   Code   RO         1619    .text.REG_932X_Init  lcd.o
    0x08006f90   0x08006f90   0x00000036   Code   RO         1731    .text.SCL_Output    i2c_hal.o
    0x08006fc6   0x08006fc6   0x00000002   PAD
    0x08006fc8   0x08006fc8   0x00000030   Code   RO         1733    .text.SDA_Input     i2c_hal.o
    0x08006ff8   0x08006ff8   0x00000030   Code   RO         1725    .text.SDA_Input_Mode  i2c_hal.o
    0x08007028   0x08007028   0x00000036   Code   RO         1729    .text.SDA_Output    i2c_hal.o
    0x0800705e   0x0800705e   0x00000002   PAD
    0x08007060   0x08007060   0x00000030   Code   RO         1727    .text.SDA_Output_Mode  i2c_hal.o
    0x08007090   0x08007090   0x00000002   Code   RO          111    .text.SVC_Handler   stm32g4xx_it.o
    0x08007092   0x08007092   0x00000002   PAD
    0x08007094   0x08007094   0x00000052   Code   RO          921    .text.SysTick_Config  stm32g4xx_hal_cortex.o
    0x080070e6   0x080070e6   0x00000002   PAD
    0x080070e8   0x080070e8   0x00000008   Code   RO          117    .text.SysTick_Handler  stm32g4xx_it.o
    0x080070f0   0x080070f0   0x00000076   Code   RO           13    .text.SystemClock_Config  main.o
    0x08007166   0x08007166   0x00000002   PAD
    0x08007168   0x08007168   0x00000012   Code   RO         1557    .text.SystemInit    system_stm32g4xx.o
    0x0800717a   0x0800717a   0x00000002   PAD
    0x0800717c   0x0800717c   0x00000010   Code   RO          123    .text.TIM2_IRQHandler  stm32g4xx_it.o
    0x0800718c   0x0800718c   0x00000010   Code   RO          125    .text.TIM3_IRQHandler  stm32g4xx_it.o
    0x0800719c   0x0800719c   0x00000196   Code   RO          974    .text.TIM_Base_SetConfig  stm32g4xx_hal_tim.o
    0x08007332   0x08007332   0x00000002   PAD
    0x08007334   0x08007334   0x00000036   Code   RO         1008    .text.TIM_CCxChannelCmd  stm32g4xx_hal_tim.o
    0x0800736a   0x0800736a   0x00000002   PAD
    0x0800736c   0x0800736c   0x00000034   Code   RO         1164    .text.TIM_ETR_SetConfig  stm32g4xx_hal_tim.o
    0x080073a0   0x080073a0   0x00000030   Code   RO         1170    .text.TIM_ITRx_SetConfig  stm32g4xx_hal_tim.o
    0x080073d0   0x080073d0   0x00000154   Code   RO         1118    .text.TIM_OC1_SetConfig  stm32g4xx_hal_tim.o
    0x08007524   0x08007524   0x00000170   Code   RO         1120    .text.TIM_OC2_SetConfig  stm32g4xx_hal_tim.o
    0x08007694   0x08007694   0x0000016e   Code   RO         1122    .text.TIM_OC3_SetConfig  stm32g4xx_hal_tim.o
    0x08007802   0x08007802   0x00000002   PAD
    0x08007804   0x08007804   0x00000170   Code   RO         1124    .text.TIM_OC4_SetConfig  stm32g4xx_hal_tim.o
    0x08007974   0x08007974   0x000000d2   Code   RO         1126    .text.TIM_OC5_SetConfig  stm32g4xx_hal_tim.o
    0x08007a46   0x08007a46   0x00000002   PAD
    0x08007a48   0x08007a48   0x000000d4   Code   RO         1128    .text.TIM_OC6_SetConfig  stm32g4xx_hal_tim.o
    0x08007b1c   0x08007b1c   0x00000050   Code   RO         1168    .text.TIM_TI1_ConfigInputStage  stm32g4xx_hal_tim.o
    0x08007b6c   0x08007b6c   0x000000f0   Code   RO         1132    .text.TIM_TI1_SetConfig  stm32g4xx_hal_tim.o
    0x08007c5c   0x08007c5c   0x00000052   Code   RO         1172    .text.TIM_TI2_ConfigInputStage  stm32g4xx_hal_tim.o
    0x08007cae   0x08007cae   0x00000002   PAD
    0x08007cb0   0x08007cb0   0x0000006c   Code   RO         1134    .text.TIM_TI2_SetConfig  stm32g4xx_hal_tim.o
    0x08007d1c   0x08007d1c   0x0000006a   Code   RO         1136    .text.TIM_TI3_SetConfig  stm32g4xx_hal_tim.o
    0x08007d86   0x08007d86   0x00000002   PAD
    0x08007d88   0x08007d88   0x0000006c   Code   RO         1138    .text.TIM_TI4_SetConfig  stm32g4xx_hal_tim.o
    0x08007df4   0x08007df4   0x00000086   Code   RO         1532    .text.UARTEx_SetNbDataToProcess  stm32g4xx_hal_uart_ex.o
    0x08007e7a   0x08007e7a   0x00000002   PAD
    0x08007e7c   0x08007e7c   0x00000148   Code   RO         1368    .text.UART_AdvFeatureConfig  stm32g4xx_hal_uart.o
    0x08007fc4   0x08007fc4   0x00000146   Code   RO         1372    .text.UART_CheckIdleState  stm32g4xx_hal_uart.o
    0x0800810a   0x0800810a   0x00000002   PAD
    0x0800810c   0x0800810c   0x0000001e   Code   RO         1454    .text.UART_DMAAbortOnError  stm32g4xx_hal_uart.o
    0x0800812a   0x0800812a   0x00000002   PAD
    0x0800812c   0x0800812c   0x00000080   Code   RO         1410    .text.UART_DMAError  stm32g4xx_hal_uart.o
    0x080081ac   0x080081ac   0x000000f8   Code   RO         1500    .text.UART_DMAReceiveCplt  stm32g4xx_hal_uart.o
    0x080082a4   0x080082a4   0x00000036   Code   RO         1502    .text.UART_DMARxHalfCplt  stm32g4xx_hal_uart.o
    0x080082da   0x080082da   0x00000002   PAD
    0x080082dc   0x080082dc   0x0000007c   Code   RO         1406    .text.UART_DMATransmitCplt  stm32g4xx_hal_uart.o
    0x08008358   0x08008358   0x00000016   Code   RO         1408    .text.UART_DMATxHalfCplt  stm32g4xx_hal_uart.o
    0x0800836e   0x0800836e   0x00000002   PAD
    0x08008370   0x08008370   0x0000009e   Code   RO         1424    .text.UART_EndRxTransfer  stm32g4xx_hal_uart.o
    0x0800840e   0x0800840e   0x00000002   PAD
    0x08008410   0x08008410   0x00000044   Code   RO         1460    .text.UART_EndTransmit_IT  stm32g4xx_hal_uart.o
    0x08008454   0x08008454   0x0000005c   Code   RO         1422    .text.UART_EndTxTransfer  stm32g4xx_hal_uart.o
    0x080084b0   0x080084b0   0x00000570   Code   RO         1370    .text.UART_SetConfig  stm32g4xx_hal_uart.o
    0x08008a20   0x08008a20   0x0000012e   Code   RO         1414    .text.UART_Start_Receive_DMA  stm32g4xx_hal_uart.o
    0x08008b4e   0x08008b4e   0x00000002   PAD
    0x08008b50   0x08008b50   0x0000010c   Code   RO         1386    .text.UART_WaitOnFlagUntilTimeout  stm32g4xx_hal_uart.o
    0x08008c5c   0x08008c5c   0x00000010   Code   RO          127    .text.USART1_IRQHandler  stm32g4xx_it.o
    0x08008c6c   0x08008c6c   0x00000004   Code   RO          109    .text.UsageFault_Handler  stm32g4xx_it.o
    0x08008c70   0x08008c70   0x00000030   Code   RO          909    .text.__NVIC_EnableIRQ  stm32g4xx_hal_cortex.o
    0x08008ca0   0x08008ca0   0x00000010   Code   RO          901    .text.__NVIC_GetPriorityGrouping  stm32g4xx_hal_cortex.o
    0x08008cb0   0x08008cb0   0x00000042   Code   RO          903    .text.__NVIC_SetPriority  stm32g4xx_hal_cortex.o
    0x08008cf2   0x08008cf2   0x00000002   PAD
    0x08008cf4   0x08008cf4   0x0000003c   Code   RO          897    .text.__NVIC_SetPriorityGrouping  stm32g4xx_hal_cortex.o
    0x08008d30   0x08008d30   0x000000e6   Code   RO         1687    .text.data_show     show.o
    0x08008e16   0x08008e16   0x00000002   PAD
    0x08008e18   0x08008e18   0x00000022   Code   RO         1737    .text.delay1        i2c_hal.o
    0x08008e3a   0x08008e3a   0x00000002   PAD
    0x08008e3c   0x08008e3c   0x00000048   Code   RO         1759    .text.eeprom_read   i2c_hal.o
    0x08008e84   0x08008e84   0x00000040   Code   RO         1757    .text.eeprom_write  i2c_hal.o
    0x08008ec4   0x08008ec4   0x00000004   PAD
    0x08008ec8   0x08008ec8   0x000000b0   Code   RO         1575    .text.get_many_vol  led.o
    0x08008f78   0x08008f78   0x00000060   Code   RO         1573    .text.get_vol       led.o
    0x08008fd8   0x08008fd8   0x000001bc   Code   RO         1596    .text.key_scan      key.o
    0x08009194   0x08009194   0x0000003e   Code   RO         1693    .text.lcd_show      show.o
    0x080091d2   0x080091d2   0x00000002   PAD
    0x080091d4   0x080091d4   0x00000074   Code   RO         1571    .text.led_show      led.o
    0x08009248   0x08009248   0x00000100   Code   RO           11    .text.main          main.o
    0x08009348   0x08009348   0x0000002a   Code   RO         1753    .text.mcp4017_write  i2c_hal.o
    0x08009372   0x08009372   0x00000002   PAD
    0x08009374   0x08009374   0x0000007c   Code   RO         1689    .text.para_show     show.o
    0x080093f0   0x080093f0   0x00000026   Code   RO         1691    .text.rec_show      show.o
    0x08009416   0x08009416   0x00000002   PAD
    0x08009418   0x08009418   0x00000256   Code   RO         1711    .text.rx_handle     my_usart.o
    0x0800966e   0x0800966e   0x00000002   PAD
    0x08009670   0x08009670   0x00000028   Code   RO         1781    i.__0sprintf        mc_w.l(printfa.o)
    0x08009698   0x08009698   0x0000000e   Code   RO         1863    i.__scatterload_copy  mc_w.l(handlers.o)
    0x080096a6   0x080096a6   0x00000002   Code   RO         1864    i.__scatterload_null  mc_w.l(handlers.o)
    0x080096a8   0x080096a8   0x0000000e   Code   RO         1865    i.__scatterload_zeroinit  mc_w.l(handlers.o)
    0x080096b6   0x080096b6   0x00000002   PAD
    0x080096b8   0x080096b8   0x00000184   Code   RO         1786    i._fp_digits        mc_w.l(printfa.o)
    0x0800983c   0x0800983c   0x000006dc   Code   RO         1787    i._printf_core      mc_w.l(printfa.o)
    0x08009f18   0x08009f18   0x00000024   Code   RO         1788    i._printf_post_padding  mc_w.l(printfa.o)
    0x08009f3c   0x08009f3c   0x0000002e   Code   RO         1789    i._printf_pre_padding  mc_w.l(printfa.o)
    0x08009f6a   0x08009f6a   0x0000000a   Code   RO         1791    i._sputc            mc_w.l(printfa.o)
    0x08009f74   0x08009f74   0x00000010   Data   RO         1562    .rodata.AHBPrescTable  system_stm32g4xx.o
    0x08009f84   0x08009f84   0x00000008   Data   RO         1563    .rodata.APBPrescTable  system_stm32g4xx.o
    0x08009f8c   0x08009f8c   0x000011d0   Data   RO         1675    .rodata.ASCII_Table  lcd.o
    0x0800b15c   0x0800b15c   0x00000008   Data   RO         1549    .rodata.UARTEx_SetNbDataToProcess.denominator  stm32g4xx_hal_uart_ex.o
    0x0800b164   0x0800b164   0x00000008   Data   RO         1548    .rodata.UARTEx_SetNbDataToProcess.numerator  stm32g4xx_hal_uart_ex.o
    0x0800b16c   0x0800b16c   0x00000018   Data   RO         1504    .rodata.UARTPrescTable  stm32g4xx_hal_uart.o
    0x0800b184   0x0800b184   0x000000d7   Data   RO         1698    .rodata.str1.1      show.o
    0x0800b25b   0x0800b25b   0x0000003a   Data   RO         1716    .rodata.str1.1      my_usart.o
    0x0800b295   0x0800b295   0x00000003   PAD
    0x0800b298   0x0800b298   0x00000020   Data   RO         1862    Region$$Table       anon$$obj.o


    Execution Region RW_IRAM1 (Exec base: 0x20000000, Load base: 0x0800b2b8, Size: 0x00000868, Max: 0x00008000, ABSOLUTE)

    Exec Addr    Load Addr    Size         Type   Attr      Idx    E Section Name        Object

    0x20000000   0x0800b2b8   0x00000001   Data   RW         1598    .data.B1_last_state  key.o
    0x20000001   0x0800b2b9   0x00000001   Data   RW         1599    .data.B2_last_state  key.o
    0x20000002   0x0800b2ba   0x00000001   Data   RW         1600    .data.B3_last_state  key.o
    0x20000003   0x0800b2bb   0x00000001   Data   RW         1601    .data.B4_last_state  key.o
    0x20000004   0x0800b2bc   0x00000002   Data   RW         1678    .data.BackColor     lcd.o
    0x20000006   0x0800b2be   0x00000002   PAD
    0x20000008   0x0800b2c0   0x00000004   Data   RW         1561    .data.SystemCoreClock  system_stm32g4xx.o
    0x2000000c   0x0800b2c4   0x00000001   Data   RW         1695    .data.X             show.o
    0x2000000d   0x0800b2c5   0x00000001   Data   RW         1696    .data.Y             show.o
    0x2000000e   0x0800b2c6   0x00000002   PAD
    0x20000010   0x0800b2c8   0x00000004   Data   RW          482    .data.uwTickFreq    stm32g4xx_hal.o
    0x20000014   0x0800b2cc   0x00000004   Data   RW          481    .data.uwTickPrio    stm32g4xx_hal.o
    0x20000018        -       0x00000001   Zero   RW         1602    .bss.B1_state       key.o
    0x20000019        -       0x00000001   Zero   RW         1603    .bss.B2_state       key.o
    0x2000001a        -       0x00000001   Zero   RW         1604    .bss.B3_state       key.o
    0x2000001b        -       0x00000001   Zero   RW         1605    .bss.B4_state       key.o
    0x2000001c        -       0x00000004   Zero   RW           43    .bss.HAL_RCC_ADC12_CLK_ENABLED  adc.o
    0x20000020        -       0x00000001   Zero   RW         1581    .bss.LED1_state     led.o
    0x20000021   0x0800b2d0   0x00000007   PAD
    0x20000028        -       0x00000008   Zero   RW         1701    .bss.PA1            show.o
    0x20000030        -       0x00000008   Zero   RW         1699    .bss.PA4            show.o
    0x20000038        -       0x00000008   Zero   RW         1700    .bss.PA5            show.o
    0x20000040        -       0x00000002   Zero   RW         1587    .bss.PA6_F          led.o
    0x20000042        -       0x00000002   Zero   RW         1584    .bss.R39_F          led.o
    0x20000044        -       0x00000002   Zero   RW         1677    .bss.TextColor      lcd.o
    0x20000046   0x0800b2d0   0x00000002   PAD
    0x20000048        -       0x00000010   Zero   RW         1588    .bss.data           led.o
    0x20000058        -       0x00000002   Zero   RW         1676    .bss.dummy          lcd.o
    0x2000005a   0x0800b2d0   0x00000002   PAD
    0x2000005c        -       0x0000006c   Zero   RW           41    .bss.hadc1          adc.o
    0x200000c8        -       0x0000006c   Zero   RW           42    .bss.hadc2          adc.o
    0x20000134        -       0x00000060   Zero   RW           92    .bss.hdma_usart1_rx  usart.o
    0x20000194        -       0x00000060   Zero   RW           93    .bss.hdma_usart1_tx  usart.o
    0x200001f4        -       0x0000004c   Zero   RW           77    .bss.htim16         tim.o
    0x20000240        -       0x0000004c   Zero   RW           75    .bss.htim2          tim.o
    0x2000028c        -       0x0000004c   Zero   RW           76    .bss.htim3          tim.o
    0x200002d8        -       0x00000094   Zero   RW           91    .bss.huart1         usart.o
    0x2000036c        -       0x00000064   Zero   RW         1715    .bss.rx_buff        my_usart.o
    0x200003d0        -       0x00000001   Zero   RW         1713    .bss.rx_flag        my_usart.o
    0x200003d1        -       0x00000001   Zero   RW         1714    .bss.rx_size        my_usart.o
    0x200003d2        -       0x00000064   Zero   RW         1717    .bss.send_buff      my_usart.o
    0x20000436        -       0x00000001   Zero   RW         1606    .bss.show_switch    key.o
    0x20000437        -       0x00000001   Zero   RW         1582    .bss.state1         led.o
    0x20000438        -       0x00000001   Zero   RW         1585    .bss.state2         led.o
    0x20000439        -       0x0000001e   Zero   RW         1697    .bss.text           show.o
    0x20000457   0x0800b2d0   0x00000001   PAD
    0x20000458        -       0x00000004   Zero   RW         1583    .bss.tim1           led.o
    0x2000045c        -       0x00000004   Zero   RW         1586    .bss.tim2           led.o
    0x20000460        -       0x00000004   Zero   RW          483    .bss.uwTick         stm32g4xx_hal.o
    0x20000464   0x0800b2d0   0x00000004   PAD
    0x20000468        -       0x00000400   Zero   RW            1    STACK               startup_stm32g431xx.o


==============================================================================

Image component sizes


      Code (inc. data)   RO Data    RW Data    ZI Data      Debug   Object Name

       728          0          0          0        220       7642   adc.o
       106          0          0          0          0       3233   dma.o
       356          0          0          0          0       2414   gpio.o
       990          0          0          0          0       3704   i2c_hal.o
       444          0          0          4          5       1407   key.o
      2378          0       4560          2          4       8411   lcd.o
       814         32          0          0         31       7660   led.o
       388          0          0          0          0       2843   main.o
       680          0         58          0        202       4681   my_usart.o
       454          0        215          2         54       1308   show.o
        36          8        472          0       1024        824   startup_stm32g431xx.o
       288          0          0          8          4       8390   stm32g4xx_hal.o
      4476          0          0          0          0      21910   stm32g4xx_hal_adc.o
       684          0          0          0          0      19337   stm32g4xx_hal_adc_ex.o
       478          0          0          0          0       9347   stm32g4xx_hal_cortex.o
      1572          0          0          0          0       7718   stm32g4xx_hal_dma.o
       962          0          0          0          0       5274   stm32g4xx_hal_gpio.o
        72          0          0          0          0       1612   stm32g4xx_hal_msp.o
       454          0          0          0          0       7765   stm32g4xx_hal_pwr_ex.o
      3276          0          0          0          0       9353   stm32g4xx_hal_rcc.o
      1114          0          0          0          0      10872   stm32g4xx_hal_rcc_ex.o
      7246         36          0          0          0      37656   stm32g4xx_hal_tim.o
       678          0          0          0          0      21537   stm32g4xx_hal_tim_ex.o
      5444         48         24          0          0      27205   stm32g4xx_hal_uart.o
       738          0         16          0          0       8825   stm32g4xx_hal_uart_ex.o
       114          0          0          0          0       1487   stm32g4xx_it.o
        18          0         24          4          0       2663   system_stm32g4xx.o
       942          0          0          0        228      10107   tim.o
       480          0          0          0        340       8305   usart.o

    ----------------------------------------------------------------------
     36572        124       5404         24       2128     263490   Object Totals
         0          0         32          0          0          0   (incl. Generated)
       162          0          3          4         16          0   (incl. Padding)

    ----------------------------------------------------------------------

      Code (inc. data)   RO Data    RW Data    ZI Data      Debug   Library Member Name

         0          0          0          0          0          0   entry.o
         0          0          0          0          0          0   entry10a.o
         0          0          0          0          0          0   entry11a.o
         8          4          0          0          0          0   entry2.o
         4          0          0          0          0          0   entry5.o
         0          0          0          0          0          0   entry7b.o
         0          0          0          0          0          0   entry8b.o
         8          4          0          0          0          0   entry9a.o
        30          0          0          0          0          0   handlers.o
        36          8          0          0          0         68   init.o
         0          0          0          0          0          0   iusefp.o
        30          0          0          0          0         68   llshl.o
        36          0          0          0          0         68   llsshr.o
        32          0          0          0          0         68   llushr.o
        36          0          0          0          0        108   memseta.o
      2276         86          0          0          0        520   printfa.o
        28          0          0          0          0         76   strcmp.o
        14          0          0          0          0         68   strlen.o
        44          0          0          0          0         80   uidiv.o
        98          0          0          0          0         92   uldiv.o
        48          0          0          0          0         68   cdrcmple.o
       334          0          0          0          0        148   dadd.o
       222          0          0          0          0        100   ddiv.o
       186          0          0          0          0        176   depilogue.o
        48          0          0          0          0         68   dfixul.o
        26          0          0          0          0         76   dfltui.o
       228          0          0          0          0         96   dmul.o

    ----------------------------------------------------------------------
      3776        102          0          0          0       1948   Library Totals
         4          0          0          0          0          0   (incl. Padding)

    ----------------------------------------------------------------------

      Code (inc. data)   RO Data    RW Data    ZI Data      Debug   Library Name

      2680        102          0          0          0       1216   mc_w.l
      1092          0          0          0          0        732   mf_w.l

    ----------------------------------------------------------------------
      3776        102          0          0          0       1948   Library Totals

    ----------------------------------------------------------------------

==============================================================================


      Code (inc. data)   RO Data    RW Data    ZI Data      Debug   

     40348        226       5404         24       2128     264114   Grand Totals
     40348        226       5404         24       2128     264114   ELF Image Totals
     40348        226       5404         24          0          0   ROM Totals

==============================================================================

    Total RO  Size (Code + RO Data)                45752 (  44.68kB)
    Total RW  Size (RW Data + ZI Data)              2152 (   2.10kB)
    Total ROM Size (Code + RO Data + RW Data)      45776 (  44.70kB)

==============================================================================

